---
version: 1
interactions:
- request:
    body: '{"region":"us-west","type":"g6-nanode-1","label":"go-test-ins-1j3wyr767yj7","root_pass":"R34lBAdP455","image":"linode/debian9","booted":false}'
    form: {}
    headers:
      Accept:
      - application/json
      Content-Type:
      - application/json
      User-Agent:
      - linodego/dev https://github.com/linode/linodego
    url: https://api.linode.com/v4beta/linode/instances
    method: POST
  response:
    body: '{"id": 39240480, "label": "go-test-ins-1j3wyr767yj7", "group": "", "status":
      "provisioning", "created": "2018-01-02T03:04:05", "updated": "2018-01-02T03:04:05",
      "type": "g6-nanode-1", "ipv4": ["45.79.71.201"], "ipv6": "1234::5678/128",
      "image": "linode/debian9", "region": "us-west", "specs": {"disk": 25600, "memory":
      1024, "vcpus": 1, "gpus": 0, "transfer": 1000}, "alerts": {"cpu": 90, "network_in":
      10, "network_out": 10, "transfer_quota": 80, "io": 10000}, "backups": {"enabled":
      false, "schedule": {"day": null, "window": null}, "last_successful": null},
      "hypervisor": "kvm", "watchdog_enabled": true, "tags": []}'
    headers:
      Access-Control-Allow-Credentials:
      - "true"
      Access-Control-Allow-Headers:
      - Authorization, Origin, X-Requested-With, Content-Type, Accept, X-Filter
      Access-Control-Allow-Methods:
      - HEAD, GET, OPTIONS, POST, PUT, DELETE
      Access-Control-Allow-Origin:
      - '*'
      Access-Control-Expose-Headers:
      - X-OAuth-Scopes, X-Accepted-OAuth-Scopes, X-Status
      Cache-Control:
      - private, max-age=60, s-maxage=60
      Content-Length:
      - "639"
      Content-Security-Policy:
      - default-src 'none'
      Content-Type:
      - application/json
      Server:
      - nginx
      Strict-Transport-Security:
      - max-age=31536000
      Vary:
      - Authorization, X-Filter
      X-Accepted-Oauth-Scopes:
      - linodes:read_write
      X-Content-Type-Options:
      - nosniff
      X-Frame-Options:
      - DENY
      - DENY
      X-Oauth-Scopes:
      - '*'
      X-Ratelimit-Limit:
      - "10"
      X-Xss-Protection:
      - 1; mode=block
    status: 200 OK
    code: 200
    duration: ""
- request:
    body: '{"label":"linodego-fw-test","rules":{"inbound":[{"action":"ACCEPT","label":"go-fwrule-test","ports":"22","protocol":"TCP","addresses":{"ipv4":["0.0.0.0/0"],"ipv6":["1234::5678/0"]}}],"inbound_policy":"ACCEPT","outbound":[{"action":"ACCEPT","label":"go-fwrule-test","ports":"22","protocol":"TCP","addresses":{"ipv4":["0.0.0.0/0"],"ipv6":["1234::5678/0"]}}],"outbound_policy":"ACCEPT"},"tags":["testing"],"devices":{}}'
    form: {}
    headers:
      Accept:
      - application/json
      Content-Type:
      - application/json
      User-Agent:
      - linodego/dev https://github.com/linode/linodego
    url: https://api.linode.com/v4beta/networking/firewalls
    method: POST
  response:
    body: '{"id": 89717, "label": "linodego-fw-test", "created": "2018-01-02T03:04:05",
      "updated": "2018-01-02T03:04:05", "status": "enabled", "rules": {"inbound":
      [{"action": "ACCEPT", "label": "go-fwrule-test", "ports": "22", "protocol":
      "TCP", "addresses": {"ipv4": ["0.0.0.0/0"], "ipv6": ["1234::5678/0"]}}], "inbound_policy":
      "ACCEPT", "outbound": [{"action": "ACCEPT", "label": "go-fwrule-test", "ports":
      "22", "protocol": "TCP", "addresses": {"ipv4": ["0.0.0.0/0"], "ipv6": ["1234::5678/0"]}}],
      "outbound_policy": "ACCEPT"}, "tags": ["testing"]}'
    headers:
      Access-Control-Allow-Credentials:
      - "true"
      Access-Control-Allow-Headers:
      - Authorization, Origin, X-Requested-With, Content-Type, Accept, X-Filter
      Access-Control-Allow-Methods:
      - HEAD, GET, OPTIONS, POST, PUT, DELETE
      Access-Control-Allow-Origin:
      - '*'
      Access-Control-Expose-Headers:
      - X-OAuth-Scopes, X-Accepted-OAuth-Scopes, X-Status
      Cache-Control:
      - private, max-age=60, s-maxage=60
      Content-Length:
      - "525"
      Content-Security-Policy:
      - default-src 'none'
      Content-Type:
      - application/json
      Server:
      - nginx
      Strict-Transport-Security:
      - max-age=31536000
      Vary:
      - Authorization, X-Filter
      X-Accepted-Oauth-Scopes:
      - firewall:read_write
      X-Content-Type-Options:
      - nosniff
      X-Frame-Options:
      - DENY
      - DENY
      X-Oauth-Scopes:
      - '*'
      X-Ratelimit-Limit:
      - "800"
      X-Xss-Protection:
      - 1; mode=block
    status: 200 OK
    code: 200
    duration: ""
- request:
    body: '{"id":39240480,"type":"linode"}'
    form: {}
    headers:
      Accept:
      - application/json
      Content-Type:
      - application/json
      User-Agent:
      - linodego/dev https://github.com/linode/linodego
    url: https://api.linode.com/v4beta/networking/firewalls/89717/devices
    method: POST
  response:
    body: '{"id": 170442, "created": "2018-01-02T03:04:05", "updated": "2018-01-02T03:04:05",
      "entity": {"id": 39240480, "type": "linode", "label": "go-test-ins-1j3wyr767yj7",
      "url": "/v4/linode/instances/39240480"}}'
    headers:
      Access-Control-Allow-Credentials:
      - "true"
      Access-Control-Allow-Headers:
      - Authorization, Origin, X-Requested-With, Content-Type, Accept, X-Filter
      Access-Control-Allow-Methods:
      - HEAD, GET, OPTIONS, POST, PUT, DELETE
      Access-Control-Allow-Origin:
      - '*'
      Access-Control-Expose-Headers:
      - X-OAuth-Scopes, X-Accepted-OAuth-Scopes, X-Status
      Cache-Control:
      - private, max-age=60, s-maxage=60
      Content-Length:
      - "205"
      Content-Security-Policy:
      - default-src 'none'
      Content-Type:
      - application/json
      Server:
      - nginx
      Strict-Transport-Security:
      - max-age=31536000
      Vary:
      - Authorization, X-Filter
      X-Accepted-Oauth-Scopes:
      - firewall:read_write
      X-Content-Type-Options:
      - nosniff
      X-Frame-Options:
      - DENY
      - DENY
      X-Oauth-Scopes:
      - '*'
      X-Ratelimit-Limit:
      - "800"
      X-Xss-Protection:
      - 1; mode=block
    status: 200 OK
    code: 200
    duration: ""
- request:
    body: ""
    form: {}
    headers:
      Accept:
      - application/json
      Content-Type:
      - application/json
      User-Agent:
      - linodego/dev https://github.com/linode/linodego
    url: https://api.linode.com/v4beta/networking/firewalls/89717/devices/170442
    method: DELETE
  response:
    body: '{}'
    headers:
      Access-Control-Allow-Credentials:
      - "true"
      Access-Control-Allow-Headers:
      - Authorization, Origin, X-Requested-With, Content-Type, Accept, X-Filter
      Access-Control-Allow-Methods:
      - HEAD, GET, OPTIONS, POST, PUT, DELETE
      Access-Control-Allow-Origin:
      - '*'
      Access-Control-Expose-Headers:
      - X-OAuth-Scopes, X-Accepted-OAuth-Scopes, X-Status
      Cache-Control:
      - private, max-age=60, s-maxage=60
      Content-Length:
      - "2"
      Content-Security-Policy:
      - default-src 'none'
      Content-Type:
      - application/json
      Server:
      - nginx
      Strict-Transport-Security:
      - max-age=31536000
      Vary:
      - Authorization, X-Filter
      X-Accepted-Oauth-Scopes:
      - firewall:read_write
      X-Content-Type-Options:
      - nosniff
      X-Frame-Options:
      - DENY
      - DENY
      X-Oauth-Scopes:
      - '*'
      X-Ratelimit-Limit:
      - "800"
      X-Xss-Protection:
      - 1; mode=block
    status: 200 OK
    code: 200
    duration: ""
- request:
    body: ""
    form: {}
    headers:
      Accept:
      - application/json
      Content-Type:
      - application/json
      User-Agent:
      - linodego/dev https://github.com/linode/linodego
    url: https://api.linode.com/v4beta/networking/firewalls/89717/devices/170442
    method: GET
  response:
    body: '{"errors": [{"reason": "Not found"}]}'
    headers:
      Access-Control-Allow-Headers:
      - Authorization, Origin, X-Requested-With, Content-Type, Accept, X-Filter
      Access-Control-Allow-Methods:
      - HEAD, GET, OPTIONS, POST, PUT, DELETE
      Access-Control-Allow-Origin:
      - '*'
      Cache-Control:
      - private, max-age=0, s-maxage=0, no-cache, no-store
      Content-Length:
      - "37"
      Content-Type:
      - application/json
      Server:
      - nginx
      Vary:
      - Authorization, X-Filter
      X-Accepted-Oauth-Scopes:
      - firewall:read_only
      X-Frame-Options:
      - DENY
      X-Oauth-Scopes:
      - '*'
      X-Ratelimit-Limit:
      - "800"
    status: 404 Not Found
    code: 404
    duration: ""
- request:
    body: ""
    form: {}
    headers:
      Accept:
      - application/json
      Content-Type:
      - application/json
      User-Agent:
      - linodego/dev https://github.com/linode/linodego
    url: https://api.linode.com/v4beta/networking/firewalls/89717
    method: DELETE
  response:
    body: '{}'
    headers:
      Access-Control-Allow-Credentials:
      - "true"
      Access-Control-Allow-Headers:
      - Authorization, Origin, X-Requested-With, Content-Type, Accept, X-Filter
      Access-Control-Allow-Methods:
      - HEAD, GET, OPTIONS, POST, PUT, DELETE
      Access-Control-Allow-Origin:
      - '*'
      Access-Control-Expose-Headers:
      - X-OAuth-Scopes, X-Accepted-OAuth-Scopes, X-Status
      Cache-Control:
      - private, max-age=60, s-maxage=60
      Content-Length:
      - "2"
      Content-Security-Policy:
      - default-src 'none'
      Content-Type:
      - application/json
      Server:
      - nginx
      Strict-Transport-Security:
      - max-age=31536000
      Vary:
      - Authorization, X-Filter
      X-Accepted-Oauth-Scopes:
      - firewall:read_write
      X-Content-Type-Options:
      - nosniff
      X-Frame-Options:
      - DENY
      - DENY
      X-Oauth-Scopes:
      - '*'
      X-Ratelimit-Limit:
      - "800"
      X-Xss-Protection:
      - 1; mode=block
    status: 200 OK
    code: 200
    duration: ""
- request:
    body: ""
    form: {}
    headers:
      Accept:
      - application/json
      Content-Type:
      - application/json
      User-Agent:
      - linodego/dev https://github.com/linode/linodego
    url: https://api.linode.com/v4beta/linode/instances/39240480
    method: DELETE
  response:
    body: '{}'
    headers:
      Access-Control-Allow-Credentials:
      - "true"
      Access-Control-Allow-Headers:
      - Authorization, Origin, X-Requested-With, Content-Type, Accept, X-Filter
      Access-Control-Allow-Methods:
      - HEAD, GET, OPTIONS, POST, PUT, DELETE
      Access-Control-Allow-Origin:
      - '*'
      Access-Control-Expose-Headers:
      - X-OAuth-Scopes, X-Accepted-OAuth-Scopes, X-Status
      Cache-Control:
      - private, max-age=60, s-maxage=60
      Content-Length:
      - "2"
      Content-Security-Policy:
      - default-src 'none'
      Content-Type:
      - application/json
      Server:
      - nginx
      Strict-Transport-Security:
      - max-age=31536000
      Vary:
      - Authorization, X-Filter
      X-Accepted-Oauth-Scopes:
      - linodes:read_write
      X-Content-Type-Options:
      - nosniff
      X-Frame-Options:
      - DENY
      - DENY
      X-Oauth-Scopes:
      - '*'
      X-Ratelimit-Limit:
      - "800"
      X-Xss-Protection:
      - 1; mode=block
    status: 200 OK
    code: 200
    duration: ""
