---
version: 1
interactions:
- request:
    body: ""
    form: {}
    headers:
      Accept:
      - application/json
      Content-Type:
      - application/json
      User-Agent:
      - linodego/dev https://github.com/linode/linodego
    url: https://api.linode.com/v4beta/regions?page=1
    method: GET
  response:
    body: '{"data": [{"id": "ap-west", "label": "Mumbai, IN", "country": "in", "capabilities":
      ["Linodes", "Disk Encryption", "Backups", "NodeBalancers", "Block Storage",
      "GPU Linodes", "Kubernetes", "Cloud Firewall", "Vlans", "Block Storage Migrations",
      "Managed Databases", "Metadata", "Placement Group"], "status": "ok", "resolvers":
      {"ipv4": "172.105.34.5, 172.105.35.5, 172.105.36.5, 172.105.37.5, 172.105.38.5,
      172.105.39.5, 172.105.40.5, 172.105.41.5, 172.105.42.5, 172.105.43.5", "ipv6":
      "2400:8904::f03c:91ff:fea5:659, 2400:8904::f03c:91ff:fea5:9282, 2400:8904::f03c:91ff:fea5:b9b3,
      2400:8904::f03c:91ff:fea5:925a, 2400:8904::f03c:91ff:fea5:22cb, 2400:8904::f03c:91ff:fea5:227a,
      2400:8904::f03c:91ff:fea5:924c, 2400:8904::f03c:91ff:fea5:f7e2, 2400:8904::f03c:91ff:fea5:2205,
      2400:8904::f03c:91ff:fea5:9207"}, "placement_group_limits": {"maximum_pgs_per_customer":
      null, "maximum_linodes_per_pg": 5}, "site_type": "core"}, {"id": "ca-central",
      "label": "Toronto, CA", "country": "ca", "capabilities": ["Linodes", "Disk Encryption",
      "Backups", "NodeBalancers", "Block Storage", "Kubernetes", "Cloud Firewall",
      "Vlans", "Block Storage Migrations", "Managed Databases", "Metadata", "Placement
      Group"], "status": "ok", "resolvers": {"ipv4": "172.105.0.5, 172.105.3.5, 172.105.4.5,
      172.105.5.5, 172.105.6.5, 172.105.7.5, 172.105.8.5, 172.105.9.5, 172.105.10.5,
      172.105.11.5", "ipv6": "2600:3c04::f03c:91ff:fea9:f63, 2600:3c04::f03c:91ff:fea9:f6d,
      2600:3c04::f03c:91ff:fea9:f80, 2600:3c04::f03c:91ff:fea9:f0f, 2600:3c04::f03c:91ff:fea9:f99,
      2600:3c04::f03c:91ff:fea9:fbd, 2600:3c04::f03c:91ff:fea9:fdd, 2600:3c04::f03c:91ff:fea9:fe2,
      2600:3c04::f03c:91ff:fea9:f68, 2600:3c04::f03c:91ff:fea9:f4a"}, "placement_group_limits":
      {"maximum_pgs_per_customer": null, "maximum_linodes_per_pg": 5}, "site_type":
      "core"}, {"id": "ap-southeast", "label": "Sydney, AU", "country": "au", "capabilities":
      ["Linodes", "Backups", "NodeBalancers", "Block Storage", "Kubernetes", "Cloud
      Firewall", "Vlans", "Block Storage Migrations", "Managed Databases", "Metadata",
      "Placement Group"], "status": "ok", "resolvers": {"ipv4": "172.105.166.5, 172.105.169.5,
      172.105.168.5, 172.105.172.5, 172.105.162.5, 172.105.170.5, 172.105.167.5, 172.105.171.5,
      172.105.181.5, 172.105.161.5", "ipv6": "2400:8907::f03c:92ff:fe6e:ec8, 2400:8907::f03c:92ff:fe6e:98e4,
      2400:8907::f03c:92ff:fe6e:1c58, 2400:8907::f03c:92ff:fe6e:c299, 2400:8907::f03c:92ff:fe6e:c210,
      2400:8907::f03c:92ff:fe6e:c219, 2400:8907::f03c:92ff:fe6e:1c5c, 2400:8907::f03c:92ff:fe6e:c24e,
      2400:8907::f03c:92ff:fe6e:e6b, 2400:8907::f03c:92ff:fe6e:e3d"}, "placement_group_limits":
      {"maximum_pgs_per_customer": null, "maximum_linodes_per_pg": 5}, "site_type":
      "core"}, {"id": "us-iad", "label": "Washington, DC", "country": "us", "capabilities":
      ["Linodes", "Disk Encryption", "Backups", "NodeBalancers", "Block Storage",
      "Object Storage", "Kubernetes", "Cloud Firewall", "Vlans", "VPCs", "Managed
      Databases", "Metadata", "Premium Plans", "Placement Group"], "status": "ok",
      "resolvers": {"ipv4": "139.144.192.62, 139.144.192.60, 139.144.192.61, 139.144.192.53,
      139.144.192.54, 139.144.192.67, 139.144.192.69, 139.144.192.66, 139.144.192.52,
      139.144.192.68", "ipv6": "2600:3c05::f03c:93ff:feb6:43b6, 2600:3c05::f03c:93ff:feb6:4365,
      2600:3c05::f03c:93ff:feb6:43c2, 2600:3c05::f03c:93ff:feb6:e441, 2600:3c05::f03c:93ff:feb6:94ef,
      2600:3c05::f03c:93ff:feb6:94ba, 2600:3c05::f03c:93ff:feb6:94a8, 2600:3c05::f03c:93ff:feb6:9413,
      2600:3c05::f03c:93ff:feb6:9443, 2600:3c05::f03c:93ff:feb6:94e0"}, "placement_group_limits":
      {"maximum_pgs_per_customer": null, "maximum_linodes_per_pg": 5}, "site_type":
      "core"}, {"id": "us-ord", "label": "Chicago, IL", "country": "us", "capabilities":
      ["Linodes", "Disk Encryption", "Backups", "NodeBalancers", "Block Storage",
      "Object Storage", "GPU Linodes", "Kubernetes", "Cloud Firewall", "Vlans", "VPCs",
      "Managed Databases", "Metadata", "Premium Plans", "Placement Group"], "status":
      "ok", "resolvers": {"ipv4": "172.232.0.17, 172.232.0.16, 172.232.0.21, 172.232.0.13,
      172.232.0.22, 172.232.0.9, 172.232.0.19, 172.232.0.20, 172.232.0.15, 172.232.0.18",
      "ipv6": "2600:3c06::f03c:93ff:fed0:e5fc, 2600:3c06::f03c:93ff:fed0:e54b, 2600:3c06::f03c:93ff:fed0:e572,
      2600:3c06::f03c:93ff:fed0:e530, 2600:3c06::f03c:93ff:fed0:e597, 2600:3c06::f03c:93ff:fed0:e511,
      2600:3c06::f03c:93ff:fed0:e5f2, 2600:3c06::f03c:93ff:fed0:e5bf, 2600:3c06::f03c:93ff:fed0:e529,
      2600:3c06::f03c:93ff:fed0:e5a3"}, "placement_group_limits": {"maximum_pgs_per_customer":
      null, "maximum_linodes_per_pg": 5}, "site_type": "core"}, {"id": "fr-par", "label":
      "Paris, FR", "country": "fr", "capabilities": ["Linodes", "Disk Encryption",
      "Backups", "NodeBalancers", "Block Storage", "Object Storage", "GPU Linodes",
      "Kubernetes", "Cloud Firewall", "Vlans", "VPCs", "Managed Databases", "Metadata",
      "Premium Plans", "Placement Group"], "status": "ok", "resolvers": {"ipv4": "172.232.32.21,
      172.232.32.23, 172.232.32.17, 172.232.32.18, 172.232.32.16, 172.232.32.22, 172.232.32.20,
      172.232.32.14, 172.232.32.11, 172.232.32.12", "ipv6": "2600:3c07::f03c:93ff:fef2:2e63,
      2600:3c07::f03c:93ff:fef2:2ec7, 2600:3c07::f03c:93ff:fef2:0dee, 2600:3c07::f03c:93ff:fef2:0d25,
      2600:3c07::f03c:93ff:fef2:0de0, 2600:3c07::f03c:93ff:fef2:2e29, 2600:3c07::f03c:93ff:fef2:0dda,
      2600:3c07::f03c:93ff:fef2:0d82, 2600:3c07::f03c:93ff:fef2:b3ac, 2600:3c07::f03c:93ff:fef2:b3a8"},
      "placement_group_limits": {"maximum_pgs_per_customer": null, "maximum_linodes_per_pg":
      5}, "site_type": "core"}, {"id": "us-sea", "label": "Seattle, WA", "country":
      "us", "capabilities": ["Linodes", "Disk Encryption", "Backups", "NodeBalancers",
      "Block Storage", "Object Storage", "GPU Linodes", "Kubernetes", "Cloud Firewall",
      "Vlans", "VPCs", "Metadata", "Premium Plans", "Placement Group"], "status":
      "ok", "resolvers": {"ipv4": "172.232.160.19, 172.232.160.21, 172.232.160.17,
      172.232.160.15, 172.232.160.18, 172.232.160.8, 172.232.160.12, 172.232.160.11,
      172.232.160.14, 172.232.160.16", "ipv6": "2600:3c0a::f03c:93ff:fe54:c6da, 2600:3c0a::f03c:93ff:fe54:c691,
      2600:3c0a::f03c:93ff:fe54:c68d, 2600:3c0a::f03c:93ff:fe54:c61e, 2600:3c0a::f03c:93ff:fe54:c653,
      2600:3c0a::f03c:93ff:fe54:c64c, 2600:3c0a::f03c:93ff:fe54:c68a, 2600:3c0a::f03c:93ff:fe54:c697,
      2600:3c0a::f03c:93ff:fe54:c60f, 2600:3c0a::f03c:93ff:fe54:c6a0"}, "placement_group_limits":
      {"maximum_pgs_per_customer": null, "maximum_linodes_per_pg": 5}, "site_type":
      "core"}, {"id": "br-gru", "label": "Sao Paulo, BR", "country": "br", "capabilities":
      ["Linodes", "Backups", "NodeBalancers", "Block Storage", "Object Storage", "Kubernetes",
      "Cloud Firewall", "Vlans", "VPCs", "Metadata", "Premium Plans", "Placement Group"],
      "status": "ok", "resolvers": {"ipv4": "172.233.0.4, 172.233.0.9, 172.233.0.7,
      172.233.0.12, 172.233.0.5, 172.233.0.13, 172.233.0.10, 172.233.0.6, 172.233.0.8,
      172.233.0.11", "ipv6": "2600:3c0d::f03c:93ff:fe3d:51cb, 2600:3c0d::f03c:93ff:fe3d:51a7,
      2600:3c0d::f03c:93ff:fe3d:51a9, 2600:3c0d::f03c:93ff:fe3d:5119, 2600:3c0d::f03c:93ff:fe3d:51fe,
      2600:3c0d::f03c:93ff:fe3d:517c, 2600:3c0d::f03c:93ff:fe3d:5144, 2600:3c0d::f03c:93ff:fe3d:5170,
      2600:3c0d::f03c:93ff:fe3d:51cc, 2600:3c0d::f03c:93ff:fe3d:516c"}, "placement_group_limits":
      {"maximum_pgs_per_customer": null, "maximum_linodes_per_pg": 5}, "site_type":
      "core"}, {"id": "nl-ams", "label": "Amsterdam, NL", "country": "nl", "capabilities":
      ["Linodes", "Disk Encryption", "Backups", "NodeBalancers", "Block Storage",
      "Object Storage", "Kubernetes", "Cloud Firewall", "Vlans", "VPCs", "Metadata",
      "Premium Plans", "Placement Group"], "status": "ok", "resolvers": {"ipv4": "172.233.33.36,
      172.233.33.38, 172.233.33.35, 172.233.33.39, 172.233.33.34, 172.233.33.33, 172.233.33.31,
      172.233.33.30, 172.233.33.37, 172.233.33.32", "ipv6": "2600:3c0e::f03c:93ff:fe9d:2d10,
      2600:3c0e::f03c:93ff:fe9d:2d89, 2600:3c0e::f03c:93ff:fe9d:2d79, 2600:3c0e::f03c:93ff:fe9d:2d96,
      2600:3c0e::f03c:93ff:fe9d:2da5, 2600:3c0e::f03c:93ff:fe9d:2d34, 2600:3c0e::f03c:93ff:fe9d:2d68,
      2600:3c0e::f03c:93ff:fe9d:2d17, 2600:3c0e::f03c:93ff:fe9d:2d45, 2600:3c0e::f03c:93ff:fe9d:2d5c"},
      "placement_group_limits": {"maximum_pgs_per_customer": null, "maximum_linodes_per_pg":
      5}, "site_type": "core"}, {"id": "se-sto", "label": "Stockholm, SE", "country":
      "se", "capabilities": ["Linodes", "Backups", "NodeBalancers", "Block Storage",
      "Object Storage", "Kubernetes", "Cloud Firewall", "Vlans", "VPCs", "Metadata",
      "Premium Plans", "Placement Group"], "status": "ok", "resolvers": {"ipv4": "172.232.128.24,
      172.232.128.26, 172.232.128.20, 172.232.128.22, 172.232.128.25, 172.232.128.19,
      172.232.128.23, 172.232.128.18, 172.232.128.21, 172.232.128.27", "ipv6": "2600:3c09::f03c:93ff:fea9:4dbe,
      2600:3c09::f03c:93ff:fea9:4d63, 2600:3c09::f03c:93ff:fea9:4dce, 2600:3c09::f03c:93ff:fea9:4dbb,
      2600:3c09::f03c:93ff:fea9:4d99, 2600:3c09::f03c:93ff:fea9:4d26, 2600:3c09::f03c:93ff:fea9:4de0,
      2600:3c09::f03c:93ff:fea9:4d69, 2600:3c09::f03c:93ff:fea9:4dbf, 2600:3c09::f03c:93ff:fea9:4da6"},
      "placement_group_limits": {"maximum_pgs_per_customer": null, "maximum_linodes_per_pg":
      5}, "site_type": "core"}, {"id": "es-mad", "label": "Madrid, ES", "country":
      "es", "capabilities": ["Linodes", "Backups", "NodeBalancers", "Block Storage",
      "Object Storage", "Kubernetes", "Cloud Firewall", "Vlans", "VPCs", "Metadata",
      "Premium Plans", "Placement Group"], "status": "ok", "resolvers": {"ipv4": "172.233.111.6,
      172.233.111.17, 172.233.111.21, 172.233.111.25, 172.233.111.19, 172.233.111.12,
      172.233.111.26, 172.233.111.16, 172.233.111.18, 172.233.111.9", "ipv6": "2a01:7e02::f03c:93ff:feea:b585,
      2a01:7e02::f03c:93ff:feea:b5ab, 2a01:7e02::f03c:93ff:feea:b5c6, 2a01:7e02::f03c:93ff:feea:b592,
      2a01:7e02::f03c:93ff:feea:b5aa, 2a01:7e02::f03c:93ff:feea:b5d3, 2a01:7e02::f03c:93ff:feea:b5d7,
      2a01:7e02::f03c:93ff:feea:b528, 2a01:7e02::f03c:93ff:feea:b522, 2a01:7e02::f03c:93ff:feea:b51a"},
      "placement_group_limits": {"maximum_pgs_per_customer": null, "maximum_linodes_per_pg":
      5}, "site_type": "core"}, {"id": "in-maa", "label": "Chennai, IN", "country":
      "in", "capabilities": ["Linodes", "Disk Encryption", "Backups", "NodeBalancers",
      "Block Storage", "Object Storage", "Kubernetes", "Cloud Firewall", "Vlans",
      "VPCs", "Metadata", "Premium Plans", "Placement Group"], "status": "ok", "resolvers":
      {"ipv4": "172.232.96.17, 172.232.96.26, 172.232.96.19, 172.232.96.20, 172.232.96.25,
      172.232.96.21, 172.232.96.18, 172.232.96.22, 172.232.96.23, 172.232.96.24",
      "ipv6": "2600:3c08::f03c:93ff:fe7c:1135, 2600:3c08::f03c:93ff:fe7c:11f8, 2600:3c08::f03c:93ff:fe7c:11d2,
      2600:3c08::f03c:93ff:fe7c:11a7, 2600:3c08::f03c:93ff:fe7c:11ad, 2600:3c08::f03c:93ff:fe7c:110a,
      2600:3c08::f03c:93ff:fe7c:11f9, 2600:3c08::f03c:93ff:fe7c:1137, 2600:3c08::f03c:93ff:fe7c:11db,
      2600:3c08::f03c:93ff:fe7c:1164"}, "placement_group_limits": {"maximum_pgs_per_customer":
      null, "maximum_linodes_per_pg": 5}, "site_type": "core"}, {"id": "jp-osa", "label":
      "Osaka, JP", "country": "jp", "capabilities": ["Linodes", "Disk Encryption",
      "Backups", "NodeBalancers", "Block Storage", "Object Storage", "GPU Linodes",
      "Kubernetes", "Cloud Firewall", "Vlans", "VPCs", "Metadata", "Premium Plans",
      "Placement Group"], "status": "ok", "resolvers": {"ipv4": "172.233.64.44, 172.233.64.43,
      172.233.64.37, 172.233.64.40, 172.233.64.46, 172.233.64.41, 172.233.64.39, 172.233.64.42,
      172.233.64.45, 172.233.64.38", "ipv6": "2400:8905::f03c:93ff:fe9d:b085, 2400:8905::f03c:93ff:fe9d:b012,
      2400:8905::f03c:93ff:fe9d:b09b, 2400:8905::f03c:93ff:fe9d:b0d8, 2400:8905::f03c:93ff:fe9d:259f,
      2400:8905::f03c:93ff:fe9d:b006, 2400:8905::f03c:93ff:fe9d:b084, 2400:8905::f03c:93ff:fe9d:b0ce,
      2400:8905::f03c:93ff:fe9d:25ea, 2400:8905::f03c:93ff:fe9d:b086"}, "placement_group_limits":
      {"maximum_pgs_per_customer": null, "maximum_linodes_per_pg": 5}, "site_type":
      "core"}, {"id": "it-mil", "label": "Milan, IT", "country": "it", "capabilities":
      ["Linodes", "Disk Encryption", "Backups", "NodeBalancers", "Block Storage",
      "Object Storage", "Kubernetes", "Cloud Firewall", "Vlans", "VPCs", "Metadata",
      "Premium Plans", "Placement Group"], "status": "ok", "resolvers": {"ipv4": "172.232.192.19,
      172.232.192.18, 172.232.192.16, 172.232.192.20, 172.232.192.24, 172.232.192.21,
      172.232.192.22, 172.232.192.17, 172.232.192.15, 172.232.192.23", "ipv6": "2600:3c0b::f03c:93ff:feba:d513,
      2600:3c0b::f03c:93ff:feba:d5c3, 2600:3c0b::f03c:93ff:feba:d597, 2600:3c0b::f03c:93ff:feba:d5fb,
      2600:3c0b::f03c:93ff:feba:d51f, 2600:3c0b::f03c:93ff:feba:d58e, 2600:3c0b::f03c:93ff:feba:d5d5,
      2600:3c0b::f03c:93ff:feba:d534, 2600:3c0b::f03c:93ff:feba:d57c, 2600:3c0b::f03c:93ff:feba:d529"},
      "placement_group_limits": {"maximum_pgs_per_customer": null, "maximum_linodes_per_pg":
      5}, "site_type": "core"}, {"id": "us-mia", "label": "Miami, FL", "country":
      "us", "capabilities": ["Linodes", "Backups", "NodeBalancers", "Block Storage",
      "Object Storage", "Kubernetes", "Cloud Firewall", "Vlans", "VPCs", "Metadata",
      "Premium Plans", "Placement Group"], "status": "ok", "resolvers": {"ipv4": "172.233.160.34,
      172.233.160.27, 172.233.160.30, 172.233.160.29, 172.233.160.32, 172.233.160.28,
      172.233.160.33, 172.233.160.26, 172.233.160.25, 172.233.160.31", "ipv6": "2a01:7e04::f03c:93ff:fead:d31f,
      2a01:7e04::f03c:93ff:fead:d37f, 2a01:7e04::f03c:93ff:fead:d30c, 2a01:7e04::f03c:93ff:fead:d318,
      2a01:7e04::f03c:93ff:fead:d316, 2a01:7e04::f03c:93ff:fead:d339, 2a01:7e04::f03c:93ff:fead:d367,
      2a01:7e04::f03c:93ff:fead:d395, 2a01:7e04::f03c:93ff:fead:d3d0, 2a01:7e04::f03c:93ff:fead:d38e"},
      "placement_group_limits": {"maximum_pgs_per_customer": null, "maximum_linodes_per_pg":
      5}, "site_type": "core"}, {"id": "id-cgk", "label": "Jakarta, ID", "country":
      "id", "capabilities": ["Linodes", "Backups", "NodeBalancers", "Block Storage",
      "Object Storage", "Kubernetes", "Cloud Firewall", "Vlans", "VPCs", "Metadata",
      "Premium Plans", "Placement Group"], "status": "ok", "resolvers": {"ipv4": "172.232.224.23,
      172.232.224.32, 172.232.224.26, 172.232.224.27, 172.232.224.21, 172.232.224.24,
      172.232.224.22, 172.232.224.20, 172.232.224.31, 172.232.224.28", "ipv6": "2600:3c0c::f03c:93ff:feed:a90b,
      2600:3c0c::f03c:93ff:feed:a9a5, 2600:3c0c::f03c:93ff:feed:a935, 2600:3c0c::f03c:93ff:feed:a930,
      2600:3c0c::f03c:93ff:feed:a95c, 2600:3c0c::f03c:93ff:feed:a9ad, 2600:3c0c::f03c:93ff:feed:a9f2,
      2600:3c0c::f03c:93ff:feed:a9ff, 2600:3c0c::f03c:93ff:feed:a9c8, 2600:3c0c::f03c:93ff:feed:a96b"},
      "placement_group_limits": {"maximum_pgs_per_customer": null, "maximum_linodes_per_pg":
      5}, "site_type": "core"}, {"id": "us-lax", "label": "Los Angeles, CA", "country":
      "us", "capabilities": ["Linodes", "Block Storage Encryption", "Disk Encryption",
      "Backups", "NodeBalancers", "Block Storage", "Object Storage", "Kubernetes",
      "Cloud Firewall", "Vlans", "VPCs", "Metadata", "Premium Plans", "Placement Group"],
      "status": "ok", "resolvers": {"ipv4": "172.233.128.45, 172.233.128.38, 172.233.128.53,
      172.233.128.37, 172.233.128.34, 172.233.128.36, 172.233.128.33, 172.233.128.39,
      172.233.128.43, 172.233.128.44", "ipv6": "2a01:7e03::f03c:93ff:feb1:b789, 2a01:7e03::f03c:93ff:feb1:b717,
      2a01:7e03::f03c:93ff:feb1:b707, 2a01:7e03::f03c:93ff:feb1:b7ab, 2a01:7e03::f03c:93ff:feb1:b7e2,
      2a01:7e03::f03c:93ff:feb1:b709, 2a01:7e03::f03c:93ff:feb1:b7a6, 2a01:7e03::f03c:93ff:feb1:b750,
      2a01:7e03::f03c:93ff:feb1:b76e, 2a01:7e03::f03c:93ff:feb1:b7a2"}, "placement_group_limits":
      {"maximum_pgs_per_customer": null, "maximum_linodes_per_pg": 5}, "site_type":
      "core"}, {"id": "gb-lon", "label": "London 2, UK", "country": "gb", "capabilities":
      ["Linodes", "Backups", "NodeBalancers", "Block Storage", "Kubernetes", "Cloud
      Firewall", "Vlans", "VPCs", "Metadata", "Premium Plans", "Placement Group"],
      "status": "ok", "resolvers": {"ipv4": "172.236.0.46,172.236.0.50,172.236.0.47,172.236.0.53,172.236.0.52,172.236.0.45,172.236.0.49,172.236.0.51,172.236.0.54,172.236.0.48",
      "ipv6": "2600:3c13::f03c:94ff:fe52:37c2,2600:3c13::f03c:94ff:fe52:37da,2600:3c13::f03c:94ff:fe52:370c,2600:3c13::f03c:94ff:fe52:37b1,2600:3c13::f03c:94ff:fe52:3743,2600:3c13::f03c:94ff:fe52:37e8,2600:3c13::f03c:94ff:fe52:37c7,2600:3c13::f03c:94ff:fe52:372d,2600:3c13::f03c:94ff:fe52:37d2,2600:3c13::f03c:94ff:fe52:3797"},
      "placement_group_limits": {"maximum_pgs_per_customer": null, "maximum_linodes_per_pg":
      5}, "site_type": "core"}, {"id": "au-mel", "label": "Melbourne, AU", "country":
      "au", "capabilities": ["Linodes", "Backups", "NodeBalancers", "Block Storage",
      "Kubernetes", "Cloud Firewall", "Vlans", "VPCs", "Metadata", "Premium Plans",
      "Placement Group"], "status": "ok", "resolvers": {"ipv4": "172.236.32.23,172.236.32.35,172.236.32.30,172.236.32.28,172.236.32.32,172.236.32.33,172.236.32.27,172.236.32.37,172.236.32.29,172.236.32.34",
      "ipv6": "2600:3c14::f03c:94ff:fe62:70bb,2600:3c14::f03c:94ff:fe62:70a0,2600:3c14::f03c:94ff:fe62:70d9,2600:3c14::f03c:94ff:fe62:7099,2600:3c14::f03c:94ff:fe62:70f1,2600:3c14::f03c:94ff:fe62:7018,2600:3c14::f03c:94ff:fe62:70b7,2600:3c14::f03c:94ff:fe62:701c,2600:3c14::f03c:94ff:fe62:703c,2600:3c14::f03c:94ff:fe62:700d"},
      "placement_group_limits": {"maximum_pgs_per_customer": null, "maximum_linodes_per_pg":
      5}, "site_type": "core"}, {"id": "in-bom-2", "label": "Mumbai 2, IN", "country":
      "in", "capabilities": ["Linodes", "Backups", "NodeBalancers", "Block Storage",
      "Cloud Firewall", "Vlans", "VPCs", "Metadata", "Premium Plans", "Placement Group"],
      "status": "ok", "resolvers": {"ipv4": "172.236.171.41,172.236.171.42,172.236.171.25,172.236.171.44,172.236.171.26,172.236.171.45,172.236.171.24,172.236.171.43,172.236.171.27,172.236.171.28",
      "ipv6": "2600:3c16::f03c:94ff:fe31:b2b4,2600:3c16::f03c:94ff:fe31:b239,2600:3c16::f03c:94ff:fe31:463b,2600:3c16::f03c:94ff:fe31:b2a8,2600:3c16::f03c:94ff:fe31:4692,2600:3c16::f03c:94ff:fe31:b26a,2600:3c16::f03c:94ff:fe31:4611,2600:3c16::f03c:94ff:fe31:b230,2600:3c16::f03c:94ff:fe31:46df,2600:3c16::f03c:94ff:fe31:46c3"},
      "placement_group_limits": {"maximum_pgs_per_customer": null, "maximum_linodes_per_pg":
      5}, "site_type": "core"}, {"id": "de-fra-2", "label": "Frankfurt 2, DE", "country":
      "de", "capabilities": ["Linodes", "Backups", "NodeBalancers", "Block Storage",
      "Cloud Firewall", "Vlans", "VPCs", "Metadata", "Premium Plans", "Placement Group"],
      "status": "ok", "resolvers": {"ipv4": "172.236.203.9,172.236.203.16,172.236.203.19,172.236.203.15,172.236.203.17,172.236.203.11,172.236.203.18,172.236.203.14,172.236.203.13,172.236.203.12",
      "ipv6": "2600:3c17::f03c:95ff:feed:7740,2600:3c17::f03c:95ff:feed:7785,2600:3c17::f03c:95ff:feed:77f7,2600:3c17::f03c:95ff:feed:77d8,2600:3c17::f03c:95ff:feed:77f9,2600:3c17::f03c:95ff:feed:7733,2600:3c17::f03c:95ff:feed:776f,2600:3c17::f03c:95ff:feed:77eb,2600:3c17::f03c:95ff:feed:775c,2600:3c17::f03c:95ff:feed:77a8"},
      "placement_group_limits": {"maximum_pgs_per_customer": null, "maximum_linodes_per_pg":
      5}, "site_type": "core"}, {"id": "sg-sin-2", "label": "Singapore 2, SG", "country":
      "sg", "capabilities": ["Linodes", "Backups", "NodeBalancers", "Block Storage",
      "GPU Linodes", "Kubernetes", "Cloud Firewall", "Vlans", "VPCs", "Metadata",
      "Premium Plans", "Placement Group"], "status": "ok", "resolvers": {"ipv4": "172.236.129.8,172.236.129.42,172.236.129.41,172.236.129.19,172.236.129.46,172.236.129.23,172.236.129.48,172.236.129.20,172.236.129.21,172.236.129.47",
      "ipv6": "2600:3c15::f03c:94ff:fe13:eb03,2600:3c15::f03c:94ff:fe13:74b2,2600:3c15::f03c:94ff:fe13:7462,2600:3c15::f03c:94ff:fe13:dbdb,2600:3c15::f03c:94ff:fe13:74a6,2600:3c15::f03c:94ff:fe13:dbe2,2600:3c15::f03c:94ff:fe13:74d8,2600:3c15::f03c:94ff:fe13:db12,2600:3c15::f03c:94ff:fe13:dbc3,2600:3c15::f03c:94ff:fe13:74a3"},
      "placement_group_limits": {"maximum_pgs_per_customer": null, "maximum_linodes_per_pg":
      5}, "site_type": "core"}, {"id": "us-central", "label": "Dallas, TX", "country":
      "us", "capabilities": ["Linodes", "Disk Encryption", "Backups", "NodeBalancers",
      "Block Storage", "Kubernetes", "Cloud Firewall", "Vlans", "Block Storage Migrations",
      "Managed Databases", "Metadata", "Placement Group"], "status": "ok", "resolvers":
      {"ipv4": "72.14.179.5, 72.14.188.5, 173.255.199.5, 66.228.53.5, 96.126.122.5,
      96.126.124.5, 96.126.127.5, 198.58.107.5, 198.58.111.5, 23.239.24.5", "ipv6":
      "2600:3c00::2, 2600:3c00::9, 2600:3c00::7, 2600:3c00::5, 2600:3c00::3, 2600:3c00::8,
      2600:3c00::6, 2600:3c00::4, 2600:3c00::c, 2600:3c00::b"}, "placement_group_limits":
      {"maximum_pgs_per_customer": null, "maximum_linodes_per_pg": 5}, "site_type":
      "core"}, {"id": "us-west", "label": "Fremont, CA", "country": "us", "capabilities":
      ["Linodes", "Backups", "NodeBalancers", "Block Storage", "Kubernetes", "Cloud
      Firewall", "Vlans", "Block Storage Migrations", "Managed Databases", "Metadata",
      "Placement Group"], "status": "ok", "resolvers": {"ipv4": "173.230.145.5, 173.230.147.5,
      173.230.155.5, 173.255.212.5, 173.255.219.5, 173.255.241.5, 173.255.243.5, 173.255.244.5,
      74.207.241.5, 74.207.242.5", "ipv6": "2600:3c01::2, 2600:3c01::9, 2600:3c01::5,
      2600:3c01::7, 2600:3c01::3, 2600:3c01::8, 2600:3c01::4, 2600:3c01::b, 2600:3c01::c,
      2600:3c01::6"}, "placement_group_limits": {"maximum_pgs_per_customer": null,
      "maximum_linodes_per_pg": 5}, "site_type": "core"}, {"id": "us-southeast", "label":
      "Atlanta, GA", "country": "us", "capabilities": ["Linodes", "Backups", "NodeBalancers",
      "Block Storage", "Object Storage", "GPU Linodes", "Kubernetes", "Cloud Firewall",
      "Vlans", "Block Storage Migrations", "Managed Databases", "Metadata", "Placement
      Group"], "status": "ok", "resolvers": {"ipv4": "74.207.231.5, 173.230.128.5,
      173.230.129.5, 173.230.136.5, 173.230.140.5, 66.228.59.5, 66.228.62.5, 50.116.35.5,
      50.116.41.5, 23.239.18.5", "ipv6": "2600:3c02::3, 2600:3c02::5, 2600:3c02::4,
      2600:3c02::6, 2600:3c02::c, 2600:3c02::7, 2600:3c02::2, 2600:3c02::9, 2600:3c02::8,
      2600:3c02::b"}, "placement_group_limits": {"maximum_pgs_per_customer": null,
      "maximum_linodes_per_pg": 5}, "site_type": "core"}, {"id": "us-east", "label":
      "Newark, NJ", "country": "us", "capabilities": ["Linodes", "Backups", "NodeBalancers",
      "Block Storage", "Object Storage", "GPU Linodes", "Kubernetes", "Cloud Firewall",
      "Vlans", "Block Storage Migrations", "Managed Databases", "Metadata", "Placement
      Group"], "status": "ok", "resolvers": {"ipv4": "66.228.42.5, 96.126.106.5, 50.116.53.5,
      50.116.58.5, 50.116.61.5, 50.116.62.5, 66.175.211.5, 97.107.133.4, 207.192.69.4,
      207.192.69.5", "ipv6": "2600:3c03::7, 2600:3c03::4, 2600:3c03::9, 2600:3c03::6,
      2600:3c03::3, 2600:3c03::c, 2600:3c03::5, 2600:3c03::b, 2600:3c03::2, 2600:3c03::8"},
      "placement_group_limits": {"maximum_pgs_per_customer": null, "maximum_linodes_per_pg":
      5}, "site_type": "core"}, {"id": "eu-west", "label": "London, UK", "country":
      "gb", "capabilities": ["Linodes", "Backups", "NodeBalancers", "Block Storage",
      "Kubernetes", "Cloud Firewall", "Vlans", "Block Storage Migrations", "Managed
      Databases", "Metadata", "Placement Group"], "status": "ok", "resolvers": {"ipv4":
      "178.79.182.5, 176.58.107.5, 176.58.116.5, 176.58.121.5, 151.236.220.5, 212.71.252.5,
      212.71.253.5, 109.74.192.20, 109.74.193.20, 109.74.194.20", "ipv6": "2a01:7e00::9,
      2a01:7e00::3, 2a01:7e00::c, 2a01:7e00::5, 2a01:7e00::6, 2a01:7e00::8, 2a01:7e00::b,
      2a01:7e00::4, 2a01:7e00::7, 2a01:7e00::2"}, "placement_group_limits": {"maximum_pgs_per_customer":
      null, "maximum_linodes_per_pg": 5}, "site_type": "core"}, {"id": "ap-south",
      "label": "Singapore, SG", "country": "sg", "capabilities": ["Linodes", "Backups",
      "NodeBalancers", "Block Storage", "Object Storage", "GPU Linodes", "Kubernetes",
      "Cloud Firewall", "Vlans", "Block Storage Migrations", "Managed Databases",
      "Metadata", "Placement Group"], "status": "ok", "resolvers": {"ipv4": "139.162.11.5,
      139.162.13.5, 139.162.14.5, 139.162.15.5, 139.162.16.5, 139.162.21.5, 139.162.27.5,
      103.3.60.18, 103.3.60.19, 103.3.60.20", "ipv6": "2400:8901::5, 2400:8901::4,
      2400:8901::b, 2400:8901::3, 2400:8901::9, 2400:8901::2, 2400:8901::8, 2400:8901::7,
      2400:8901::c, 2400:8901::6"}, "placement_group_limits": {"maximum_pgs_per_customer":
      null, "maximum_linodes_per_pg": 5}, "site_type": "core"}, {"id": "eu-central",
      "label": "Frankfurt, DE", "country": "de", "capabilities": ["Linodes", "Backups",
      "NodeBalancers", "Block Storage", "Object Storage", "GPU Linodes", "Kubernetes",
      "Cloud Firewall", "Vlans", "Block Storage Migrations", "Managed Databases",
      "Metadata", "Placement Group"], "status": "ok", "resolvers": {"ipv4": "139.162.130.5,139.162.131.5,139.162.132.5,139.162.133.5,139.162.134.5,139.162.135.5,139.162.136.5,139.162.137.5,139.162.138.5,139.162.139.5",
      "ipv6": "2a01:7e01::5,2a01:7e01::9,2a01:7e01::7,2a01:7e01::c,2a01:7e01::2,2a01:7e01::4,2a01:7e01::3,2a01:7e01::6,2a01:7e01::b,2a01:7e01::8"},
      "placement_group_limits": {"maximum_pgs_per_customer": null, "maximum_linodes_per_pg":
      5}, "site_type": "core"}, {"id": "ap-northeast", "label": "Tokyo 2, JP", "country":
      "jp", "capabilities": ["Linodes", "Disk Encryption", "Backups", "NodeBalancers",
      "Block Storage", "Kubernetes", "Cloud Firewall", "Vlans", "Block Storage Migrations",
      "Managed Databases", "Metadata", "Placement Group"], "status": "ok", "resolvers":
      {"ipv4": "139.162.66.5,139.162.67.5,139.162.68.5,139.162.69.5,139.162.70.5,139.162.71.5,139.162.72.5,139.162.73.5,139.162.74.5,139.162.75.5",
      "ipv6": "2400:8902::3,2400:8902::6,2400:8902::c,2400:8902::4,2400:8902::2,2400:8902::8,2400:8902::7,2400:8902::5,2400:8902::b,2400:8902::9"},
      "placement_group_limits": {"maximum_pgs_per_customer": null, "maximum_linodes_per_pg":
      5}, "site_type": "core"}], "page": 1, "pages": 1, "results": 30}'
    headers:
      Access-Control-Allow-Credentials:
      - "true"
      Access-Control-Allow-Headers:
      - Authorization, Origin, X-Requested-With, Content-Type, Accept, X-Filter
      Access-Control-Allow-Methods:
      - HEAD, GET, OPTIONS, POST, PUT, DELETE
      Access-Control-Allow-Origin:
      - '*'
      Access-Control-Expose-Headers:
      - X-OAuth-Scopes, X-Accepted-OAuth-Scopes, X-Status
      Akamai-Internal-Account:
      - '*'
      Cache-Control:
      - max-age=0, no-cache, no-store
      Connection:
      - keep-alive
      Content-Security-Policy:
      - default-src 'none'
      Content-Type:
      - application/json
      Expires:
      - Wed, 02 Oct 2024 19:11:51 GMT
      Pragma:
      - no-cache
      Strict-Transport-Security:
      - max-age=31536000
      Vary:
      - Authorization, X-Filter
      - Authorization, X-Filter
      - Accept-Encoding
      X-Accepted-Oauth-Scopes:
      - '*'
      X-Content-Type-Options:
      - nosniff
      X-Frame-Options:
      - DENY
      - DENY
      X-Oauth-Scopes:
      - '*'
      X-Ratelimit-Limit:
      - "800"
      X-Xss-Protection:
      - 1; mode=block
    status: 200 OK
    code: 200
    duration: ""
- request:
    body: '{"region":"ap-west","type":"g6-nanode-1","label":"go-test-ins-wo-disk-4fbae521k2a1","booted":false}'
    form: {}
    headers:
      Accept:
      - application/json
      Content-Type:
      - application/json
      User-Agent:
      - linodego/dev https://github.com/linode/linodego
    url: https://api.linode.com/v4beta/linode/instances
    method: POST
  response:
    body: '{"id": 64761254, "label": "go-test-ins-wo-disk-4fbae521k2a1", "group":
      "", "status": "provisioning", "created": "2018-01-02T03:04:05", "updated": "2018-01-02T03:04:05",
      "type": "g6-nanode-1", "ipv4": ["172.105.55.196"], "ipv6": "2400:8904::f03c:95ff:fe7e:b0ec/128",
      "image": null, "region": "ap-west", "site_type": "core", "specs": {"disk": 25600,
      "memory": 1024, "vcpus": 1, "gpus": 0, "transfer": 1000}, "alerts": {"cpu":
      90, "network_in": 10, "network_out": 10, "transfer_quota": 80, "io": 10000},
      "backups": {"enabled": false, "available": false, "schedule": {"day": null,
      "window": null}, "last_successful": null}, "hypervisor": "kvm", "watchdog_enabled":
      true, "tags": [], "host_uuid": "b87012b659b947e3d8e73fccf7a05a0eaa29cc4d", "has_user_data":
      false, "placement_group": null, "disk_encryption": "disabled", "lke_cluster_id":
      null, "capabilities": []}'
    headers:
      Access-Control-Allow-Credentials:
      - "true"
      Access-Control-Allow-Headers:
      - Authorization, Origin, X-Requested-With, Content-Type, Accept, X-Filter
      Access-Control-Allow-Methods:
      - HEAD, GET, OPTIONS, POST, PUT, DELETE
      Access-Control-Allow-Origin:
      - '*'
      Access-Control-Expose-Headers:
      - X-OAuth-Scopes, X-Accepted-OAuth-Scopes, X-Status
      Akamai-Internal-Account:
      - '*'
      Cache-Control:
      - max-age=0, no-cache, no-store
      Connection:
      - keep-alive
      Content-Length:
      - "859"
      Content-Security-Policy:
      - default-src 'none'
      Content-Type:
      - application/json
      Expires:
      - Wed, 02 Oct 2024 19:11:52 GMT
      Pragma:
      - no-cache
      Strict-Transport-Security:
      - max-age=31536000
      Vary:
      - Authorization, X-Filter
      X-Accepted-Oauth-Scopes:
      - linodes:read_write
      X-Content-Type-Options:
      - nosniff
      X-Frame-Options:
      - DENY
      - DENY
      X-Oauth-Scopes:
      - '*'
      X-Ratelimit-Limit:
      - "10"
      X-Xss-Protection:
      - 1; mode=block
    status: 200 OK
    code: 200
    duration: ""
- request:
    body: '{"label":"go-test-conf-l70l72h89gjp","devices":{},"interfaces":null}'
    form: {}
    headers:
      Accept:
      - application/json
      Content-Type:
      - application/json
      User-Agent:
      - linodego/dev https://github.com/linode/linodego
    url: https://api.linode.com/v4beta/linode/instances/64761254/configs
    method: POST
  response:
    body: '{"id": 68045903, "label": "go-test-conf-l70l72h89gjp", "helpers": {"updatedb_disabled":
      true, "distro": true, "modules_dep": true, "network": false, "devtmpfs_automount":
      true}, "kernel": "linode/latest-64bit", "comments": "", "memory_limit": 0, "created":
      "2018-01-02T03:04:05", "updated": "2018-01-02T03:04:05", "root_device": "/dev/sda",
      "devices": {"sda": null, "sdb": null, "sdc": null, "sdd": null, "sde": null,
      "sdf": null, "sdg": null, "sdh": null}, "initrd": null, "run_level": "default",
      "virt_mode": "paravirt", "interfaces": []}'
    headers:
      Access-Control-Allow-Credentials:
      - "true"
      Access-Control-Allow-Headers:
      - Authorization, Origin, X-Requested-With, Content-Type, Accept, X-Filter
      Access-Control-Allow-Methods:
      - HEAD, GET, OPTIONS, POST, PUT, DELETE
      Access-Control-Allow-Origin:
      - '*'
      Access-Control-Expose-Headers:
      - X-OAuth-Scopes, X-Accepted-OAuth-Scopes, X-Status
      Akamai-Internal-Account:
      - '*'
      Cache-Control:
      - max-age=0, no-cache, no-store
      Connection:
      - keep-alive
      Content-Length:
      - "540"
      Content-Security-Policy:
      - default-src 'none'
      Content-Type:
      - application/json
      Expires:
      - Wed, 02 Oct 2024 19:11:52 GMT
      Pragma:
      - no-cache
      Strict-Transport-Security:
      - max-age=31536000
      Vary:
      - Authorization, X-Filter
      X-Accepted-Oauth-Scopes:
      - linodes:read_write
      X-Content-Type-Options:
      - nosniff
      X-Frame-Options:
      - DENY
      - DENY
      X-Oauth-Scopes:
      - '*'
      X-Ratelimit-Limit:
      - "800"
      X-Xss-Protection:
      - 1; mode=block
    status: 200 OK
    code: 200
    duration: ""
- request:
    body: ""
    form: {}
    headers:
      Accept:
      - application/json
      Content-Type:
      - application/json
      User-Agent:
      - linodego/dev https://github.com/linode/linodego
    url: https://api.linode.com/v4beta/networking/ips/172.105.55.196
    method: GET
  response:
    body: '{"address": "172.105.55.196", "gateway": "172.105.55.1", "subnet_mask":
      "255.255.255.0", "prefix": 24, "type": "ipv4", "public": true, "rdns": "172-105-55-196.ip.linodeusercontent.com",
      "linode_id": 64761254, "region": "ap-west", "vpc_nat_1_1": null, "reserved":
      false}'
    headers:
      Access-Control-Allow-Credentials:
      - "true"
      Access-Control-Allow-Headers:
      - Authorization, Origin, X-Requested-With, Content-Type, Accept, X-Filter
      Access-Control-Allow-Methods:
      - HEAD, GET, OPTIONS, POST, PUT, DELETE
      Access-Control-Allow-Origin:
      - '*'
      Access-Control-Expose-Headers:
      - X-OAuth-Scopes, X-Accepted-OAuth-Scopes, X-Status
      Akamai-Internal-Account:
      - '*'
      Cache-Control:
      - max-age=0, no-cache, no-store
      Connection:
      - keep-alive
      Content-Length:
      - "269"
      Content-Security-Policy:
      - default-src 'none'
      Content-Type:
      - application/json
      Expires:
      - Wed, 02 Oct 2024 19:11:52 GMT
      Pragma:
      - no-cache
      Strict-Transport-Security:
      - max-age=31536000
      Vary:
      - Authorization, X-Filter
      - Authorization, X-Filter
      X-Accepted-Oauth-Scopes:
      - ips:read_only
      X-Content-Type-Options:
      - nosniff
      X-Frame-Options:
      - DENY
      - DENY
      X-Oauth-Scopes:
      - '*'
      X-Ratelimit-Limit:
      - "800"
      X-Xss-Protection:
      - 1; mode=block
    status: 200 OK
    code: 200
    duration: ""
- request:
    body: '{"region":"ap-west"}'
    form: {}
    headers:
      Accept:
      - application/json
      Content-Type:
      - application/json
      User-Agent:
      - linodego/dev https://github.com/linode/linodego
    url: https://api.linode.com/v4beta/networking/reserved/ips
    method: POST
  response:
    body: '{"address": "45.79.125.41", "gateway": "45.79.125.1", "subnet_mask": "255.255.255.0",
      "prefix": 24, "type": "ipv4", "public": true, "rdns": "45-79-125-41.ip.linodeusercontent.com",
      "linode_id": null, "region": "ap-west", "vpc_nat_1_1": null, "reserved": true}'
    headers:
      Access-Control-Allow-Credentials:
      - "true"
      Access-Control-Allow-Headers:
      - Authorization, Origin, X-Requested-With, Content-Type, Accept, X-Filter
      Access-Control-Allow-Methods:
      - HEAD, GET, OPTIONS, POST, PUT, DELETE
      Access-Control-Allow-Origin:
      - '*'
      Access-Control-Expose-Headers:
      - X-OAuth-Scopes, X-Accepted-OAuth-Scopes, X-Status
      Akamai-Internal-Account:
      - '*'
      Cache-Control:
      - max-age=0, no-cache, no-store
      Connection:
      - keep-alive
      Content-Length:
      - "259"
      Content-Security-Policy:
      - default-src 'none'
      Content-Type:
      - application/json
      Expires:
      - Wed, 02 Oct 2024 19:11:53 GMT
      Pragma:
      - no-cache
      Strict-Transport-Security:
      - max-age=31536000
      Vary:
      - Authorization, X-Filter
      X-Accepted-Oauth-Scopes:
      - ips:read_write
      X-Content-Type-Options:
      - nosniff
      X-Frame-Options:
      - DENY
      - DENY
      X-Oauth-Scopes:
      - '*'
      X-Ratelimit-Limit:
      - "800"
      X-Xss-Protection:
      - 1; mode=block
    status: 200 OK
    code: 200
    duration: ""
- request:
    body: ""
    form: {}
    headers:
      Accept:
      - application/json
      Content-Type:
      - application/json
      User-Agent:
      - linodego/dev https://github.com/linode/linodego
    url: https://api.linode.com/v4beta/networking/ips/45.79.125.41
    method: GET
  response:
    body: '{"address": "45.79.125.41", "gateway": "45.79.125.1", "subnet_mask": "255.255.255.0",
      "prefix": 24, "type": "ipv4", "public": true, "rdns": "45-79-125-41.ip.linodeusercontent.com",
      "linode_id": null, "region": "ap-west", "vpc_nat_1_1": null, "reserved": true}'
    headers:
      Access-Control-Allow-Credentials:
      - "true"
      Access-Control-Allow-Headers:
      - Authorization, Origin, X-Requested-With, Content-Type, Accept, X-Filter
      Access-Control-Allow-Methods:
      - HEAD, GET, OPTIONS, POST, PUT, DELETE
      Access-Control-Allow-Origin:
      - '*'
      Access-Control-Expose-Headers:
      - X-OAuth-Scopes, X-Accepted-OAuth-Scopes, X-Status
      Akamai-Internal-Account:
      - '*'
      Cache-Control:
      - max-age=0, no-cache, no-store
      Connection:
      - keep-alive
      Content-Length:
      - "259"
      Content-Security-Policy:
      - default-src 'none'
      Content-Type:
      - application/json
      Expires:
      - Wed, 02 Oct 2024 19:11:53 GMT
      Pragma:
      - no-cache
      Strict-Transport-Security:
      - max-age=31536000
      Vary:
      - Authorization, X-Filter
      - Authorization, X-Filter
      X-Accepted-Oauth-Scopes:
      - ips:read_only
      X-Content-Type-Options:
      - nosniff
      X-Frame-Options:
      - DENY
      - DENY
      X-Oauth-Scopes:
      - '*'
      X-Ratelimit-Limit:
      - "800"
      X-Xss-Protection:
      - 1; mode=block
    status: 200 OK
    code: 200
    duration: ""
- request:
    body: ""
    form: {}
    headers:
      Accept:
      - application/json
      Content-Type:
      - application/json
      User-Agent:
      - linodego/dev https://github.com/linode/linodego
    url: https://api.linode.com/v4beta/networking/reserved/ips/45.79.125.41
    method: DELETE
  response:
    body: '{}'
    headers:
      Access-Control-Allow-Credentials:
      - "true"
      Access-Control-Allow-Headers:
      - Authorization, Origin, X-Requested-With, Content-Type, Accept, X-Filter
      Access-Control-Allow-Methods:
      - HEAD, GET, OPTIONS, POST, PUT, DELETE
      Access-Control-Allow-Origin:
      - '*'
      Access-Control-Expose-Headers:
      - X-OAuth-Scopes, X-Accepted-OAuth-Scopes, X-Status
      Akamai-Internal-Account:
      - '*'
      Cache-Control:
      - max-age=0, no-cache, no-store
      Connection:
      - keep-alive
      Content-Length:
      - "2"
      Content-Security-Policy:
      - default-src 'none'
      Content-Type:
      - application/json
      Expires:
      - Wed, 02 Oct 2024 19:11:53 GMT
      Pragma:
      - no-cache
      Strict-Transport-Security:
      - max-age=31536000
      Vary:
      - Authorization, X-Filter
      X-Accepted-Oauth-Scopes:
      - ips:read_write
      X-Content-Type-Options:
      - nosniff
      X-Frame-Options:
      - DENY
      - DENY
      X-Oauth-Scopes:
      - '*'
      X-Ratelimit-Limit:
      - "10"
      X-Xss-Protection:
      - 1; mode=block
    status: 200 OK
    code: 200
    duration: ""
- request:
    body: ""
    form: {}
    headers:
      Accept:
      - application/json
      Content-Type:
      - application/json
      User-Agent:
      - linodego/dev https://github.com/linode/linodego
    url: https://api.linode.com/v4beta/linode/instances/64761254
    method: DELETE
  response:
    body: '{}'
    headers:
      Access-Control-Allow-Credentials:
      - "true"
      Access-Control-Allow-Headers:
      - Authorization, Origin, X-Requested-With, Content-Type, Accept, X-Filter
      Access-Control-Allow-Methods:
      - HEAD, GET, OPTIONS, POST, PUT, DELETE
      Access-Control-Allow-Origin:
      - '*'
      Access-Control-Expose-Headers:
      - X-OAuth-Scopes, X-Accepted-OAuth-Scopes, X-Status
      Akamai-Internal-Account:
      - '*'
      Cache-Control:
      - max-age=0, no-cache, no-store
      Connection:
      - keep-alive
      Content-Length:
      - "2"
      Content-Security-Policy:
      - default-src 'none'
      Content-Type:
      - application/json
      Expires:
      - Wed, 02 Oct 2024 19:11:55 GMT
      Pragma:
      - no-cache
      Strict-Transport-Security:
      - max-age=31536000
      Vary:
      - Authorization, X-Filter
      X-Accepted-Oauth-Scopes:
      - linodes:read_write
      X-Content-Type-Options:
      - nosniff
      X-Frame-Options:
      - DENY
      - DENY
      X-Oauth-Scopes:
      - '*'
      X-Ratelimit-Limit:
      - "800"
      X-Xss-Protection:
      - 1; mode=block
    status: 200 OK
    code: 200
    duration: ""
