---
version: 1
interactions:
- request:
    body: '{"region":"us-west","type":"g6-nanode-1","label":"linodego-test-instance-wo-disk","booted":false}'
    form: {}
    headers:
      Accept:
      - application/json
      Content-Type:
      - application/json
      User-Agent:
      - linodego/dev https://github.com/linode/linodego
    url: https://api.linode.com/v4beta/linode/instances
    method: POST
  response:
    body: '{"id": 30282827, "label": "linodego-test-instance-wo-disk", "group": "",
      "status": "provisioning", "created": "2018-01-02T03:04:05", "updated": "2018-01-02T03:04:05",
      "type": "g6-nanode-1", "ipv4": ["45.79.114.34"], "ipv6": "1234::5678/128",
      "image": null, "region": "us-west", "specs": {"disk": 25600, "memory": 1024,
      "vcpus": 1, "gpus": 0, "transfer": 1000}, "alerts": {"cpu": 90, "network_in":
      10, "network_out": 10, "transfer_quota": 80, "io": 10000}, "backups": {"enabled":
      false, "schedule": {"day": null, "window": null}, "last_successful": null},
      "hypervisor": "kvm", "watchdog_enabled": true, "tags": []}'
    headers:
      Access-Control-Allow-Credentials:
      - "true"
      Access-Control-Allow-Headers:
      - Authorization, Origin, X-Requested-With, Content-Type, Accept, X-Filter
      Access-Control-Allow-Methods:
      - HEAD, GET, OPTIONS, POST, PUT, DELETE
      Access-Control-Allow-Origin:
      - '*'
      Access-Control-Expose-Headers:
      - X-OAuth-Scopes, X-Accepted-OAuth-Scopes, X-Status
      Cache-Control:
      - private, max-age=60, s-maxage=60
      Content-Length:
      - "633"
      Content-Security-Policy:
      - default-src 'none'
      Content-Type:
      - application/json
      Server:
      - nginx
      Strict-Transport-Security:
      - max-age=31536000
      Vary:
      - Authorization, X-Filter
      X-Accepted-Oauth-Scopes:
      - linodes:read_write
      X-Content-Type-Options:
      - nosniff
      X-Frame-Options:
      - DENY
      - DENY
      X-Oauth-Scopes:
      - '*'
      X-Xss-Protection:
      - 1; mode=block
    status: 200 OK
    code: 200
    duration: ""
- request:
    body: '{"label":"linodego-test-config","devices":{},"interfaces":null}'
    form: {}
    headers:
      Accept:
      - application/json
      Content-Type:
      - application/json
      User-Agent:
      - linodego/dev https://github.com/linode/linodego
    url: https://api.linode.com/v4beta/linode/instances/30282827/configs
    method: POST
  response:
    body: '{"id": 32460489, "label": "linodego-test-config", "helpers": {"updatedb_disabled":
      true, "distro": true, "modules_dep": true, "network": true, "devtmpfs_automount":
      true}, "kernel": "linode/latest-64bit", "comments": "", "memory_limit": 0, "created":
      "2018-01-02T03:04:05", "updated": "2018-01-02T03:04:05", "root_device": "/dev/sda",
      "devices": {"sda": null, "sdb": null, "sdc": null, "sdd": null, "sde": null,
      "sdf": null, "sdg": null, "sdh": null}, "initrd": null, "run_level": "default",
      "virt_mode": "paravirt", "interfaces": []}'
    headers:
      Access-Control-Allow-Credentials:
      - "true"
      Access-Control-Allow-Headers:
      - Authorization, Origin, X-Requested-With, Content-Type, Accept, X-Filter
      Access-Control-Allow-Methods:
      - HEAD, GET, OPTIONS, POST, PUT, DELETE
      Access-Control-Allow-Origin:
      - '*'
      Access-Control-Expose-Headers:
      - X-OAuth-Scopes, X-Accepted-OAuth-Scopes, X-Status
      Cache-Control:
      - private, max-age=60, s-maxage=60
      Content-Length:
      - "534"
      Content-Security-Policy:
      - default-src 'none'
      Content-Type:
      - application/json
      Server:
      - nginx
      Strict-Transport-Security:
      - max-age=31536000
      Vary:
      - Authorization, X-Filter
      X-Accepted-Oauth-Scopes:
      - linodes:read_write
      X-Content-Type-Options:
      - nosniff
      X-Frame-Options:
      - DENY
      - DENY
      X-Oauth-Scopes:
      - '*'
      X-Xss-Protection:
      - 1; mode=block
    status: 200 OK
    code: 200
    duration: ""
- request:
    body: ""
    form: {}
    headers:
      Accept:
      - application/json
      Content-Type:
      - application/json
      User-Agent:
      - linodego/dev https://github.com/linode/linodego
    url: https://api.linode.com/v4beta/linode/instances/30282827
    method: GET
  response:
    body: '{"id": 30282827, "label": "linodego-test-instance-wo-disk", "group": "",
      "status": "offline", "created": "2018-01-02T03:04:05", "updated": "2018-01-02T03:04:05",
      "type": "g6-nanode-1", "ipv4": ["45.79.114.34"], "ipv6": "1234::5678/128",
      "image": null, "region": "us-west", "specs": {"disk": 25600, "memory": 1024,
      "vcpus": 1, "gpus": 0, "transfer": 1000}, "alerts": {"cpu": 90, "network_in":
      10, "network_out": 10, "transfer_quota": 80, "io": 10000}, "backups": {"enabled":
      false, "schedule": {"day": null, "window": null}, "last_successful": null},
      "hypervisor": "kvm", "watchdog_enabled": true, "tags": []}'
    headers:
      Access-Control-Allow-Credentials:
      - "true"
      Access-Control-Allow-Headers:
      - Authorization, Origin, X-Requested-With, Content-Type, Accept, X-Filter
      Access-Control-Allow-Methods:
      - HEAD, GET, OPTIONS, POST, PUT, DELETE
      Access-Control-Allow-Origin:
      - '*'
      Access-Control-Expose-Headers:
      - X-OAuth-Scopes, X-Accepted-OAuth-Scopes, X-Status
      Cache-Control:
      - private, max-age=0, s-maxage=0, no-cache, no-store
      - private, max-age=60, s-maxage=60
      Content-Length:
      - "628"
      Content-Security-Policy:
      - default-src 'none'
      Content-Type:
      - application/json
      Server:
      - nginx
      Strict-Transport-Security:
      - max-age=31536000
      Vary:
      - Authorization, X-Filter
      - Authorization, X-Filter
      X-Accepted-Oauth-Scopes:
      - linodes:read_only
      X-Content-Type-Options:
      - nosniff
      X-Frame-Options:
      - DENY
      - DENY
      X-Oauth-Scopes:
      - '*'
      X-Xss-Protection:
      - 1; mode=block
    status: 200 OK
    code: 200
    duration: ""
- request:
    body: ""
    form: {}
    headers:
      Accept:
      - application/json
      Content-Type:
      - application/json
      User-Agent:
      - linodego/dev https://github.com/linode/linodego
      X-Filter:
      - '{"+order":"desc","+order_by":"created","action":"disk_imagize","created":{"+gte":"2018-01-02T03:04:05"},"entity.id":30282786,"entity.type":"linode"}'
    url: https://api.linode.com/v4beta/account/events?page=1
    method: GET
  response:
    body: '{"data": [{"id": 217319496, "created": "2018-01-02T03:04:05", "seen": false,
      "read": false, "percent_complete": 77, "time_remaining": null, "rate": null,
      "duration": 31.92186, "action": "disk_imagize", "username": "lgarber-dev", "entity":
      {"label": "linodego-test-instance", "id": 30282786, "type": "linode", "url":
      "/v4/linode/instances/30282786"}, "status": "started", "secondary_entity": {"id":
      13934986, "type": "image", "label": "linodego-test-image", "url": "/v4/images/private/13934986"},
      "message": ""}], "page": 1, "pages": 1, "results": 1}'
    headers:
      Access-Control-Allow-Credentials:
      - "true"
      Access-Control-Allow-Headers:
      - Authorization, Origin, X-Requested-With, Content-Type, Accept, X-Filter
      Access-Control-Allow-Methods:
      - HEAD, GET, OPTIONS, POST, PUT, DELETE
      Access-Control-Allow-Origin:
      - '*'
      Access-Control-Expose-Headers:
      - X-OAuth-Scopes, X-Accepted-OAuth-Scopes, X-Status
      Cache-Control:
      - private, max-age=0, s-maxage=0, no-cache, no-store
      - private, max-age=60, s-maxage=60
      Content-Length:
      - "549"
      Content-Security-Policy:
      - default-src 'none'
      Content-Type:
      - application/json
      Server:
      - nginx
      Strict-Transport-Security:
      - max-age=31536000
      Vary:
      - Authorization, X-Filter
      - Authorization, X-Filter
      X-Accepted-Oauth-Scopes:
      - events:read_only
      X-Content-Type-Options:
      - nosniff
      X-Frame-Options:
      - DENY
      - DENY
      X-Oauth-Scopes:
      - '*'
      X-Xss-Protection:
      - 1; mode=block
    status: 200 OK
    code: 200
    duration: ""
- request:
    body: ""
    form: {}
    headers:
      Accept:
      - application/json
      Content-Type:
      - application/json
      User-Agent:
      - linodego/dev https://github.com/linode/linodego
      X-Filter:
      - '{"+order":"desc","+order_by":"created","action":"disk_imagize","created":{"+gte":"2018-01-02T03:04:05"},"entity.id":30282786,"entity.type":"linode","id":{"+gte":217319496}}'
    url: https://api.linode.com/v4beta/account/events?page=1
    method: GET
  response:
    body: '{"data": [{"id": 217319496, "created": "2018-01-02T03:04:05", "seen": false,
      "read": false, "percent_complete": 84, "time_remaining": null, "rate": null,
      "duration": 46.873247, "action": "disk_imagize", "username": "lgarber-dev",
      "entity": {"label": "linodego-test-instance", "id": 30282786, "type": "linode",
      "url": "/v4/linode/instances/30282786"}, "status": "started", "secondary_entity":
      {"id": 13934986, "type": "image", "label": "linodego-test-image", "url": "/v4/images/private/13934986"},
      "message": ""}], "page": 1, "pages": 1, "results": 1}'
    headers:
      Access-Control-Allow-Credentials:
      - "true"
      Access-Control-Allow-Headers:
      - Authorization, Origin, X-Requested-With, Content-Type, Accept, X-Filter
      Access-Control-Allow-Methods:
      - HEAD, GET, OPTIONS, POST, PUT, DELETE
      Access-Control-Allow-Origin:
      - '*'
      Access-Control-Expose-Headers:
      - X-OAuth-Scopes, X-Accepted-OAuth-Scopes, X-Status
      Cache-Control:
      - private, max-age=0, s-maxage=0, no-cache, no-store
      - private, max-age=60, s-maxage=60
      Content-Length:
      - "550"
      Content-Security-Policy:
      - default-src 'none'
      Content-Type:
      - application/json
      Server:
      - nginx
      Strict-Transport-Security:
      - max-age=31536000
      Vary:
      - Authorization, X-Filter
      - Authorization, X-Filter
      X-Accepted-Oauth-Scopes:
      - events:read_only
      X-Content-Type-Options:
      - nosniff
      X-Frame-Options:
      - DENY
      - DENY
      X-Oauth-Scopes:
      - '*'
      X-Xss-Protection:
      - 1; mode=block
    status: 200 OK
    code: 200
    duration: ""
- request:
    body: ""
    form: {}
    headers:
      Accept:
      - application/json
      Content-Type:
      - application/json
      User-Agent:
      - linodego/dev https://github.com/linode/linodego
      X-Filter:
      - '{"+order":"desc","+order_by":"created","action":"disk_imagize","created":{"+gte":"2018-01-02T03:04:05"},"entity.id":30282786,"entity.type":"linode","id":{"+gte":217319496}}'
    url: https://api.linode.com/v4beta/account/events?page=1
    method: GET
  response:
    body: '{"data": [{"id": 217319496, "created": "2018-01-02T03:04:05", "seen": false,
      "read": false, "percent_complete": 88, "time_remaining": null, "rate": null,
      "duration": 61.856388, "action": "disk_imagize", "username": "lgarber-dev",
      "entity": {"label": "linodego-test-instance", "id": 30282786, "type": "linode",
      "url": "/v4/linode/instances/30282786"}, "status": "started", "secondary_entity":
      {"id": 13934986, "type": "image", "label": "linodego-test-image", "url": "/v4/images/private/13934986"},
      "message": ""}], "page": 1, "pages": 1, "results": 1}'
    headers:
      Access-Control-Allow-Credentials:
      - "true"
      Access-Control-Allow-Headers:
      - Authorization, Origin, X-Requested-With, Content-Type, Accept, X-Filter
      Access-Control-Allow-Methods:
      - HEAD, GET, OPTIONS, POST, PUT, DELETE
      Access-Control-Allow-Origin:
      - '*'
      Access-Control-Expose-Headers:
      - X-OAuth-Scopes, X-Accepted-OAuth-Scopes, X-Status
      Cache-Control:
      - private, max-age=0, s-maxage=0, no-cache, no-store
      - private, max-age=60, s-maxage=60
      Content-Length:
      - "550"
      Content-Security-Policy:
      - default-src 'none'
      Content-Type:
      - application/json
      Server:
      - nginx
      Strict-Transport-Security:
      - max-age=31536000
      Vary:
      - Authorization, X-Filter
      - Authorization, X-Filter
      X-Accepted-Oauth-Scopes:
      - events:read_only
      X-Content-Type-Options:
      - nosniff
      X-Frame-Options:
      - DENY
      - DENY
      X-Oauth-Scopes:
      - '*'
      X-Xss-Protection:
      - 1; mode=block
    status: 200 OK
    code: 200
    duration: ""
- request:
    body: ""
    form: {}
    headers:
      Accept:
      - application/json
      Content-Type:
      - application/json
      User-Agent:
      - linodego/dev https://github.com/linode/linodego
      X-Filter:
      - '{"+order":"desc","+order_by":"created","action":"disk_imagize","created":{"+gte":"2018-01-02T03:04:05"},"entity.id":30282786,"entity.type":"linode","id":{"+gte":217319496}}'
    url: https://api.linode.com/v4beta/account/events?page=1
    method: GET
  response:
    body: '{"data": [{"id": 217319496, "created": "2018-01-02T03:04:05", "seen": false,
      "read": false, "percent_complete": 90, "time_remaining": null, "rate": null,
      "duration": 76.879499, "action": "disk_imagize", "username": "lgarber-dev",
      "entity": {"label": "linodego-test-instance", "id": 30282786, "type": "linode",
      "url": "/v4/linode/instances/30282786"}, "status": "started", "secondary_entity":
      {"id": 13934986, "type": "image", "label": "linodego-test-image", "url": "/v4/images/private/13934986"},
      "message": ""}], "page": 1, "pages": 1, "results": 1}'
    headers:
      Access-Control-Allow-Credentials:
      - "true"
      Access-Control-Allow-Headers:
      - Authorization, Origin, X-Requested-With, Content-Type, Accept, X-Filter
      Access-Control-Allow-Methods:
      - HEAD, GET, OPTIONS, POST, PUT, DELETE
      Access-Control-Allow-Origin:
      - '*'
      Access-Control-Expose-Headers:
      - X-OAuth-Scopes, X-Accepted-OAuth-Scopes, X-Status
      Cache-Control:
      - private, max-age=0, s-maxage=0, no-cache, no-store
      - private, max-age=60, s-maxage=60
      Content-Length:
      - "550"
      Content-Security-Policy:
      - default-src 'none'
      Content-Type:
      - application/json
      Server:
      - nginx
      Strict-Transport-Security:
      - max-age=31536000
      Vary:
      - Authorization, X-Filter
      - Authorization, X-Filter
      X-Accepted-Oauth-Scopes:
      - events:read_only
      X-Content-Type-Options:
      - nosniff
      X-Frame-Options:
      - DENY
      - DENY
      X-Oauth-Scopes:
      - '*'
      X-Xss-Protection:
      - 1; mode=block
    status: 200 OK
    code: 200
    duration: ""
- request:
    body: ""
    form: {}
    headers:
      Accept:
      - application/json
      Content-Type:
      - application/json
      User-Agent:
      - linodego/dev https://github.com/linode/linodego
      X-Filter:
      - '{"+order":"desc","+order_by":"created","action":"disk_imagize","created":{"+gte":"2018-01-02T03:04:05"},"entity.id":30282786,"entity.type":"linode","id":{"+gte":217319496}}'
    url: https://api.linode.com/v4beta/account/events?page=1
    method: GET
  response:
    body: '{"data": [{"id": 217319496, "created": "2018-01-02T03:04:05", "seen": false,
      "read": false, "percent_complete": 92, "time_remaining": null, "rate": null,
      "duration": 91.874916, "action": "disk_imagize", "username": "lgarber-dev",
      "entity": {"label": "linodego-test-instance", "id": 30282786, "type": "linode",
      "url": "/v4/linode/instances/30282786"}, "status": "started", "secondary_entity":
      {"id": 13934986, "type": "image", "label": "linodego-test-image", "url": "/v4/images/private/13934986"},
      "message": ""}], "page": 1, "pages": 1, "results": 1}'
    headers:
      Access-Control-Allow-Credentials:
      - "true"
      Access-Control-Allow-Headers:
      - Authorization, Origin, X-Requested-With, Content-Type, Accept, X-Filter
      Access-Control-Allow-Methods:
      - HEAD, GET, OPTIONS, POST, PUT, DELETE
      Access-Control-Allow-Origin:
      - '*'
      Access-Control-Expose-Headers:
      - X-OAuth-Scopes, X-Accepted-OAuth-Scopes, X-Status
      Cache-Control:
      - private, max-age=0, s-maxage=0, no-cache, no-store
      - private, max-age=60, s-maxage=60
      Content-Length:
      - "550"
      Content-Security-Policy:
      - default-src 'none'
      Content-Type:
      - application/json
      Server:
      - nginx
      Strict-Transport-Security:
      - max-age=31536000
      Vary:
      - Authorization, X-Filter
      - Authorization, X-Filter
      X-Accepted-Oauth-Scopes:
      - events:read_only
      X-Content-Type-Options:
      - nosniff
      X-Frame-Options:
      - DENY
      - DENY
      X-Oauth-Scopes:
      - '*'
      X-Xss-Protection:
      - 1; mode=block
    status: 200 OK
    code: 200
    duration: ""
- request:
    body: ""
    form: {}
    headers:
      Accept:
      - application/json
      Content-Type:
      - application/json
      User-Agent:
      - linodego/dev https://github.com/linode/linodego
      X-Filter:
      - '{"+order":"desc","+order_by":"created","action":"disk_imagize","created":{"+gte":"2018-01-02T03:04:05"},"entity.id":30282786,"entity.type":"linode","id":{"+gte":217319496}}'
    url: https://api.linode.com/v4beta/account/events?page=1
    method: GET
  response:
    body: '{"data": [{"id": 217319496, "created": "2018-01-02T03:04:05", "seen": false,
      "read": false, "percent_complete": 93, "time_remaining": null, "rate": null,
      "duration": 106.890818, "action": "disk_imagize", "username": "lgarber-dev",
      "entity": {"label": "linodego-test-instance", "id": 30282786, "type": "linode",
      "url": "/v4/linode/instances/30282786"}, "status": "started", "secondary_entity":
      {"id": 13934986, "type": "image", "label": "linodego-test-image", "url": "/v4/images/private/13934986"},
      "message": ""}], "page": 1, "pages": 1, "results": 1}'
    headers:
      Access-Control-Allow-Credentials:
      - "true"
      Access-Control-Allow-Headers:
      - Authorization, Origin, X-Requested-With, Content-Type, Accept, X-Filter
      Access-Control-Allow-Methods:
      - HEAD, GET, OPTIONS, POST, PUT, DELETE
      Access-Control-Allow-Origin:
      - '*'
      Access-Control-Expose-Headers:
      - X-OAuth-Scopes, X-Accepted-OAuth-Scopes, X-Status
      Cache-Control:
      - private, max-age=0, s-maxage=0, no-cache, no-store
      - private, max-age=60, s-maxage=60
      Content-Length:
      - "551"
      Content-Security-Policy:
      - default-src 'none'
      Content-Type:
      - application/json
      Server:
      - nginx
      Strict-Transport-Security:
      - max-age=31536000
      Vary:
      - Authorization, X-Filter
      - Authorization, X-Filter
      X-Accepted-Oauth-Scopes:
      - events:read_only
      X-Content-Type-Options:
      - nosniff
      X-Frame-Options:
      - DENY
      - DENY
      X-Oauth-Scopes:
      - '*'
      X-Xss-Protection:
      - 1; mode=block
    status: 200 OK
    code: 200
    duration: ""
- request:
    body: ""
    form: {}
    headers:
      Accept:
      - application/json
      Content-Type:
      - application/json
      User-Agent:
      - linodego/dev https://github.com/linode/linodego
      X-Filter:
      - '{"+order":"desc","+order_by":"created","action":"disk_imagize","created":{"+gte":"2018-01-02T03:04:05"},"entity.id":30282786,"entity.type":"linode","id":{"+gte":217319496}}'
    url: https://api.linode.com/v4beta/account/events?page=1
    method: GET
  response:
    body: '{"data": [{"id": 217319496, "created": "2018-01-02T03:04:05", "seen": false,
      "read": false, "percent_complete": 93, "time_remaining": null, "rate": null,
      "duration": 121.866355, "action": "disk_imagize", "username": "lgarber-dev",
      "entity": {"label": "linodego-test-instance", "id": 30282786, "type": "linode",
      "url": "/v4/linode/instances/30282786"}, "status": "started", "secondary_entity":
      {"id": 13934986, "type": "image", "label": "linodego-test-image", "url": "/v4/images/private/13934986"},
      "message": ""}], "page": 1, "pages": 1, "results": 1}'
    headers:
      Access-Control-Allow-Credentials:
      - "true"
      Access-Control-Allow-Headers:
      - Authorization, Origin, X-Requested-With, Content-Type, Accept, X-Filter
      Access-Control-Allow-Methods:
      - HEAD, GET, OPTIONS, POST, PUT, DELETE
      Access-Control-Allow-Origin:
      - '*'
      Access-Control-Expose-Headers:
      - X-OAuth-Scopes, X-Accepted-OAuth-Scopes, X-Status
      Cache-Control:
      - private, max-age=0, s-maxage=0, no-cache, no-store
      - private, max-age=60, s-maxage=60
      Content-Length:
      - "551"
      Content-Security-Policy:
      - default-src 'none'
      Content-Type:
      - application/json
      Server:
      - nginx
      Strict-Transport-Security:
      - max-age=31536000
      Vary:
      - Authorization, X-Filter
      - Authorization, X-Filter
      X-Accepted-Oauth-Scopes:
      - events:read_only
      X-Content-Type-Options:
      - nosniff
      X-Frame-Options:
      - DENY
      - DENY
      X-Oauth-Scopes:
      - '*'
      X-Xss-Protection:
      - 1; mode=block
    status: 200 OK
    code: 200
    duration: ""
- request:
    body: ""
    form: {}
    headers:
      Accept:
      - application/json
      Content-Type:
      - application/json
      User-Agent:
      - linodego/dev https://github.com/linode/linodego
      X-Filter:
      - '{"+order":"desc","+order_by":"created","action":"disk_imagize","created":{"+gte":"2018-01-02T03:04:05"},"entity.id":30282786,"entity.type":"linode","id":{"+gte":217319496}}'
    url: https://api.linode.com/v4beta/account/events?page=1
    method: GET
  response:
    body: '{"data": [{"id": 217319496, "created": "2018-01-02T03:04:05", "seen": false,
      "read": false, "percent_complete": 94, "time_remaining": null, "rate": null,
      "duration": 136.870772, "action": "disk_imagize", "username": "lgarber-dev",
      "entity": {"label": "linodego-test-instance", "id": 30282786, "type": "linode",
      "url": "/v4/linode/instances/30282786"}, "status": "started", "secondary_entity":
      {"id": 13934986, "type": "image", "label": "linodego-test-image", "url": "/v4/images/private/13934986"},
      "message": ""}], "page": 1, "pages": 1, "results": 1}'
    headers:
      Access-Control-Allow-Credentials:
      - "true"
      Access-Control-Allow-Headers:
      - Authorization, Origin, X-Requested-With, Content-Type, Accept, X-Filter
      Access-Control-Allow-Methods:
      - HEAD, GET, OPTIONS, POST, PUT, DELETE
      Access-Control-Allow-Origin:
      - '*'
      Access-Control-Expose-Headers:
      - X-OAuth-Scopes, X-Accepted-OAuth-Scopes, X-Status
      Cache-Control:
      - private, max-age=0, s-maxage=0, no-cache, no-store
      - private, max-age=60, s-maxage=60
      Content-Length:
      - "551"
      Content-Security-Policy:
      - default-src 'none'
      Content-Type:
      - application/json
      Server:
      - nginx
      Strict-Transport-Security:
      - max-age=31536000
      Vary:
      - Authorization, X-Filter
      - Authorization, X-Filter
      X-Accepted-Oauth-Scopes:
      - events:read_only
      X-Content-Type-Options:
      - nosniff
      X-Frame-Options:
      - DENY
      - DENY
      X-Oauth-Scopes:
      - '*'
      X-Xss-Protection:
      - 1; mode=block
    status: 200 OK
    code: 200
    duration: ""
- request:
    body: ""
    form: {}
    headers:
      Accept:
      - application/json
      Content-Type:
      - application/json
      User-Agent:
      - linodego/dev https://github.com/linode/linodego
      X-Filter:
      - '{"+order":"desc","+order_by":"created","action":"disk_imagize","created":{"+gte":"2018-01-02T03:04:05"},"entity.id":30282786,"entity.type":"linode","id":{"+gte":217319496}}'
    url: https://api.linode.com/v4beta/account/events?page=1
    method: GET
  response:
    body: '{"data": [{"id": 217319496, "created": "2018-01-02T03:04:05", "seen": false,
      "read": false, "percent_complete": 94, "time_remaining": null, "rate": null,
      "duration": 151.869745, "action": "disk_imagize", "username": "lgarber-dev",
      "entity": {"label": "linodego-test-instance", "id": 30282786, "type": "linode",
      "url": "/v4/linode/instances/30282786"}, "status": "started", "secondary_entity":
      {"id": 13934986, "type": "image", "label": "linodego-test-image", "url": "/v4/images/private/13934986"},
      "message": ""}], "page": 1, "pages": 1, "results": 1}'
    headers:
      Access-Control-Allow-Credentials:
      - "true"
      Access-Control-Allow-Headers:
      - Authorization, Origin, X-Requested-With, Content-Type, Accept, X-Filter
      Access-Control-Allow-Methods:
      - HEAD, GET, OPTIONS, POST, PUT, DELETE
      Access-Control-Allow-Origin:
      - '*'
      Access-Control-Expose-Headers:
      - X-OAuth-Scopes, X-Accepted-OAuth-Scopes, X-Status
      Cache-Control:
      - private, max-age=0, s-maxage=0, no-cache, no-store
      - private, max-age=60, s-maxage=60
      Content-Length:
      - "551"
      Content-Security-Policy:
      - default-src 'none'
      Content-Type:
      - application/json
      Server:
      - nginx
      Strict-Transport-Security:
      - max-age=31536000
      Vary:
      - Authorization, X-Filter
      - Authorization, X-Filter
      X-Accepted-Oauth-Scopes:
      - events:read_only
      X-Content-Type-Options:
      - nosniff
      X-Frame-Options:
      - DENY
      - DENY
      X-Oauth-Scopes:
      - '*'
      X-Xss-Protection:
      - 1; mode=block
    status: 200 OK
    code: 200
    duration: ""
- request:
    body: ""
    form: {}
    headers:
      Accept:
      - application/json
      Content-Type:
      - application/json
      User-Agent:
      - linodego/dev https://github.com/linode/linodego
      X-Filter:
      - '{"+order":"desc","+order_by":"created","action":"disk_imagize","created":{"+gte":"2018-01-02T03:04:05"},"entity.id":30282786,"entity.type":"linode","id":{"+gte":217319496}}'
    url: https://api.linode.com/v4beta/account/events?page=1
    method: GET
  response:
    body: '{"data": [{"id": 217319496, "created": "2018-01-02T03:04:05", "seen": false,
      "read": false, "percent_complete": 95, "time_remaining": null, "rate": null,
      "duration": 166.871059, "action": "disk_imagize", "username": "lgarber-dev",
      "entity": {"label": "linodego-test-instance", "id": 30282786, "type": "linode",
      "url": "/v4/linode/instances/30282786"}, "status": "started", "secondary_entity":
      {"id": 13934986, "type": "image", "label": "linodego-test-image", "url": "/v4/images/private/13934986"},
      "message": ""}], "page": 1, "pages": 1, "results": 1}'
    headers:
      Access-Control-Allow-Credentials:
      - "true"
      Access-Control-Allow-Headers:
      - Authorization, Origin, X-Requested-With, Content-Type, Accept, X-Filter
      Access-Control-Allow-Methods:
      - HEAD, GET, OPTIONS, POST, PUT, DELETE
      Access-Control-Allow-Origin:
      - '*'
      Access-Control-Expose-Headers:
      - X-OAuth-Scopes, X-Accepted-OAuth-Scopes, X-Status
      Cache-Control:
      - private, max-age=0, s-maxage=0, no-cache, no-store
      - private, max-age=60, s-maxage=60
      Content-Length:
      - "551"
      Content-Security-Policy:
      - default-src 'none'
      Content-Type:
      - application/json
      Server:
      - nginx
      Strict-Transport-Security:
      - max-age=31536000
      Vary:
      - Authorization, X-Filter
      - Authorization, X-Filter
      X-Accepted-Oauth-Scopes:
      - events:read_only
      X-Content-Type-Options:
      - nosniff
      X-Frame-Options:
      - DENY
      - DENY
      X-Oauth-Scopes:
      - '*'
      X-Xss-Protection:
      - 1; mode=block
    status: 200 OK
    code: 200
    duration: ""
- request:
    body: ""
    form: {}
    headers:
      Accept:
      - application/json
      Content-Type:
      - application/json
      User-Agent:
      - linodego/dev https://github.com/linode/linodego
      X-Filter:
      - '{"+order":"desc","+order_by":"created","action":"disk_imagize","created":{"+gte":"2018-01-02T03:04:05"},"entity.id":30282786,"entity.type":"linode","id":{"+gte":217319496}}'
    url: https://api.linode.com/v4beta/account/events?page=1
    method: GET
  response:
    body: '{"data": [{"id": 217319496, "created": "2018-01-02T03:04:05", "seen": false,
      "read": false, "percent_complete": 95, "time_remaining": null, "rate": null,
      "duration": 181.868198, "action": "disk_imagize", "username": "lgarber-dev",
      "entity": {"label": "linodego-test-instance", "id": 30282786, "type": "linode",
      "url": "/v4/linode/instances/30282786"}, "status": "started", "secondary_entity":
      {"id": 13934986, "type": "image", "label": "linodego-test-image", "url": "/v4/images/private/13934986"},
      "message": ""}], "page": 1, "pages": 1, "results": 1}'
    headers:
      Access-Control-Allow-Credentials:
      - "true"
      Access-Control-Allow-Headers:
      - Authorization, Origin, X-Requested-With, Content-Type, Accept, X-Filter
      Access-Control-Allow-Methods:
      - HEAD, GET, OPTIONS, POST, PUT, DELETE
      Access-Control-Allow-Origin:
      - '*'
      Access-Control-Expose-Headers:
      - X-OAuth-Scopes, X-Accepted-OAuth-Scopes, X-Status
      Cache-Control:
      - private, max-age=0, s-maxage=0, no-cache, no-store
      - private, max-age=60, s-maxage=60
      Content-Length:
      - "551"
      Content-Security-Policy:
      - default-src 'none'
      Content-Type:
      - application/json
      Server:
      - nginx
      Strict-Transport-Security:
      - max-age=31536000
      Vary:
      - Authorization, X-Filter
      - Authorization, X-Filter
      X-Accepted-Oauth-Scopes:
      - events:read_only
      X-Content-Type-Options:
      - nosniff
      X-Frame-Options:
      - DENY
      - DENY
      X-Oauth-Scopes:
      - '*'
      X-Xss-Protection:
      - 1; mode=block
    status: 200 OK
    code: 200
    duration: ""
- request:
    body: ""
    form: {}
    headers:
      Accept:
      - application/json
      Content-Type:
      - application/json
      User-Agent:
      - linodego/dev https://github.com/linode/linodego
      X-Filter:
      - '{"+order":"desc","+order_by":"created","action":"disk_imagize","created":{"+gte":"2018-01-02T03:04:05"},"entity.id":30282786,"entity.type":"linode","id":{"+gte":217319496}}'
    url: https://api.linode.com/v4beta/account/events?page=1
    method: GET
  response:
    body: '{"data": [{"id": 217319496, "created": "2018-01-02T03:04:05", "seen": false,
      "read": false, "percent_complete": 100, "time_remaining": 0, "rate": null, "duration":
      195.0, "action": "disk_imagize", "username": "lgarber-dev", "entity": {"label":
      "linodego-test-instance", "id": 30282786, "type": "linode", "url": "/v4/linode/instances/30282786"},
      "status": "finished", "secondary_entity": {"id": 13934986, "type": "image",
      "label": "linodego-test-image", "url": "/v4/images/private/13934986"}, "message":
      ""}], "page": 1, "pages": 1, "results": 1}'
    headers:
      Access-Control-Allow-Credentials:
      - "true"
      Access-Control-Allow-Headers:
      - Authorization, Origin, X-Requested-With, Content-Type, Accept, X-Filter
      Access-Control-Allow-Methods:
      - HEAD, GET, OPTIONS, POST, PUT, DELETE
      Access-Control-Allow-Origin:
      - '*'
      Access-Control-Expose-Headers:
      - X-OAuth-Scopes, X-Accepted-OAuth-Scopes, X-Status
      Cache-Control:
      - private, max-age=0, s-maxage=0, no-cache, no-store
      - private, max-age=60, s-maxage=60
      Content-Length:
      - "545"
      Content-Security-Policy:
      - default-src 'none'
      Content-Type:
      - application/json
      Server:
      - nginx
      Strict-Transport-Security:
      - max-age=31536000
      Vary:
      - Authorization, X-Filter
      - Authorization, X-Filter
      X-Accepted-Oauth-Scopes:
      - events:read_only
      X-Content-Type-Options:
      - nosniff
      X-Frame-Options:
      - DENY
      - DENY
      X-Oauth-Scopes:
      - '*'
      X-Xss-Protection:
      - 1; mode=block
    status: 200 OK
    code: 200
    duration: ""
- request:
    body: '{"label":"linodego-test-instancedisk","size":2000,"image":"private/13934986","root_pass":"R34lBAdP455"}'
    form: {}
    headers:
      Accept:
      - application/json
      Content-Type:
      - application/json
      User-Agent:
      - linodego/dev https://github.com/linode/linodego
    url: https://api.linode.com/v4beta/linode/instances/30282827/disks
    method: POST
  response:
    body: '{"id": 61130158, "status": "not ready", "label": "linodego-test-instancedisk",
      "created": "2018-01-02T03:04:05", "updated": "2018-01-02T03:04:05", "filesystem":
      "ext4", "size": 1096}'
    headers:
      Access-Control-Allow-Credentials:
      - "true"
      Access-Control-Allow-Headers:
      - Authorization, Origin, X-Requested-With, Content-Type, Accept, X-Filter
      Access-Control-Allow-Methods:
      - HEAD, GET, OPTIONS, POST, PUT, DELETE
      Access-Control-Allow-Origin:
      - '*'
      Access-Control-Expose-Headers:
      - X-OAuth-Scopes, X-Accepted-OAuth-Scopes, X-Status
      Cache-Control:
      - private, max-age=60, s-maxage=60
      Content-Length:
      - "182"
      Content-Security-Policy:
      - default-src 'none'
      Content-Type:
      - application/json
      Server:
      - nginx
      Strict-Transport-Security:
      - max-age=31536000
      Vary:
      - Authorization, X-Filter
      X-Accepted-Oauth-Scopes:
      - linodes:read_write
      X-Content-Type-Options:
      - nosniff
      X-Frame-Options:
      - DENY
      - DENY
      X-Oauth-Scopes:
      - '*'
      X-Xss-Protection:
      - 1; mode=block
    status: 200 OK
    code: 200
    duration: ""
- request:
    body: '{"label":"linodego-test-2","size":2000}'
    form: {}
    headers:
      Accept:
      - application/json
      Content-Type:
      - application/json
      User-Agent:
      - linodego/dev https://github.com/linode/linodego
    url: https://api.linode.com/v4beta/linode/instances/30282827/disks
    method: POST
  response:
    body: '{"errors": [{"reason": "Linode busy."}]}'
    headers:
      Access-Control-Allow-Headers:
      - Authorization, Origin, X-Requested-With, Content-Type, Accept, X-Filter
      Access-Control-Allow-Methods:
      - HEAD, GET, OPTIONS, POST, PUT, DELETE
      Access-Control-Allow-Origin:
      - '*'
      Content-Length:
      - "40"
      Content-Type:
      - application/json
      Server:
      - nginx
      X-Accepted-Oauth-Scopes:
      - linodes:read_write
      X-Frame-Options:
      - DENY
      X-Oauth-Scopes:
      - '*'
    status: 400 Bad Request
    code: 400
    duration: ""
- request:
    body: '{"label":"linodego-test-2","size":2000}'
    form: {}
    headers:
      Accept:
      - application/json
      Content-Type:
      - application/json
      User-Agent:
      - linodego/dev https://github.com/linode/linodego
    url: https://api.linode.com/v4beta/linode/instances/30282827/disks
    method: POST
  response:
    body: '{"errors": [{"reason": "Linode busy."}]}'
    headers:
      Access-Control-Allow-Headers:
      - Authorization, Origin, X-Requested-With, Content-Type, Accept, X-Filter
      Access-Control-Allow-Methods:
      - HEAD, GET, OPTIONS, POST, PUT, DELETE
      Access-Control-Allow-Origin:
      - '*'
      Content-Length:
      - "40"
      Content-Type:
      - application/json
      Server:
      - nginx
      X-Accepted-Oauth-Scopes:
      - linodes:read_write
      X-Frame-Options:
      - DENY
      X-Oauth-Scopes:
      - '*'
    status: 400 Bad Request
    code: 400
    duration: ""
- request:
    body: '{"label":"linodego-test-2","size":2000}'
    form: {}
    headers:
      Accept:
      - application/json
      Content-Type:
      - application/json
      User-Agent:
      - linodego/dev https://github.com/linode/linodego
    url: https://api.linode.com/v4beta/linode/instances/30282827/disks
    method: POST
  response:
    body: '{"errors": [{"reason": "Linode busy."}]}'
    headers:
      Access-Control-Allow-Headers:
      - Authorization, Origin, X-Requested-With, Content-Type, Accept, X-Filter
      Access-Control-Allow-Methods:
      - HEAD, GET, OPTIONS, POST, PUT, DELETE
      Access-Control-Allow-Origin:
      - '*'
      Content-Length:
      - "40"
      Content-Type:
      - application/json
      Server:
      - nginx
      X-Accepted-Oauth-Scopes:
      - linodes:read_write
      X-Frame-Options:
      - DENY
      X-Oauth-Scopes:
      - '*'
    status: 400 Bad Request
    code: 400
    duration: ""
- request:
    body: '{"label":"linodego-test-2","size":2000}'
    form: {}
    headers:
      Accept:
      - application/json
      Content-Type:
      - application/json
      User-Agent:
      - linodego/dev https://github.com/linode/linodego
    url: https://api.linode.com/v4beta/linode/instances/30282827/disks
    method: POST
  response:
    body: '{"errors": [{"reason": "Linode busy."}]}'
    headers:
      Access-Control-Allow-Headers:
      - Authorization, Origin, X-Requested-With, Content-Type, Accept, X-Filter
      Access-Control-Allow-Methods:
      - HEAD, GET, OPTIONS, POST, PUT, DELETE
      Access-Control-Allow-Origin:
      - '*'
      Content-Length:
      - "40"
      Content-Type:
      - application/json
      Server:
      - nginx
      X-Accepted-Oauth-Scopes:
      - linodes:read_write
      X-Frame-Options:
      - DENY
      X-Oauth-Scopes:
      - '*'
    status: 400 Bad Request
    code: 400
    duration: ""
- request:
    body: '{"label":"linodego-test-2","size":2000}'
    form: {}
    headers:
      Accept:
      - application/json
      Content-Type:
      - application/json
      User-Agent:
      - linodego/dev https://github.com/linode/linodego
    url: https://api.linode.com/v4beta/linode/instances/30282827/disks
    method: POST
  response:
    body: '{"errors": [{"reason": "Linode busy."}]}'
    headers:
      Access-Control-Allow-Headers:
      - Authorization, Origin, X-Requested-With, Content-Type, Accept, X-Filter
      Access-Control-Allow-Methods:
      - HEAD, GET, OPTIONS, POST, PUT, DELETE
      Access-Control-Allow-Origin:
      - '*'
      Content-Length:
      - "40"
      Content-Type:
      - application/json
      Server:
      - nginx
      X-Accepted-Oauth-Scopes:
      - linodes:read_write
      X-Frame-Options:
      - DENY
      X-Oauth-Scopes:
      - '*'
    status: 400 Bad Request
    code: 400
    duration: ""
- request:
    body: '{"label":"linodego-test-2","size":2000}'
    form: {}
    headers:
      Accept:
      - application/json
      Content-Type:
      - application/json
      User-Agent:
      - linodego/dev https://github.com/linode/linodego
    url: https://api.linode.com/v4beta/linode/instances/30282827/disks
    method: POST
  response:
    body: '{"id": 61130185, "status": "not ready", "label": "linodego-test-2", "created":
      "2018-01-02T03:04:05", "updated": "2018-01-02T03:04:05", "filesystem": "ext4",
      "size": 2000}'
    headers:
      Access-Control-Allow-Credentials:
      - "true"
      Access-Control-Allow-Headers:
      - Authorization, Origin, X-Requested-With, Content-Type, Accept, X-Filter
      Access-Control-Allow-Methods:
      - HEAD, GET, OPTIONS, POST, PUT, DELETE
      Access-Control-Allow-Origin:
      - '*'
      Access-Control-Expose-Headers:
      - X-OAuth-Scopes, X-Accepted-OAuth-Scopes, X-Status
      Cache-Control:
      - private, max-age=60, s-maxage=60
      Content-Length:
      - "171"
      Content-Security-Policy:
      - default-src 'none'
      Content-Type:
      - application/json
      Server:
      - nginx
      Strict-Transport-Security:
      - max-age=31536000
      Vary:
      - Authorization, X-Filter
      X-Accepted-Oauth-Scopes:
      - linodes:read_write
      X-Content-Type-Options:
      - nosniff
      X-Frame-Options:
      - DENY
      - DENY
      X-Oauth-Scopes:
      - '*'
      X-Xss-Protection:
      - 1; mode=block
    status: 200 OK
    code: 200
    duration: ""
- request:
    body: ""
    form: {}
    headers:
      Accept:
      - application/json
      Content-Type:
      - application/json
      User-Agent:
      - linodego/dev https://github.com/linode/linodego
    url: https://api.linode.com/v4beta/linode/instances/30282827/disks
    method: GET
  response:
    body: '{"data": [{"id": 61130158, "status": "not ready", "label": "linodego-test-instancedisk",
      "created": "2018-01-02T03:04:05", "updated": "2018-01-02T03:04:05", "filesystem":
      "ext4", "size": 2000}, {"id": 61130185, "status": "not ready", "label": "linodego-test-2",
      "created": "2018-01-02T03:04:05", "updated": "2018-01-02T03:04:05", "filesystem":
      "ext4", "size": 2000}], "page": 1, "pages": 1, "results": 2}'
    headers:
      Access-Control-Allow-Credentials:
      - "true"
      Access-Control-Allow-Headers:
      - Authorization, Origin, X-Requested-With, Content-Type, Accept, X-Filter
      Access-Control-Allow-Methods:
      - HEAD, GET, OPTIONS, POST, PUT, DELETE
      Access-Control-Allow-Origin:
      - '*'
      Access-Control-Expose-Headers:
      - X-OAuth-Scopes, X-Accepted-OAuth-Scopes, X-Status
      Cache-Control:
      - private, max-age=0, s-maxage=0, no-cache, no-store
      - private, max-age=60, s-maxage=60
      Content-Length:
      - "404"
      Content-Security-Policy:
      - default-src 'none'
      Content-Type:
      - application/json
      Server:
      - nginx
      Strict-Transport-Security:
      - max-age=31536000
      Vary:
      - Authorization, X-Filter
      - Authorization, X-Filter
      X-Accepted-Oauth-Scopes:
      - linodes:read_only
      X-Content-Type-Options:
      - nosniff
      X-Frame-Options:
      - DENY
      - DENY
      X-Oauth-Scopes:
      - '*'
      X-Xss-Protection:
      - 1; mode=block
    status: 200 OK
    code: 200
    duration: ""
- request:
    body: ""
    form: {}
    headers:
      Accept:
      - application/json
      Content-Type:
      - application/json
      User-Agent:
      - linodego/dev https://github.com/linode/linodego
    url: https://api.linode.com/v4beta/linode/instances/30282827
    method: DELETE
  response:
    body: '{}'
    headers:
      Access-Control-Allow-Credentials:
      - "true"
      Access-Control-Allow-Headers:
      - Authorization, Origin, X-Requested-With, Content-Type, Accept, X-Filter
      Access-Control-Allow-Methods:
      - HEAD, GET, OPTIONS, POST, PUT, DELETE
      Access-Control-Allow-Origin:
      - '*'
      Access-Control-Expose-Headers:
      - X-OAuth-Scopes, X-Accepted-OAuth-Scopes, X-Status
      Cache-Control:
      - private, max-age=60, s-maxage=60
      Content-Length:
      - "2"
      Content-Security-Policy:
      - default-src 'none'
      Content-Type:
      - application/json
      Server:
      - nginx
      Strict-Transport-Security:
      - max-age=31536000
      Vary:
      - Authorization, X-Filter
      X-Accepted-Oauth-Scopes:
      - linodes:read_write
      X-Content-Type-Options:
      - nosniff
      X-Frame-Options:
      - DENY
      - DENY
      X-Oauth-Scopes:
      - '*'
      X-Xss-Protection:
      - 1; mode=block
    status: 200 OK
    code: 200
    duration: ""
