---
version: 1
interactions:
- request:
    body: '{"region":"us-east","type":"g6-nanode-1","label":"test-instance-for-ip-reservation","root_pass":"-H~]1qcz32[;5j^3KT=''sOf~T6-IyJ975~9xmK7?VKo8R,04CvbG$30^l^OAFwsh"}'
    form: {}
    headers:
      Accept:
      - application/json
      Content-Type:
      - application/json
      User-Agent:
      - linodego/dev https://github.com/linode/linodego
    url: https://api.linode.com/v4beta/linode/instances
    method: POST
  response:
    body: '{"id": 82372537, "label": "test-instance-for-ip-reservation", "group":
      "", "status": "provisioning", "created": "2018-01-02T03:04:05", "updated": "2018-01-02T03:04:05",
      "type": "g6-nanode-1", "ipv4": ["172.104.215.54"], "ipv6": "1234::5678/128",
      "image": null, "region": "us-east", "site_type": "core", "specs": {"disk": 25600,
      "memory": 1024, "vcpus": 1, "gpus": 0, "transfer": 1000, "accelerated_devices":
      0}, "alerts": {"cpu": 90, "network_in": 10, "network_out": 10, "transfer_quota":
      80, "io": 10000}, "backups": {"enabled": false, "available": false, "schedule":
      {"day": null, "window": null}, "last_successful": null}, "hypervisor": "kvm",
      "watchdog_enabled": true, "tags": [], "host_uuid": "3e0b72a174519259b7d08494416447addea79cba",
      "has_user_data": false, "placement_group": null, "disk_encryption": "enabled",
      "lke_cluster_id": null, "capabilities": [], "interface_generation": "legacy_config"}'
    headers:
      Access-Control-Allow-Credentials:
      - "true"
      Access-Control-Allow-Headers:
      - Authorization, Origin, X-Requested-With, Content-Type, Accept, X-Filter
      Access-Control-Allow-Methods:
      - HEAD, GET, OPTIONS, POST, PUT, DELETE
      Access-Control-Allow-Origin:
      - '*'
      Access-Control-Expose-Headers:
      - X-OAuth-Scopes, X-Accepted-OAuth-Scopes, X-Status
      Akamai-Internal-Account:
      - '*'
      Cache-Control:
      - max-age=0, no-cache, no-store
      Connection:
      - keep-alive
      Content-Security-Policy:
      - default-src 'none'
      Content-Type:
      - application/json
      Expires:
      - Fri, 22 Aug 2025 20:59:08 GMT
      Pragma:
      - no-cache
      Strict-Transport-Security:
      - max-age=31536000
      Vary:
      - Authorization, X-Filter
      - Accept-Encoding
      X-Accepted-Oauth-Scopes:
      - linodes:read_write
      X-Content-Type-Options:
      - nosniff
      X-Frame-Options:
      - DENY
      - DENY
      X-Oauth-Scopes:
      - '*'
      X-Ratelimit-Limit:
      - "20"
      X-Xss-Protection:
      - 1; mode=block
    status: 200 OK
    code: 200
    duration: ""
- request:
    body: '{"region":"us-east"}'
    form: {}
    headers:
      Accept:
      - application/json
      Content-Type:
      - application/json
      User-Agent:
      - linodego/dev https://github.com/linode/linodego
    url: https://api.linode.com/v4beta/networking/reserved/ips
    method: POST
  response:
    body: '{"address": "45.33.88.15", "gateway": "45.33.88.1", "subnet_mask": "255.255.255.0",
      "prefix": 24, "type": "ipv4", "public": true, "rdns": null, "linode_id": null,
      "interface_id": null, "region": "us-east", "vpc_nat_1_1": null, "reserved":
      true, "assigned_entity": null}'
    headers:
      Access-Control-Allow-Credentials:
      - "true"
      Access-Control-Allow-Headers:
      - Authorization, Origin, X-Requested-With, Content-Type, Accept, X-Filter
      Access-Control-Allow-Methods:
      - HEAD, GET, OPTIONS, POST, PUT, DELETE
      Access-Control-Allow-Origin:
      - '*'
      Access-Control-Expose-Headers:
      - X-OAuth-Scopes, X-Accepted-OAuth-Scopes, X-Status
      Akamai-Internal-Account:
      - '*'
      Cache-Control:
      - max-age=0, no-cache, no-store
      Connection:
      - keep-alive
      Content-Length:
      - "269"
      Content-Security-Policy:
      - default-src 'none'
      Content-Type:
      - application/json
      Expires:
      - Fri, 22 Aug 2025 20:59:08 GMT
      Pragma:
      - no-cache
      Strict-Transport-Security:
      - max-age=31536000
      Vary:
      - Authorization, X-Filter
      X-Accepted-Oauth-Scopes:
      - ips:read_write
      X-Content-Type-Options:
      - nosniff
      X-Frame-Options:
      - DENY
      - DENY
      X-Oauth-Scopes:
      - '*'
      X-Ratelimit-Limit:
      - "1840"
      X-Xss-Protection:
      - 1; mode=block
    status: 200 OK
    code: 200
    duration: ""
- request:
    body: '{"type":"ipv4","public":true,"address":"45.33.88.15"}'
    form: {}
    headers:
      Accept:
      - application/json
      Content-Type:
      - application/json
      User-Agent:
      - linodego/dev https://github.com/linode/linodego
    url: https://api.linode.com/v4beta/linode/instances/82372537/ips
    method: POST
  response:
    body: '{"address": "45.33.88.15", "gateway": "45.33.88.1", "subnet_mask": "255.255.255.0",
      "prefix": 24, "type": "ipv4", "public": true, "rdns": "45-33-88-15.ip.linodeusercontent.com",
      "linode_id": 82372537, "interface_id": null, "region": "us-east", "vpc_nat_1_1":
      null, "reserved": true, "assigned_entity": {"id": 82372537, "type": "linode",
      "label": "test-instance-for-ip-reservation", "url": "/v4/linode/instances/82372537"}}'
    headers:
      Access-Control-Allow-Credentials:
      - "true"
      Access-Control-Allow-Headers:
      - Authorization, Origin, X-Requested-With, Content-Type, Accept, X-Filter
      Access-Control-Allow-Methods:
      - HEAD, GET, OPTIONS, POST, PUT, DELETE
      Access-Control-Allow-Origin:
      - '*'
      Access-Control-Expose-Headers:
      - X-OAuth-Scopes, X-Accepted-OAuth-Scopes, X-Status
      Akamai-Internal-Account:
      - '*'
      Cache-Control:
      - max-age=0, no-cache, no-store
      Connection:
      - keep-alive
      Content-Length:
      - "422"
      Content-Security-Policy:
      - default-src 'none'
      Content-Type:
      - application/json
      Expires:
      - Fri, 22 Aug 2025 20:59:09 GMT
      Pragma:
      - no-cache
      Strict-Transport-Security:
      - max-age=31536000
      Vary:
      - Authorization, X-Filter
      X-Accepted-Oauth-Scopes:
      - linodes:read_write
      X-Content-Type-Options:
      - nosniff
      X-Frame-Options:
      - DENY
      - DENY
      X-Oauth-Scopes:
      - '*'
      X-Ratelimit-Limit:
      - "1840"
      X-Xss-Protection:
      - 1; mode=block
    status: 200 OK
    code: 200
    duration: ""
- request:
    body: '{"type":"ipv4","public":false,"address":"45.33.88.15"}'
    form: {}
    headers:
      Accept:
      - application/json
      Content-Type:
      - application/json
      User-Agent:
      - linodego/dev https://github.com/linode/linodego
    url: https://api.linode.com/v4beta/linode/instances/82372537/ips
    method: POST
  response:
    body: '{"errors": [{"reason": "Cannot reserve a private address.", "field": "address"}]}'
    headers:
      Access-Control-Allow-Headers:
      - Authorization, Origin, X-Requested-With, Content-Type, Accept, X-Filter
      Access-Control-Allow-Methods:
      - HEAD, GET, OPTIONS, POST, PUT, DELETE
      Access-Control-Allow-Origin:
      - '*'
      Akamai-Internal-Account:
      - '*'
      Cache-Control:
      - max-age=0, no-cache, no-store
      Content-Length:
      - "81"
      Content-Type:
      - application/json
      Expires:
      - Fri, 22 Aug 2025 20:59:09 GMT
      Pragma:
      - no-cache
      Strict-Transport-Security:
      - max-age=31536000
      X-Accepted-Oauth-Scopes:
      - linodes:read_write
      X-Frame-Options:
      - DENY
      X-Oauth-Scopes:
      - '*'
      X-Ratelimit-Limit:
      - "1840"
    status: 400 Bad Request
    code: 400
    duration: ""
- request:
    body: '{"region":"us-east"}'
    form: {}
    headers:
      Accept:
      - application/json
      Content-Type:
      - application/json
      User-Agent:
      - linodego/dev https://github.com/linode/linodego
    url: https://api.linode.com/v4beta/networking/reserved/ips
    method: POST
  response:
    body: '{"address": "45.33.88.68", "gateway": "45.33.88.1", "subnet_mask": "255.255.255.0",
      "prefix": 24, "type": "ipv4", "public": true, "rdns": null, "linode_id": null,
      "interface_id": null, "region": "us-east", "vpc_nat_1_1": null, "reserved":
      true, "assigned_entity": null}'
    headers:
      Access-Control-Allow-Credentials:
      - "true"
      Access-Control-Allow-Headers:
      - Authorization, Origin, X-Requested-With, Content-Type, Accept, X-Filter
      Access-Control-Allow-Methods:
      - HEAD, GET, OPTIONS, POST, PUT, DELETE
      Access-Control-Allow-Origin:
      - '*'
      Access-Control-Expose-Headers:
      - X-OAuth-Scopes, X-Accepted-OAuth-Scopes, X-Status
      Akamai-Internal-Account:
      - '*'
      Cache-Control:
      - max-age=0, no-cache, no-store
      Connection:
      - keep-alive
      Content-Length:
      - "269"
      Content-Security-Policy:
      - default-src 'none'
      Content-Type:
      - application/json
      Expires:
      - Fri, 22 Aug 2025 20:59:09 GMT
      Pragma:
      - no-cache
      Strict-Transport-Security:
      - max-age=31536000
      Vary:
      - Authorization, X-Filter
      X-Accepted-Oauth-Scopes:
      - ips:read_write
      X-Content-Type-Options:
      - nosniff
      X-Frame-Options:
      - DENY
      - DENY
      X-Oauth-Scopes:
      - '*'
      X-Ratelimit-Limit:
      - "1840"
      X-Xss-Protection:
      - 1; mode=block
    status: 200 OK
    code: 200
    duration: ""
- request:
    body: '{"type":"ipv4","public":true,"address":"45.33.88.68"}'
    form: {}
    headers:
      Accept:
      - application/json
      Content-Type:
      - application/json
      User-Agent:
      - linodego/dev https://github.com/linode/linodego
    url: https://api.linode.com/v4beta/linode/instances/63510870/ips
    method: POST
  response:
    body: '{"errors": [{"reason": "Not found"}]}'
    headers:
      Access-Control-Allow-Headers:
      - Authorization, Origin, X-Requested-With, Content-Type, Accept, X-Filter
      Access-Control-Allow-Methods:
      - HEAD, GET, OPTIONS, POST, PUT, DELETE
      Access-Control-Allow-Origin:
      - '*'
      Akamai-Internal-Account:
      - '*'
      Cache-Control:
      - max-age=0, no-cache, no-store
      Content-Length:
      - "37"
      Content-Type:
      - application/json
      Expires:
      - Fri, 22 Aug 2025 20:59:09 GMT
      Pragma:
      - no-cache
      Strict-Transport-Security:
      - max-age=31536000
      X-Accepted-Oauth-Scopes:
      - linodes:read_write
      X-Frame-Options:
      - DENY
      X-Oauth-Scopes:
      - '*'
      X-Ratelimit-Limit:
      - "1840"
    status: 404 Not Found
    code: 404
    duration: ""
- request:
    body: ""
    form: {}
    headers:
      Accept:
      - application/json
      Content-Type:
      - application/json
      User-Agent:
      - linodego/dev https://github.com/linode/linodego
    url: https://api.linode.com/v4beta/networking/reserved/ips/45.33.88.68
    method: DELETE
  response:
    body: '{}'
    headers:
      Access-Control-Allow-Credentials:
      - "true"
      Access-Control-Allow-Headers:
      - Authorization, Origin, X-Requested-With, Content-Type, Accept, X-Filter
      Access-Control-Allow-Methods:
      - HEAD, GET, OPTIONS, POST, PUT, DELETE
      Access-Control-Allow-Origin:
      - '*'
      Access-Control-Expose-Headers:
      - X-OAuth-Scopes, X-Accepted-OAuth-Scopes, X-Status
      Akamai-Internal-Account:
      - '*'
      Cache-Control:
      - max-age=0, no-cache, no-store
      Connection:
      - keep-alive
      Content-Length:
      - "2"
      Content-Security-Policy:
      - default-src 'none'
      Content-Type:
      - application/json
      Expires:
      - Fri, 22 Aug 2025 20:59:09 GMT
      Pragma:
      - no-cache
      Strict-Transport-Security:
      - max-age=31536000
      Vary:
      - Authorization, X-Filter
      X-Accepted-Oauth-Scopes:
      - ips:read_write
      X-Content-Type-Options:
      - nosniff
      X-Frame-Options:
      - DENY
      - DENY
      X-Oauth-Scopes:
      - '*'
      X-Ratelimit-Limit:
      - "10"
      X-Xss-Protection:
      - 1; mode=block
    status: 200 OK
    code: 200
    duration: ""
- request:
    body: '{"type":"ipv4","public":true,"address":"45.33.88.15"}'
    form: {}
    headers:
      Accept:
      - application/json
      Content-Type:
      - application/json
      User-Agent:
      - linodego/dev https://github.com/linode/linodego
    url: https://api.linode.com/v4beta/linode/instances/888888/ips
    method: POST
  response:
    body: '{"errors": [{"reason": "Not found"}]}'
    headers:
      Access-Control-Allow-Headers:
      - Authorization, Origin, X-Requested-With, Content-Type, Accept, X-Filter
      Access-Control-Allow-Methods:
      - HEAD, GET, OPTIONS, POST, PUT, DELETE
      Access-Control-Allow-Origin:
      - '*'
      Akamai-Internal-Account:
      - '*'
      Cache-Control:
      - max-age=0, no-cache, no-store
      Content-Length:
      - "37"
      Content-Type:
      - application/json
      Expires:
      - Fri, 22 Aug 2025 20:59:09 GMT
      Pragma:
      - no-cache
      Strict-Transport-Security:
      - max-age=31536000
      X-Accepted-Oauth-Scopes:
      - linodes:read_write
      X-Frame-Options:
      - DENY
      X-Oauth-Scopes:
      - '*'
      X-Ratelimit-Limit:
      - "1840"
    status: 404 Not Found
    code: 404
    duration: ""
- request:
    body: '{"type":"ipv4","public":true,"address":"45.33.88.15"}'
    form: {}
    headers:
      Accept:
      - application/json
      Content-Type:
      - application/json
      User-Agent:
      - linodego/dev https://github.com/linode/linodego
    url: https://api.linode.com/v4beta/linode/instances/82372537/ips
    method: POST
  response:
    body: '{"errors": [{"reason": "Address must be reserved and must be currently
      unassigned.", "field": "address"}]}'
    headers:
      Access-Control-Allow-Headers:
      - Authorization, Origin, X-Requested-With, Content-Type, Accept, X-Filter
      Access-Control-Allow-Methods:
      - HEAD, GET, OPTIONS, POST, PUT, DELETE
      Access-Control-Allow-Origin:
      - '*'
      Akamai-Internal-Account:
      - '*'
      Cache-Control:
      - max-age=0, no-cache, no-store
      Content-Length:
      - "106"
      Content-Type:
      - application/json
      Expires:
      - Fri, 22 Aug 2025 20:59:09 GMT
      Pragma:
      - no-cache
      Strict-Transport-Security:
      - max-age=31536000
      X-Accepted-Oauth-Scopes:
      - linodes:read_write
      X-Frame-Options:
      - DENY
      X-Oauth-Scopes:
      - '*'
      X-Ratelimit-Limit:
      - "1840"
    status: 400 Bad Request
    code: 400
    duration: ""
- request:
    body: '{"type":"ipv4","public":true,"address":"198.51.100.1"}'
    form: {}
    headers:
      Accept:
      - application/json
      Content-Type:
      - application/json
      User-Agent:
      - linodego/dev https://github.com/linode/linodego
    url: https://api.linode.com/v4beta/linode/instances/82372537/ips
    method: POST
  response:
    body: '{"errors": [{"reason": "Address must be reserved and must be currently
      unassigned.", "field": "address"}]}'
    headers:
      Access-Control-Allow-Headers:
      - Authorization, Origin, X-Requested-With, Content-Type, Accept, X-Filter
      Access-Control-Allow-Methods:
      - HEAD, GET, OPTIONS, POST, PUT, DELETE
      Access-Control-Allow-Origin:
      - '*'
      Akamai-Internal-Account:
      - '*'
      Cache-Control:
      - max-age=0, no-cache, no-store
      Content-Length:
      - "106"
      Content-Type:
      - application/json
      Expires:
      - Fri, 22 Aug 2025 20:59:09 GMT
      Pragma:
      - no-cache
      Strict-Transport-Security:
      - max-age=31536000
      X-Accepted-Oauth-Scopes:
      - linodes:read_write
      X-Frame-Options:
      - DENY
      X-Oauth-Scopes:
      - '*'
      X-Ratelimit-Limit:
      - "1840"
    status: 400 Bad Request
    code: 400
    duration: ""
- request:
    body: '{"region":"ca-central"}'
    form: {}
    headers:
      Accept:
      - application/json
      Content-Type:
      - application/json
      User-Agent:
      - linodego/dev https://github.com/linode/linodego
    url: https://api.linode.com/v4beta/networking/reserved/ips
    method: POST
  response:
    body: '{"address": "172.105.98.39", "gateway": "172.105.98.1", "subnet_mask":
      "255.255.255.0", "prefix": 24, "type": "ipv4", "public": true, "rdns": null,
      "linode_id": null, "interface_id": null, "region": "ca-central", "vpc_nat_1_1":
      null, "reserved": true, "assigned_entity": null}'
    headers:
      Access-Control-Allow-Credentials:
      - "true"
      Access-Control-Allow-Headers:
      - Authorization, Origin, X-Requested-With, Content-Type, Accept, X-Filter
      Access-Control-Allow-Methods:
      - HEAD, GET, OPTIONS, POST, PUT, DELETE
      Access-Control-Allow-Origin:
      - '*'
      Access-Control-Expose-Headers:
      - X-OAuth-Scopes, X-Accepted-OAuth-Scopes, X-Status
      Akamai-Internal-Account:
      - '*'
      Cache-Control:
      - max-age=0, no-cache, no-store
      Connection:
      - keep-alive
      Content-Length:
      - "276"
      Content-Security-Policy:
      - default-src 'none'
      Content-Type:
      - application/json
      Expires:
      - Fri, 22 Aug 2025 20:59:10 GMT
      Pragma:
      - no-cache
      Strict-Transport-Security:
      - max-age=31536000
      Vary:
      - Authorization, X-Filter
      X-Accepted-Oauth-Scopes:
      - ips:read_write
      X-Content-Type-Options:
      - nosniff
      X-Frame-Options:
      - DENY
      - DENY
      X-Oauth-Scopes:
      - '*'
      X-Ratelimit-Limit:
      - "1840"
      X-Xss-Protection:
      - 1; mode=block
    status: 200 OK
    code: 200
    duration: ""
- request:
    body: '{"type":"ipv4","public":true,"address":"172.105.98.39"}'
    form: {}
    headers:
      Accept:
      - application/json
      Content-Type:
      - application/json
      User-Agent:
      - linodego/dev https://github.com/linode/linodego
    url: https://api.linode.com/v4beta/linode/instances/82372537/ips
    method: POST
  response:
    body: '{"errors": [{"reason": "Address must belong to same region as linode.",
      "field": "address"}]}'
    headers:
      Access-Control-Allow-Headers:
      - Authorization, Origin, X-Requested-With, Content-Type, Accept, X-Filter
      Access-Control-Allow-Methods:
      - HEAD, GET, OPTIONS, POST, PUT, DELETE
      Access-Control-Allow-Origin:
      - '*'
      Akamai-Internal-Account:
      - '*'
      Cache-Control:
      - max-age=0, no-cache, no-store
      Content-Length:
      - "93"
      Content-Type:
      - application/json
      Expires:
      - Fri, 22 Aug 2025 20:59:10 GMT
      Pragma:
      - no-cache
      Strict-Transport-Security:
      - max-age=31536000
      X-Accepted-Oauth-Scopes:
      - linodes:read_write
      X-Frame-Options:
      - DENY
      X-Oauth-Scopes:
      - '*'
      X-Ratelimit-Limit:
      - "1840"
    status: 400 Bad Request
    code: 400
    duration: ""
- request:
    body: '{"type":"ipv6","public":true,"address":"45.33.88.15"}'
    form: {}
    headers:
      Accept:
      - application/json
      Content-Type:
      - application/json
      User-Agent:
      - linodego/dev https://github.com/linode/linodego
    url: https://api.linode.com/v4beta/linode/instances/82372537/ips
    method: POST
  response:
    body: '{"errors": [{"reason": "Only addresses of type ipv4 are currently supported."},
      {"reason": "Address must be reserved and must be currently unassigned.", "field":
      "address"}]}'
    headers:
      Access-Control-Allow-Headers:
      - Authorization, Origin, X-Requested-With, Content-Type, Accept, X-Filter
      Access-Control-Allow-Methods:
      - HEAD, GET, OPTIONS, POST, PUT, DELETE
      Access-Control-Allow-Origin:
      - '*'
      Akamai-Internal-Account:
      - '*'
      Cache-Control:
      - max-age=0, no-cache, no-store
      Content-Length:
      - "174"
      Content-Type:
      - application/json
      Expires:
      - Fri, 22 Aug 2025 20:59:10 GMT
      Pragma:
      - no-cache
      Strict-Transport-Security:
      - max-age=31536000
      X-Accepted-Oauth-Scopes:
      - linodes:read_write
      X-Frame-Options:
      - DENY
      X-Oauth-Scopes:
      - '*'
      X-Ratelimit-Limit:
      - "1840"
    status: 400 Bad Request
    code: 400
    duration: ""
- request:
    body: '{"type":"ipv4","public":false,"address":"45.33.88.15"}'
    form: {}
    headers:
      Accept:
      - application/json
      Content-Type:
      - application/json
      User-Agent:
      - linodego/dev https://github.com/linode/linodego
    url: https://api.linode.com/v4beta/linode/instances/82372537/ips
    method: POST
  response:
    body: '{"errors": [{"reason": "Cannot reserve a private address.", "field": "address"}]}'
    headers:
      Access-Control-Allow-Headers:
      - Authorization, Origin, X-Requested-With, Content-Type, Accept, X-Filter
      Access-Control-Allow-Methods:
      - HEAD, GET, OPTIONS, POST, PUT, DELETE
      Access-Control-Allow-Origin:
      - '*'
      Akamai-Internal-Account:
      - '*'
      Cache-Control:
      - max-age=0, no-cache, no-store
      Content-Length:
      - "81"
      Content-Type:
      - application/json
      Expires:
      - Fri, 22 Aug 2025 20:59:10 GMT
      Pragma:
      - no-cache
      Strict-Transport-Security:
      - max-age=31536000
      X-Accepted-Oauth-Scopes:
      - linodes:read_write
      X-Frame-Options:
      - DENY
      X-Oauth-Scopes:
      - '*'
      X-Ratelimit-Limit:
      - "1840"
    status: 400 Bad Request
    code: 400
    duration: ""
- request:
    body: '{"type":"ipv4","public":true,"address":"12345"}'
    form: {}
    headers:
      Accept:
      - application/json
      Content-Type:
      - application/json
      User-Agent:
      - linodego/dev https://github.com/linode/linodego
    url: https://api.linode.com/v4beta/linode/instances/82372537/ips
    method: POST
  response:
    body: '{"errors": [{"reason": "Must provide a valid reserved address", "field":
      "address"}]}'
    headers:
      Access-Control-Allow-Headers:
      - Authorization, Origin, X-Requested-With, Content-Type, Accept, X-Filter
      Access-Control-Allow-Methods:
      - HEAD, GET, OPTIONS, POST, PUT, DELETE
      Access-Control-Allow-Origin:
      - '*'
      Akamai-Internal-Account:
      - '*'
      Cache-Control:
      - max-age=0, no-cache, no-store
      Content-Length:
      - "85"
      Content-Type:
      - application/json
      Expires:
      - Fri, 22 Aug 2025 20:59:10 GMT
      Pragma:
      - no-cache
      Strict-Transport-Security:
      - max-age=31536000
      X-Accepted-Oauth-Scopes:
      - linodes:read_write
      X-Frame-Options:
      - DENY
      X-Oauth-Scopes:
      - '*'
      X-Ratelimit-Limit:
      - "1840"
    status: 400 Bad Request
    code: 400
    duration: ""
- request:
    body: '{"type":"ipv4","public":true,"address":""}'
    form: {}
    headers:
      Accept:
      - application/json
      Content-Type:
      - application/json
      User-Agent:
      - linodego/dev https://github.com/linode/linodego
    url: https://api.linode.com/v4beta/linode/instances/82372537/ips
    method: POST
  response:
    body: '{"errors": [{"reason": "Must provide a valid reserved address", "field":
      "address"}]}'
    headers:
      Access-Control-Allow-Headers:
      - Authorization, Origin, X-Requested-With, Content-Type, Accept, X-Filter
      Access-Control-Allow-Methods:
      - HEAD, GET, OPTIONS, POST, PUT, DELETE
      Access-Control-Allow-Origin:
      - '*'
      Akamai-Internal-Account:
      - '*'
      Cache-Control:
      - max-age=0, no-cache, no-store
      Content-Length:
      - "85"
      Content-Type:
      - application/json
      Expires:
      - Fri, 22 Aug 2025 20:59:10 GMT
      Pragma:
      - no-cache
      Strict-Transport-Security:
      - max-age=31536000
      X-Accepted-Oauth-Scopes:
      - linodes:read_write
      X-Frame-Options:
      - DENY
      X-Oauth-Scopes:
      - '*'
      X-Ratelimit-Limit:
      - "1840"
    status: 400 Bad Request
    code: 400
    duration: ""
- request:
    body: '{"type":"ipv4","public":true,"address":""}'
    form: {}
    headers:
      Accept:
      - application/json
      Content-Type:
      - application/json
      User-Agent:
      - linodego/dev https://github.com/linode/linodego
    url: https://api.linode.com/v4beta/linode/instances/82372537/ips
    method: POST
  response:
    body: '{"errors": [{"reason": "Must provide a valid reserved address", "field":
      "address"}]}'
    headers:
      Access-Control-Allow-Headers:
      - Authorization, Origin, X-Requested-With, Content-Type, Accept, X-Filter
      Access-Control-Allow-Methods:
      - HEAD, GET, OPTIONS, POST, PUT, DELETE
      Access-Control-Allow-Origin:
      - '*'
      Akamai-Internal-Account:
      - '*'
      Cache-Control:
      - max-age=0, no-cache, no-store
      Content-Length:
      - "85"
      Content-Type:
      - application/json
      Expires:
      - Fri, 22 Aug 2025 20:59:10 GMT
      Pragma:
      - no-cache
      Strict-Transport-Security:
      - max-age=31536000
      X-Accepted-Oauth-Scopes:
      - linodes:read_write
      X-Frame-Options:
      - DENY
      X-Oauth-Scopes:
      - '*'
      X-Ratelimit-Limit:
      - "1840"
    status: 400 Bad Request
    code: 400
    duration: ""
- request:
    body: '{"type":"ipv4","public":true,"address":""}'
    form: {}
    headers:
      Accept:
      - application/json
      Content-Type:
      - application/json
      User-Agent:
      - linodego/dev https://github.com/linode/linodego
    url: https://api.linode.com/v4beta/linode/instances/82372537/ips
    method: POST
  response:
    body: '{"errors": [{"reason": "Must provide a valid reserved address", "field":
      "address"}]}'
    headers:
      Access-Control-Allow-Headers:
      - Authorization, Origin, X-Requested-With, Content-Type, Accept, X-Filter
      Access-Control-Allow-Methods:
      - HEAD, GET, OPTIONS, POST, PUT, DELETE
      Access-Control-Allow-Origin:
      - '*'
      Akamai-Internal-Account:
      - '*'
      Cache-Control:
      - max-age=0, no-cache, no-store
      Content-Length:
      - "85"
      Content-Type:
      - application/json
      Expires:
      - Fri, 22 Aug 2025 20:59:10 GMT
      Pragma:
      - no-cache
      Strict-Transport-Security:
      - max-age=31536000
      X-Accepted-Oauth-Scopes:
      - linodes:read_write
      X-Frame-Options:
      - DENY
      X-Oauth-Scopes:
      - '*'
      X-Ratelimit-Limit:
      - "1840"
    status: 400 Bad Request
    code: 400
    duration: ""
- request:
    body: ""
    form: {}
    headers:
      Accept:
      - application/json
      Content-Type:
      - application/json
      User-Agent:
      - linodego/dev https://github.com/linode/linodego
    url: https://api.linode.com/v4beta/networking/reserved/ips/172.105.98.39
    method: DELETE
  response:
    body: '{}'
    headers:
      Access-Control-Allow-Credentials:
      - "true"
      Access-Control-Allow-Headers:
      - Authorization, Origin, X-Requested-With, Content-Type, Accept, X-Filter
      Access-Control-Allow-Methods:
      - HEAD, GET, OPTIONS, POST, PUT, DELETE
      Access-Control-Allow-Origin:
      - '*'
      Access-Control-Expose-Headers:
      - X-OAuth-Scopes, X-Accepted-OAuth-Scopes, X-Status
      Akamai-Internal-Account:
      - '*'
      Cache-Control:
      - max-age=0, no-cache, no-store
      Connection:
      - keep-alive
      Content-Length:
      - "2"
      Content-Security-Policy:
      - default-src 'none'
      Content-Type:
      - application/json
      Expires:
      - Fri, 22 Aug 2025 20:59:11 GMT
      Pragma:
      - no-cache
      Strict-Transport-Security:
      - max-age=31536000
      Vary:
      - Authorization, X-Filter
      X-Accepted-Oauth-Scopes:
      - ips:read_write
      X-Content-Type-Options:
      - nosniff
      X-Frame-Options:
      - DENY
      - DENY
      X-Oauth-Scopes:
      - '*'
      X-Ratelimit-Limit:
      - "10"
      X-Xss-Protection:
      - 1; mode=block
    status: 200 OK
    code: 200
    duration: ""
- request:
    body: ""
    form: {}
    headers:
      Accept:
      - application/json
      Content-Type:
      - application/json
      User-Agent:
      - linodego/dev https://github.com/linode/linodego
    url: https://api.linode.com/v4beta/networking/reserved/ips/45.33.88.15
    method: DELETE
  response:
    body: '{}'
    headers:
      Access-Control-Allow-Credentials:
      - "true"
      Access-Control-Allow-Headers:
      - Authorization, Origin, X-Requested-With, Content-Type, Accept, X-Filter
      Access-Control-Allow-Methods:
      - HEAD, GET, OPTIONS, POST, PUT, DELETE
      Access-Control-Allow-Origin:
      - '*'
      Access-Control-Expose-Headers:
      - X-OAuth-Scopes, X-Accepted-OAuth-Scopes, X-Status
      Akamai-Internal-Account:
      - '*'
      Cache-Control:
      - max-age=0, no-cache, no-store
      Connection:
      - keep-alive
      Content-Length:
      - "2"
      Content-Security-Policy:
      - default-src 'none'
      Content-Type:
      - application/json
      Expires:
      - Fri, 22 Aug 2025 20:59:11 GMT
      Pragma:
      - no-cache
      Strict-Transport-Security:
      - max-age=31536000
      Vary:
      - Authorization, X-Filter
      X-Accepted-Oauth-Scopes:
      - ips:read_write
      X-Content-Type-Options:
      - nosniff
      X-Frame-Options:
      - DENY
      - DENY
      X-Oauth-Scopes:
      - '*'
      X-Ratelimit-Limit:
      - "10"
      X-Xss-Protection:
      - 1; mode=block
    status: 200 OK
    code: 200
    duration: ""
- request:
    body: ""
    form: {}
    headers:
      Accept:
      - application/json
      Content-Type:
      - application/json
      User-Agent:
      - linodego/dev https://github.com/linode/linodego
    url: https://api.linode.com/v4beta/linode/instances/82372537
    method: DELETE
  response:
    body: '{}'
    headers:
      Access-Control-Allow-Credentials:
      - "true"
      Access-Control-Allow-Headers:
      - Authorization, Origin, X-Requested-With, Content-Type, Accept, X-Filter
      Access-Control-Allow-Methods:
      - HEAD, GET, OPTIONS, POST, PUT, DELETE
      Access-Control-Allow-Origin:
      - '*'
      Access-Control-Expose-Headers:
      - X-OAuth-Scopes, X-Accepted-OAuth-Scopes, X-Status
      Akamai-Internal-Account:
      - '*'
      Cache-Control:
      - max-age=0, no-cache, no-store
      Connection:
      - keep-alive
      Content-Length:
      - "2"
      Content-Security-Policy:
      - default-src 'none'
      Content-Type:
      - application/json
      Expires:
      - Fri, 22 Aug 2025 20:59:12 GMT
      Pragma:
      - no-cache
      Strict-Transport-Security:
      - max-age=31536000
      Vary:
      - Authorization, X-Filter
      X-Accepted-Oauth-Scopes:
      - linodes:read_write
      X-Content-Type-Options:
      - nosniff
      X-Frame-Options:
      - DENY
      - DENY
      X-Oauth-Scopes:
      - '*'
      X-Ratelimit-Limit:
      - "1840"
      X-Xss-Protection:
      - 1; mode=block
    status: 200 OK
    code: 200
    duration: ""
