---
version: 1
interactions:
- request:
    body: ""
    form: {}
    headers:
      Accept:
      - application/json, */*
    url: https://8c82a784-38b0-4467-8dee-e6fab222a12f.us-southeast-2.linodelke.net:443/api/v1/nodes
    method: GET
  response:
    body: |
      {"kind":"NodeList","apiVersion":"v1","metadata":{"resourceVersion":"533"},"items":[]}
    headers:
      Audit-Id:
      - 63e9e72f-9df3-4184-a808-e7c801d5d62a
      Cache-Control:
      - no-cache, private
      Content-Length:
      - "86"
      Content-Type:
      - application/json
      X-Kubernetes-Pf-Flowschema-Uid:
      - 1b20dbfe-a23e-4da0-a986-89691d4e5f46
      X-Kubernetes-Pf-Prioritylevel-Uid:
      - ca9933dd-51dd-4420-ac0d-16e718fef6ea
    status: 200 OK
    code: 200
    duration: ""
- request:
    body: ""
    form: {}
    headers:
      Accept:
      - application/json, */*
    url: https://8c82a784-38b0-4467-8dee-e6fab222a12f.us-southeast-2.linodelke.net:443/api/v1/nodes
    method: GET
  response:
    body: |
      {"kind":"NodeList","apiVersion":"v1","metadata":{"resourceVersion":"541"},"items":[{"metadata":{"name":"lke68363-106086-62f2956099eb","uid":"61026d71-ba4f-4e98-b680-ce4b8c728bc7","resourceVersion":"537","creationTimestamp":"2018-01-02T03:04:05Z","labels":{"beta.kubernetes.io/arch":"amd64","beta.kubernetes.io/os":"linux","kubernetes.io/arch":"amd64","kubernetes.io/hostname":"lke68363-106086-62f2956099eb","kubernetes.io/os":"linux"},"annotations":{"volumes.kubernetes.io/controller-managed-attach-detach":"true"},"managedFields":[{"manager":"kubelet","operation":"Update","apiVersion":"v1","time":"2018-01-02T03:04:05Z","fieldsType":"FieldsV1","fieldsV1":{"f:metadata":{"f:annotations":{".":{},"f:volumes.kubernetes.io/controller-managed-attach-detach":{}},"f:labels":{".":{},"f:beta.kubernetes.io/arch":{},"f:beta.kubernetes.io/os":{},"f:kubernetes.io/arch":{},"f:kubernetes.io/hostname":{},"f:kubernetes.io/os":{}}},"f:spec":{"f:taints":{}}}}]},"spec":{"taints":[{"key":"node.cloudprovider.kubernetes.io/uninitialized","value":"true","effect":"NoSchedule"},{"key":"node.kubernetes.io/not-ready","effect":"NoSchedule"}]},"status":{"capacity":{"cpu":"2","ephemeral-storage":"82517840Ki","hugepages-1Gi":"0","hugepages-2Mi":"0","memory":"4028100Ki","pods":"110"},"allocatable":{"cpu":"2","ephemeral-storage":"76048441219","hugepages-1Gi":"0","hugepages-2Mi":"0","memory":"3925700Ki","pods":"110"},"conditions":[{"type":"MemoryPressure","status":"False","lastHeartbeatTime":"2018-01-02T03:04:05Z","lastTransitionTime":"2018-01-02T03:04:05Z","reason":"KubeletHasSufficientMemory","message":"kubelet has sufficient memory available"},{"type":"DiskPressure","status":"False","lastHeartbeatTime":"2018-01-02T03:04:05Z","lastTransitionTime":"2018-01-02T03:04:05Z","reason":"KubeletHasNoDiskPressure","message":"kubelet has no disk pressure"},{"type":"PIDPressure","status":"False","lastHeartbeatTime":"2018-01-02T03:04:05Z","lastTransitionTime":"2018-01-02T03:04:05Z","reason":"KubeletHasSufficientPID","message":"kubelet has sufficient PID available"},{"type":"Ready","status":"False","lastHeartbeatTime":"2018-01-02T03:04:05Z","lastTransitionTime":"2018-01-02T03:04:05Z","reason":"KubeletNotReady","message":"[container runtime network not ready: NetworkReady=false reason:NetworkPluginNotReady message:docker: network plugin is not ready: cni config uninitialized, CSINode is not yet initialized]"}],"addresses":[{"type":"InternalIP","address":"173.230.132.77"},{"type":"Hostname","address":"lke68363-106086-62f2956099eb"}],"daemonEndpoints":{"kubeletEndpoint":{"Port":10250}},"nodeInfo":{"machineID":"433dd9c422f143018625380c88499c3b","systemUUID":"433dd9c422f143018625380c88499c3b","bootID":"5348ab58-1901-404f-b945-d874b275ae57","kernelVersion":"5.10.0-14-cloud-amd64","osImage":"Debian GNU/Linux 11 (bullseye)","containerRuntimeVersion":"docker://20.10.15","kubeletVersion":"v1.23.6","kubeProxyVersion":"v1.23.6","operatingSystem":"linux","architecture":"amd64"}}}]}
    headers:
      Audit-Id:
      - a18fae20-1d55-42b5-a4dc-dc269478027e
      Cache-Control:
      - no-cache, private
      Content-Length:
      - "2969"
      Content-Type:
      - application/json
      X-Kubernetes-Pf-Flowschema-Uid:
      - 1b20dbfe-a23e-4da0-a986-89691d4e5f46
      X-Kubernetes-Pf-Prioritylevel-Uid:
      - ca9933dd-51dd-4420-ac0d-16e718fef6ea
    status: 200 OK
    code: 200
    duration: ""
- request:
    body: ""
    form: {}
    headers:
      Accept:
      - application/json, */*
    url: https://8c82a784-38b0-4467-8dee-e6fab222a12f.us-southeast-2.linodelke.net:443/api/v1/nodes
    method: GET
  response:
    body: |
      {"kind":"NodeList","apiVersion":"v1","metadata":{"resourceVersion":"600"},"items":[{"metadata":{"name":"lke68363-106086-62f2956099eb","uid":"61026d71-ba4f-4e98-b680-ce4b8c728bc7","resourceVersion":"573","creationTimestamp":"2018-01-02T03:04:05Z","labels":{"beta.kubernetes.io/arch":"amd64","beta.kubernetes.io/instance-type":"g6-standard-2","beta.kubernetes.io/os":"linux","failure-domain.beta.kubernetes.io/region":"us-southeast","kubernetes.io/arch":"amd64","kubernetes.io/hostname":"lke68363-106086-62f2956099eb","kubernetes.io/os":"linux","node.kubernetes.io/instance-type":"g6-standard-2","topology.kubernetes.io/region":"us-southeast"},"annotations":{"kubeadm.alpha.kubernetes.io/cri-socket":"/var/run/dockershim.sock","volumes.kubernetes.io/controller-managed-attach-detach":"true"},"managedFields":[{"manager":"kubeadm","operation":"Update","apiVersion":"v1","time":"2018-01-02T03:04:05Z","fieldsType":"FieldsV1","fieldsV1":{"f:metadata":{"f:annotations":{"f:kubeadm.alpha.kubernetes.io/cri-socket":{}}}}},{"manager":"kubelet","operation":"Update","apiVersion":"v1","time":"2018-01-02T03:04:05Z","fieldsType":"FieldsV1","fieldsV1":{"f:metadata":{"f:annotations":{".":{},"f:volumes.kubernetes.io/controller-managed-attach-detach":{}},"f:labels":{".":{},"f:beta.kubernetes.io/arch":{},"f:beta.kubernetes.io/os":{},"f:kubernetes.io/arch":{},"f:kubernetes.io/hostname":{},"f:kubernetes.io/os":{}}}}},{"manager":"linode-cloud-controller-manager-linux-amd64","operation":"Update","apiVersion":"v1","time":"2018-01-02T03:04:05Z","fieldsType":"FieldsV1","fieldsV1":{"f:metadata":{"f:labels":{"f:beta.kubernetes.io/instance-type":{},"f:failure-domain.beta.kubernetes.io/region":{},"f:node.kubernetes.io/instance-type":{},"f:topology.kubernetes.io/region":{}}},"f:spec":{"f:providerID":{},"f:taints":{}}}},{"manager":"linode-cloud-controller-manager-linux-amd64","operation":"Update","apiVersion":"v1","time":"2018-01-02T03:04:05Z","fieldsType":"FieldsV1","fieldsV1":{"f:status":{"f:addresses":{"k:{\"type\":\"ExternalIP\"}":{".":{},"f:address":{},"f:type":{}},"k:{\"type\":\"InternalIP\"}":{"f:address":{}}}}},"subresource":"status"}]},"spec":{"providerID":"linode://37940013","taints":[{"key":"node.kubernetes.io/not-ready","effect":"NoSchedule"}]},"status":{"capacity":{"cpu":"2","ephemeral-storage":"82517840Ki","hugepages-1Gi":"0","hugepages-2Mi":"0","memory":"4028100Ki","pods":"110"},"allocatable":{"cpu":"2","ephemeral-storage":"76048441219","hugepages-1Gi":"0","hugepages-2Mi":"0","memory":"3925700Ki","pods":"110"},"conditions":[{"type":"MemoryPressure","status":"False","lastHeartbeatTime":"2018-01-02T03:04:05Z","lastTransitionTime":"2018-01-02T03:04:05Z","reason":"KubeletHasSufficientMemory","message":"kubelet has sufficient memory available"},{"type":"DiskPressure","status":"False","lastHeartbeatTime":"2018-01-02T03:04:05Z","lastTransitionTime":"2018-01-02T03:04:05Z","reason":"KubeletHasNoDiskPressure","message":"kubelet has no disk pressure"},{"type":"PIDPressure","status":"False","lastHeartbeatTime":"2018-01-02T03:04:05Z","lastTransitionTime":"2018-01-02T03:04:05Z","reason":"KubeletHasSufficientPID","message":"kubelet has sufficient PID available"},{"type":"Ready","status":"False","lastHeartbeatTime":"2018-01-02T03:04:05Z","lastTransitionTime":"2018-01-02T03:04:05Z","reason":"KubeletNotReady","message":"[container runtime network not ready: NetworkReady=false reason:NetworkPluginNotReady message:docker: network plugin is not ready: cni config uninitialized, CSINode is not yet initialized]"}],"addresses":[{"type":"Hostname","address":"lke68363-106086-62f2956099eb"},{"type":"ExternalIP","address":"173.230.132.77"},{"type":"InternalIP","address":"192.168.201.149"}],"daemonEndpoints":{"kubeletEndpoint":{"Port":10250}},"nodeInfo":{"machineID":"433dd9c422f143018625380c88499c3b","systemUUID":"433dd9c422f143018625380c88499c3b","bootID":"5348ab58-1901-404f-b945-d874b275ae57","kernelVersion":"5.10.0-14-cloud-amd64","osImage":"Debian GNU/Linux 11 (bullseye)","containerRuntimeVersion":"docker://20.10.15","kubeletVersion":"v1.23.6","kubeProxyVersion":"v1.23.6","operatingSystem":"linux","architecture":"amd64"}}}]}
    headers:
      Audit-Id:
      - 40366e87-845e-42fd-b31f-cf420bd8c541
      Cache-Control:
      - no-cache, private
      Content-Type:
      - application/json
      X-Kubernetes-Pf-Flowschema-Uid:
      - 1b20dbfe-a23e-4da0-a986-89691d4e5f46
      X-Kubernetes-Pf-Prioritylevel-Uid:
      - ca9933dd-51dd-4420-ac0d-16e718fef6ea
    status: 200 OK
    code: 200
    duration: ""
- request:
    body: ""
    form: {}
    headers:
      Accept:
      - application/json, */*
    url: https://8c82a784-38b0-4467-8dee-e6fab222a12f.us-southeast-2.linodelke.net:443/api/v1/nodes
    method: GET
  response:
    body: |
      {"kind":"NodeList","apiVersion":"v1","metadata":{"resourceVersion":"713"},"items":[{"metadata":{"name":"lke68363-106086-62f2956099eb","uid":"61026d71-ba4f-4e98-b680-ce4b8c728bc7","resourceVersion":"683","creationTimestamp":"2018-01-02T03:04:05Z","labels":{"beta.kubernetes.io/arch":"amd64","beta.kubernetes.io/instance-type":"g6-standard-2","beta.kubernetes.io/os":"linux","failure-domain.beta.kubernetes.io/region":"us-southeast","kubernetes.io/arch":"amd64","kubernetes.io/hostname":"lke68363-106086-62f2956099eb","kubernetes.io/os":"linux","lke.linode.com/pool-id":"106086","node.kubernetes.io/instance-type":"g6-standard-2","topology.kubernetes.io/region":"us-southeast"},"annotations":{"kubeadm.alpha.kubernetes.io/cri-socket":"/var/run/dockershim.sock","lke.linode.com/wgip":"172.31.0.1","lke.linode.com/wgpub":"j2xMukM+RyuxfoERvc5K1rdu6cmMsHEQ9rQ8kLDlrnY=","node.alpha.kubernetes.io/ttl":"0","volumes.kubernetes.io/controller-managed-attach-detach":"true"},"managedFields":[{"manager":"kubeadm","operation":"Update","apiVersion":"v1","time":"2018-01-02T03:04:05Z","fieldsType":"FieldsV1","fieldsV1":{"f:metadata":{"f:annotations":{"f:kubeadm.alpha.kubernetes.io/cri-socket":{}}}}},{"manager":"kubelet","operation":"Update","apiVersion":"v1","time":"2018-01-02T03:04:05Z","fieldsType":"FieldsV1","fieldsV1":{"f:metadata":{"f:annotations":{".":{},"f:volumes.kubernetes.io/controller-managed-attach-detach":{}},"f:labels":{".":{},"f:beta.kubernetes.io/arch":{},"f:beta.kubernetes.io/os":{},"f:kubernetes.io/arch":{},"f:kubernetes.io/hostname":{},"f:kubernetes.io/os":{}}}}},{"manager":"linode-cloud-controller-manager-linux-amd64","operation":"Update","apiVersion":"v1","time":"2018-01-02T03:04:05Z","fieldsType":"FieldsV1","fieldsV1":{"f:metadata":{"f:labels":{"f:beta.kubernetes.io/instance-type":{},"f:failure-domain.beta.kubernetes.io/region":{},"f:node.kubernetes.io/instance-type":{},"f:topology.kubernetes.io/region":{}}},"f:spec":{"f:providerID":{},"f:taints":{}}}},{"manager":"linode-cloud-controller-manager-linux-amd64","operation":"Update","apiVersion":"v1","time":"2018-01-02T03:04:05Z","fieldsType":"FieldsV1","fieldsV1":{"f:status":{"f:addresses":{"k:{\"type\":\"ExternalIP\"}":{".":{},"f:address":{},"f:type":{}},"k:{\"type\":\"InternalIP\"}":{"f:address":{}}}}},"subresource":"status"},{"manager":"kubelet","operation":"Update","apiVersion":"v1","time":"2018-01-02T03:04:05Z","fieldsType":"FieldsV1","fieldsV1":{"f:status":{"f:conditions":{"k:{\"type\":\"DiskPressure\"}":{"f:lastHeartbeatTime":{}},"k:{\"type\":\"MemoryPressure\"}":{"f:lastHeartbeatTime":{}},"k:{\"type\":\"PIDPressure\"}":{"f:lastHeartbeatTime":{}},"k:{\"type\":\"Ready\"}":{"f:lastHeartbeatTime":{},"f:message":{}}}}},"subresource":"status"},{"manager":"kube-controller-manager","operation":"Update","apiVersion":"v1","time":"2018-01-02T03:04:05Z","fieldsType":"FieldsV1","fieldsV1":{"f:metadata":{"f:annotations":{"f:node.alpha.kubernetes.io/ttl":{}}},"f:spec":{"f:podCIDR":{},"f:podCIDRs":{".":{},"v:\"10.2.0.0/24\"":{}}}}},{"manager":"kubectl-annotate","operation":"Update","apiVersion":"v1","time":"2018-01-02T03:04:05Z","fieldsType":"FieldsV1","fieldsV1":{"f:metadata":{"f:annotations":{"f:lke.linode.com/wgip":{},"f:lke.linode.com/wgpub":{}}}}},{"manager":"kubectl-label","operation":"Update","apiVersion":"v1","time":"2018-01-02T03:04:05Z","fieldsType":"FieldsV1","fieldsV1":{"f:metadata":{"f:labels":{"f:lke.linode.com/pool-id":{}}}}}]},"spec":{"podCIDR":"10.2.0.0/24","podCIDRs":["10.2.0.0/24"],"providerID":"linode://37940013","taints":[{"key":"node.kubernetes.io/not-ready","effect":"NoSchedule"}]},"status":{"capacity":{"cpu":"2","ephemeral-storage":"82517840Ki","hugepages-1Gi":"0","hugepages-2Mi":"0","memory":"4028100Ki","pods":"110"},"allocatable":{"cpu":"2","ephemeral-storage":"76048441219","hugepages-1Gi":"0","hugepages-2Mi":"0","memory":"3925700Ki","pods":"110"},"conditions":[{"type":"MemoryPressure","status":"False","lastHeartbeatTime":"2018-01-02T03:04:05Z","lastTransitionTime":"2018-01-02T03:04:05Z","reason":"KubeletHasSufficientMemory","message":"kubelet has sufficient memory available"},{"type":"DiskPressure","status":"False","lastHeartbeatTime":"2018-01-02T03:04:05Z","lastTransitionTime":"2018-01-02T03:04:05Z","reason":"KubeletHasNoDiskPressure","message":"kubelet has no disk pressure"},{"type":"PIDPressure","status":"False","lastHeartbeatTime":"2018-01-02T03:04:05Z","lastTransitionTime":"2018-01-02T03:04:05Z","reason":"KubeletHasSufficientPID","message":"kubelet has sufficient PID available"},{"type":"Ready","status":"False","lastHeartbeatTime":"2018-01-02T03:04:05Z","lastTransitionTime":"2018-01-02T03:04:05Z","reason":"KubeletNotReady","message":"container runtime network not ready: NetworkReady=false reason:NetworkPluginNotReady message:docker: network plugin is not ready: cni config uninitialized"}],"addresses":[{"type":"Hostname","address":"lke68363-106086-62f2956099eb"},{"type":"ExternalIP","address":"173.230.132.77"},{"type":"InternalIP","address":"192.168.201.149"}],"daemonEndpoints":{"kubeletEndpoint":{"Port":10250}},"nodeInfo":{"machineID":"433dd9c422f143018625380c88499c3b","systemUUID":"433dd9c422f143018625380c88499c3b","bootID":"5348ab58-1901-404f-b945-d874b275ae57","kernelVersion":"5.10.0-14-cloud-amd64","osImage":"Debian GNU/Linux 11 (bullseye)","containerRuntimeVersion":"docker://20.10.15","kubeletVersion":"v1.23.6","kubeProxyVersion":"v1.23.6","operatingSystem":"linux","architecture":"amd64"}}}]}
    headers:
      Audit-Id:
      - 1b3a25e0-dfb6-4c5f-b0fa-0be442a65cf0
      Cache-Control:
      - no-cache, private
      Content-Type:
      - application/json
      X-Kubernetes-Pf-Flowschema-Uid:
      - 1b20dbfe-a23e-4da0-a986-89691d4e5f46
      X-Kubernetes-Pf-Prioritylevel-Uid:
      - ca9933dd-51dd-4420-ac0d-16e718fef6ea
    status: 200 OK
    code: 200
    duration: ""
- request:
    body: ""
    form: {}
    headers:
      Accept:
      - application/json, */*
    url: https://8c82a784-38b0-4467-8dee-e6fab222a12f.us-southeast-2.linodelke.net:443/api/v1/nodes
    method: GET
  response:
    body: |
      {"kind":"NodeList","apiVersion":"v1","metadata":{"resourceVersion":"895"},"items":[{"metadata":{"name":"lke68363-106086-62f295607f80","uid":"0ea74421-2736-4d81-a1d3-e435bf3af650","resourceVersion":"822","creationTimestamp":"2018-01-02T03:04:05Z","labels":{"beta.kubernetes.io/arch":"amd64","beta.kubernetes.io/instance-type":"g6-standard-2","beta.kubernetes.io/os":"linux","failure-domain.beta.kubernetes.io/region":"us-southeast","kubernetes.io/arch":"amd64","kubernetes.io/hostname":"lke68363-106086-62f295607f80","kubernetes.io/os":"linux","lke.linode.com/pool-id":"106086","node.kubernetes.io/instance-type":"g6-standard-2","topology.kubernetes.io/region":"us-southeast"},"annotations":{"kubeadm.alpha.kubernetes.io/cri-socket":"/var/run/dockershim.sock","lke.linode.com/wgip":"172.31.1.1","lke.linode.com/wgpub":"N2LARKjjVuNwCNOdR+lhfHYbxbax7kR0jTMhTGbQ7SI=","node.alpha.kubernetes.io/ttl":"0","volumes.kubernetes.io/controller-managed-attach-detach":"true"},"managedFields":[{"manager":"kube-controller-manager","operation":"Update","apiVersion":"v1","time":"2018-01-02T03:04:05Z","fieldsType":"FieldsV1","fieldsV1":{"f:metadata":{"f:annotations":{"f:node.alpha.kubernetes.io/ttl":{}}},"f:spec":{"f:podCIDR":{},"f:podCIDRs":{".":{},"v:\"10.2.1.0/24\"":{}}}}},{"manager":"kubeadm","operation":"Update","apiVersion":"v1","time":"2018-01-02T03:04:05Z","fieldsType":"FieldsV1","fieldsV1":{"f:metadata":{"f:annotations":{"f:kubeadm.alpha.kubernetes.io/cri-socket":{}}}}},{"manager":"linode-cloud-controller-manager-linux-amd64","operation":"Update","apiVersion":"v1","time":"2018-01-02T03:04:05Z","fieldsType":"FieldsV1","fieldsV1":{"f:metadata":{"f:labels":{"f:beta.kubernetes.io/instance-type":{},"f:failure-domain.beta.kubernetes.io/region":{},"f:node.kubernetes.io/instance-type":{},"f:topology.kubernetes.io/region":{}}},"f:spec":{"f:providerID":{},"f:taints":{}}}},{"manager":"linode-cloud-controller-manager-linux-amd64","operation":"Update","apiVersion":"v1","time":"2018-01-02T03:04:05Z","fieldsType":"FieldsV1","fieldsV1":{"f:status":{"f:addresses":{"k:{\"type\":\"ExternalIP\"}":{".":{},"f:address":{},"f:type":{}},"k:{\"type\":\"InternalIP\"}":{"f:address":{}}}}},"subresource":"status"},{"manager":"kubectl-annotate","operation":"Update","apiVersion":"v1","time":"2018-01-02T03:04:05Z","fieldsType":"FieldsV1","fieldsV1":{"f:metadata":{"f:annotations":{"f:lke.linode.com/wgip":{},"f:lke.linode.com/wgpub":{}}}}},{"manager":"kubectl-label","operation":"Update","apiVersion":"v1","time":"2018-01-02T03:04:05Z","fieldsType":"FieldsV1","fieldsV1":{"f:metadata":{"f:labels":{"f:lke.linode.com/pool-id":{}}}}},{"manager":"kubelet","operation":"Update","apiVersion":"v1","time":"2018-01-02T03:04:05Z","fieldsType":"FieldsV1","fieldsV1":{"f:status":{"f:conditions":{"k:{\"type\":\"DiskPressure\"}":{"f:lastHeartbeatTime":{}},"k:{\"type\":\"MemoryPressure\"}":{"f:lastHeartbeatTime":{}},"k:{\"type\":\"PIDPressure\"}":{"f:lastHeartbeatTime":{}},"k:{\"type\":\"Ready\"}":{"f:lastHeartbeatTime":{},"f:message":{}}}}},"subresource":"status"}]},"spec":{"podCIDR":"10.2.1.0/24","podCIDRs":["10.2.1.0/24"],"providerID":"linode://37940008","taints":[{"key":"node.kubernetes.io/not-ready","effect":"NoSchedule"}]},"status":{"capacity":{"cpu":"2","ephemeral-storage":"82517840Ki","hugepages-1Gi":"0","hugepages-2Mi":"0","memory":"4028108Ki","pods":"110"},"allocatable":{"cpu":"2","ephemeral-storage":"76048441219","hugepages-1Gi":"0","hugepages-2Mi":"0","memory":"3925708Ki","pods":"110"},"conditions":[{"type":"MemoryPressure","status":"False","lastHeartbeatTime":"2018-01-02T03:04:05Z","lastTransitionTime":"2018-01-02T03:04:05Z","reason":"KubeletHasSufficientMemory","message":"kubelet has sufficient memory available"},{"type":"DiskPressure","status":"False","lastHeartbeatTime":"2018-01-02T03:04:05Z","lastTransitionTime":"2018-01-02T03:04:05Z","reason":"KubeletHasNoDiskPressure","message":"kubelet has no disk pressure"},{"type":"PIDPressure","status":"False","lastHeartbeatTime":"2018-01-02T03:04:05Z","lastTransitionTime":"2018-01-02T03:04:05Z","reason":"KubeletHasSufficientPID","message":"kubelet has sufficient PID available"},{"type":"Ready","status":"False","lastHeartbeatTime":"2018-01-02T03:04:05Z","lastTransitionTime":"2018-01-02T03:04:05Z","reason":"KubeletNotReady","message":"container runtime network not ready: NetworkReady=false reason:NetworkPluginNotReady message:docker: network plugin is not ready: cni config uninitialized"}],"addresses":[{"type":"Hostname","address":"lke68363-106086-62f295607f80"},{"type":"ExternalIP","address":"50.116.36.209"},{"type":"InternalIP","address":"192.168.194.159"}],"daemonEndpoints":{"kubeletEndpoint":{"Port":10250}},"nodeInfo":{"machineID":"bbbfe0a17954408797448d3b64b882e9","systemUUID":"bbbfe0a17954408797448d3b64b882e9","bootID":"281c0f6f-1c44-403e-a970-1832cdd3dfd5","kernelVersion":"5.10.0-14-cloud-amd64","osImage":"Debian GNU/Linux 11 (bullseye)","containerRuntimeVersion":"docker://20.10.15","kubeletVersion":"v1.23.6","kubeProxyVersion":"v1.23.6","operatingSystem":"linux","architecture":"amd64"}}},{"metadata":{"name":"lke68363-106086-62f2956099eb","uid":"61026d71-ba4f-4e98-b680-ce4b8c728bc7","resourceVersion":"890","creationTimestamp":"2018-01-02T03:04:05Z","labels":{"beta.kubernetes.io/arch":"amd64","beta.kubernetes.io/instance-type":"g6-standard-2","beta.kubernetes.io/os":"linux","failure-domain.beta.kubernetes.io/region":"us-southeast","kubernetes.io/arch":"amd64","kubernetes.io/hostname":"lke68363-106086-62f2956099eb","kubernetes.io/os":"linux","lke.linode.com/pool-id":"106086","node.kubernetes.io/instance-type":"g6-standard-2","topology.kubernetes.io/region":"us-southeast"},"annotations":{"kubeadm.alpha.kubernetes.io/cri-socket":"/var/run/dockershim.sock","lke.linode.com/wgip":"172.31.0.1","lke.linode.com/wgpub":"j2xMukM+RyuxfoERvc5K1rdu6cmMsHEQ9rQ8kLDlrnY=","node.alpha.kubernetes.io/ttl":"0","projectcalico.org/IPv4Address":"192.168.201.149/17","projectcalico.org/IPv4IPIPTunnelAddr":"10.2.0.1","volumes.kubernetes.io/controller-managed-attach-detach":"true"},"managedFields":[{"manager":"kubeadm","operation":"Update","apiVersion":"v1","time":"2018-01-02T03:04:05Z","fieldsType":"FieldsV1","fieldsV1":{"f:metadata":{"f:annotations":{"f:kubeadm.alpha.kubernetes.io/cri-socket":{}}}}},{"manager":"kubelet","operation":"Update","apiVersion":"v1","time":"2018-01-02T03:04:05Z","fieldsType":"FieldsV1","fieldsV1":{"f:metadata":{"f:annotations":{".":{},"f:volumes.kubernetes.io/controller-managed-attach-detach":{}},"f:labels":{".":{},"f:beta.kubernetes.io/arch":{},"f:beta.kubernetes.io/os":{},"f:kubernetes.io/arch":{},"f:kubernetes.io/hostname":{},"f:kubernetes.io/os":{}}}}},{"manager":"linode-cloud-controller-manager-linux-amd64","operation":"Update","apiVersion":"v1","time":"2018-01-02T03:04:05Z","fieldsType":"FieldsV1","fieldsV1":{"f:metadata":{"f:labels":{"f:beta.kubernetes.io/instance-type":{},"f:failure-domain.beta.kubernetes.io/region":{},"f:node.kubernetes.io/instance-type":{},"f:topology.kubernetes.io/region":{}}},"f:spec":{"f:providerID":{}}}},{"manager":"linode-cloud-controller-manager-linux-amd64","operation":"Update","apiVersion":"v1","time":"2018-01-02T03:04:05Z","fieldsType":"FieldsV1","fieldsV1":{"f:status":{"f:addresses":{"k:{\"type\":\"ExternalIP\"}":{".":{},"f:address":{},"f:type":{}},"k:{\"type\":\"InternalIP\"}":{"f:address":{}}}}},"subresource":"status"},{"manager":"kube-controller-manager","operation":"Update","apiVersion":"v1","time":"2018-01-02T03:04:05Z","fieldsType":"FieldsV1","fieldsV1":{"f:metadata":{"f:annotations":{"f:node.alpha.kubernetes.io/ttl":{}}},"f:spec":{"f:podCIDR":{},"f:podCIDRs":{".":{},"v:\"10.2.0.0/24\"":{}}}}},{"manager":"kubectl-annotate","operation":"Update","apiVersion":"v1","time":"2018-01-02T03:04:05Z","fieldsType":"FieldsV1","fieldsV1":{"f:metadata":{"f:annotations":{"f:lke.linode.com/wgip":{},"f:lke.linode.com/wgpub":{}}}}},{"manager":"kubectl-label","operation":"Update","apiVersion":"v1","time":"2018-01-02T03:04:05Z","fieldsType":"FieldsV1","fieldsV1":{"f:metadata":{"f:labels":{"f:lke.linode.com/pool-id":{}}}}},{"manager":"kubelet","operation":"Update","apiVersion":"v1","time":"2018-01-02T03:04:05Z","fieldsType":"FieldsV1","fieldsV1":{"f:status":{"f:conditions":{"k:{\"type\":\"DiskPressure\"}":{"f:lastHeartbeatTime":{}},"k:{\"type\":\"MemoryPressure\"}":{"f:lastHeartbeatTime":{}},"k:{\"type\":\"PIDPressure\"}":{"f:lastHeartbeatTime":{}},"k:{\"type\":\"Ready\"}":{"f:lastHeartbeatTime":{},"f:lastTransitionTime":{},"f:message":{},"f:reason":{},"f:status":{}}}}},"subresource":"status"},{"manager":"calico-node","operation":"Update","apiVersion":"v1","time":"2018-01-02T03:04:05Z","fieldsType":"FieldsV1","fieldsV1":{"f:metadata":{"f:annotations":{"f:projectcalico.org/IPv4Address":{},"f:projectcalico.org/IPv4IPIPTunnelAddr":{}}},"f:status":{"f:conditions":{"k:{\"type\":\"NetworkUnavailable\"}":{".":{},"f:lastHeartbeatTime":{},"f:lastTransitionTime":{},"f:message":{},"f:reason":{},"f:status":{},"f:type":{}}}}},"subresource":"status"}]},"spec":{"podCIDR":"10.2.0.0/24","podCIDRs":["10.2.0.0/24"],"providerID":"linode://37940013"},"status":{"capacity":{"cpu":"2","ephemeral-storage":"82517840Ki","hugepages-1Gi":"0","hugepages-2Mi":"0","memory":"4028100Ki","pods":"110"},"allocatable":{"cpu":"2","ephemeral-storage":"76048441219","hugepages-1Gi":"0","hugepages-2Mi":"0","memory":"3925700Ki","pods":"110"},"conditions":[{"type":"NetworkUnavailable","status":"False","lastHeartbeatTime":"2018-01-02T03:04:05Z","lastTransitionTime":"2018-01-02T03:04:05Z","reason":"CalicoIsUp","message":"Calico is running on this node"},{"type":"MemoryPressure","status":"False","lastHeartbeatTime":"2018-01-02T03:04:05Z","lastTransitionTime":"2018-01-02T03:04:05Z","reason":"KubeletHasSufficientMemory","message":"kubelet has sufficient memory available"},{"type":"DiskPressure","status":"False","lastHeartbeatTime":"2018-01-02T03:04:05Z","lastTransitionTime":"2018-01-02T03:04:05Z","reason":"KubeletHasNoDiskPressure","message":"kubelet has no disk pressure"},{"type":"PIDPressure","status":"False","lastHeartbeatTime":"2018-01-02T03:04:05Z","lastTransitionTime":"2018-01-02T03:04:05Z","reason":"KubeletHasSufficientPID","message":"kubelet has sufficient PID available"},{"type":"Ready","status":"True","lastHeartbeatTime":"2018-01-02T03:04:05Z","lastTransitionTime":"2018-01-02T03:04:05Z","reason":"KubeletReady","message":"kubelet is posting ready status. AppArmor enabled"}],"addresses":[{"type":"Hostname","address":"lke68363-106086-62f2956099eb"},{"type":"ExternalIP","address":"173.230.132.77"},{"type":"InternalIP","address":"192.168.201.149"}],"daemonEndpoints":{"kubeletEndpoint":{"Port":10250}},"nodeInfo":{"machineID":"433dd9c422f143018625380c88499c3b","systemUUID":"433dd9c422f143018625380c88499c3b","bootID":"5348ab58-1901-404f-b945-d874b275ae57","kernelVersion":"5.10.0-14-cloud-amd64","osImage":"Debian GNU/Linux 11 (bullseye)","containerRuntimeVersion":"docker://20.10.15","kubeletVersion":"v1.23.6","kubeProxyVersion":"v1.23.6","operatingSystem":"linux","architecture":"amd64"}}},{"metadata":{"name":"lke68363-106086-62f29560b25d","uid":"05d105ed-e289-4168-8427-2d99ec7a6036","resourceVersion":"851","creationTimestamp":"2018-01-02T03:04:05Z","labels":{"beta.kubernetes.io/arch":"amd64","beta.kubernetes.io/instance-type":"g6-standard-2","beta.kubernetes.io/os":"linux","failure-domain.beta.kubernetes.io/region":"us-southeast","kubernetes.io/arch":"amd64","kubernetes.io/hostname":"lke68363-106086-62f29560b25d","kubernetes.io/os":"linux","lke.linode.com/pool-id":"106086","node.kubernetes.io/instance-type":"g6-standard-2","topology.kubernetes.io/region":"us-southeast"},"annotations":{"kubeadm.alpha.kubernetes.io/cri-socket":"/var/run/dockershim.sock","lke.linode.com/wgip":"172.31.2.1","lke.linode.com/wgpub":"6PaB8Uaa1CdmdFr/raoJEEeGsQ8Ey7xL7pO6ZkXcG04=","node.alpha.kubernetes.io/ttl":"0","volumes.kubernetes.io/controller-managed-attach-detach":"true"},"managedFields":[{"manager":"kubeadm","operation":"Update","apiVersion":"v1","time":"2018-01-02T03:04:05Z","fieldsType":"FieldsV1","fieldsV1":{"f:metadata":{"f:annotations":{"f:kubeadm.alpha.kubernetes.io/cri-socket":{}}}}},{"manager":"kubelet","operation":"Update","apiVersion":"v1","time":"2018-01-02T03:04:05Z","fieldsType":"FieldsV1","fieldsV1":{"f:metadata":{"f:annotations":{".":{},"f:volumes.kubernetes.io/controller-managed-attach-detach":{}},"f:labels":{".":{},"f:beta.kubernetes.io/arch":{},"f:beta.kubernetes.io/os":{},"f:kubernetes.io/arch":{},"f:kubernetes.io/hostname":{},"f:kubernetes.io/os":{}}}}},{"manager":"kube-controller-manager","operation":"Update","apiVersion":"v1","time":"2018-01-02T03:04:05Z","fieldsType":"FieldsV1","fieldsV1":{"f:metadata":{"f:annotations":{"f:node.alpha.kubernetes.io/ttl":{}}},"f:spec":{"f:podCIDR":{},"f:podCIDRs":{".":{},"v:\"10.2.2.0/24\"":{}}}}},{"manager":"linode-cloud-controller-manager-linux-amd64","operation":"Update","apiVersion":"v1","time":"2018-01-02T03:04:05Z","fieldsType":"FieldsV1","fieldsV1":{"f:spec":{"f:taints":{}},"f:status":{"f:addresses":{"k:{\"type\":\"ExternalIP\"}":{".":{},"f:address":{},"f:type":{}},"k:{\"type\":\"InternalIP\"}":{"f:address":{}}}}}},{"manager":"kubectl-annotate","operation":"Update","apiVersion":"v1","time":"2018-01-02T03:04:05Z","fieldsType":"FieldsV1","fieldsV1":{"f:metadata":{"f:annotations":{"f:lke.linode.com/wgip":{},"f:lke.linode.com/wgpub":{}}}}},{"manager":"kubectl-label","operation":"Update","apiVersion":"v1","time":"2018-01-02T03:04:05Z","fieldsType":"FieldsV1","fieldsV1":{"f:metadata":{"f:labels":{"f:lke.linode.com/pool-id":{}}}}},{"manager":"kubelet","operation":"Update","apiVersion":"v1","time":"2018-01-02T03:04:05Z","fieldsType":"FieldsV1","fieldsV1":{"f:status":{"f:conditions":{"k:{\"type\":\"DiskPressure\"}":{"f:lastHeartbeatTime":{}},"k:{\"type\":\"MemoryPressure\"}":{"f:lastHeartbeatTime":{}},"k:{\"type\":\"PIDPressure\"}":{"f:lastHeartbeatTime":{}},"k:{\"type\":\"Ready\"}":{"f:lastHeartbeatTime":{},"f:message":{}}}}},"subresource":"status"}]},"spec":{"podCIDR":"10.2.2.0/24","podCIDRs":["10.2.2.0/24"],"providerID":"linode://37940011","taints":[{"key":"node.kubernetes.io/not-ready","effect":"NoSchedule"},{"key":"node.kubernetes.io/not-ready","effect":"NoExecute","timeAdded":"2018-01-02T03:04:05Z"}]},"status":{"capacity":{"cpu":"2","ephemeral-storage":"82517840Ki","hugepages-1Gi":"0","hugepages-2Mi":"0","memory":"4028108Ki","pods":"110"},"allocatable":{"cpu":"2","ephemeral-storage":"76048441219","hugepages-1Gi":"0","hugepages-2Mi":"0","memory":"3925708Ki","pods":"110"},"conditions":[{"type":"MemoryPressure","status":"False","lastHeartbeatTime":"2018-01-02T03:04:05Z","lastTransitionTime":"2018-01-02T03:04:05Z","reason":"KubeletHasSufficientMemory","message":"kubelet has sufficient memory available"},{"type":"DiskPressure","status":"False","lastHeartbeatTime":"2018-01-02T03:04:05Z","lastTransitionTime":"2018-01-02T03:04:05Z","reason":"KubeletHasNoDiskPressure","message":"kubelet has no disk pressure"},{"type":"PIDPressure","status":"False","lastHeartbeatTime":"2018-01-02T03:04:05Z","lastTransitionTime":"2018-01-02T03:04:05Z","reason":"KubeletHasSufficientPID","message":"kubelet has sufficient PID available"},{"type":"Ready","status":"False","lastHeartbeatTime":"2018-01-02T03:04:05Z","lastTransitionTime":"2018-01-02T03:04:05Z","reason":"KubeletNotReady","message":"container runtime network not ready: NetworkReady=false reason:NetworkPluginNotReady message:docker: network plugin is not ready: cni config uninitialized"}],"addresses":[{"type":"Hostname","address":"lke68363-106086-62f29560b25d"},{"type":"ExternalIP","address":"45.79.205.78"},{"type":"InternalIP","address":"192.168.196.95"}],"daemonEndpoints":{"kubeletEndpoint":{"Port":10250}},"nodeInfo":{"machineID":"b186735dd1714b5b9d7b3d9c69d589d7","systemUUID":"b186735dd1714b5b9d7b3d9c69d589d7","bootID":"6b545a56-0fa7-4f97-bcb4-ad7b71b1998c","kernelVersion":"5.10.0-14-cloud-amd64","osImage":"Debian GNU/Linux 11 (bullseye)","containerRuntimeVersion":"docker://20.10.15","kubeletVersion":"v1.23.6","kubeProxyVersion":"v1.23.6","operatingSystem":"linux","architecture":"amd64"}}}]}
    headers:
      Audit-Id:
      - e6ba7d05-ed62-4d31-92a9-38f6b894a9ac
      Cache-Control:
      - no-cache, private
      Content-Type:
      - application/json
      X-Kubernetes-Pf-Flowschema-Uid:
      - 1b20dbfe-a23e-4da0-a986-89691d4e5f46
      X-Kubernetes-Pf-Prioritylevel-Uid:
      - ca9933dd-51dd-4420-ac0d-16e718fef6ea
    status: 200 OK
    code: 200
    duration: ""
