---
version: 1
interactions:
- request:
    body: ""
    form: {}
    headers:
      Accept:
      - application/json, */*
    url: https://45375e73-78a6-45a5-b370-25b69c6bf286.cpc2-us-central.linodelke.net:443/api/v1/nodes
    method: GET
  response:
    body: |
      {"kind":"NodeList","apiVersion":"v1","metadata":{"resourceVersion":"538"},"items":[]}
    headers:
      Cache-Control:
      - no-cache, private
      Content-Length:
      - "86"
      Content-Type:
      - application/json
      X-Kubernetes-Pf-Flowschema-Uid:
      - db37e6ac-e2ef-4a29-abca-d3daa388283c
      X-Kubernetes-Pf-Prioritylevel-Uid:
      - 9f0ec813-c1cb-46d0-b6b0-14da74a7fbcd
    status: 200 OK
    code: 200
    duration: ""
- request:
    body: ""
    form: {}
    headers:
      Accept:
      - application/json, */*
    url: https://45375e73-78a6-45a5-b370-25b69c6bf286.cpc2-us-central.linodelke.net:443/api/v1/nodes
    method: GET
  response:
    body: |
      {"kind":"NodeList","apiVersion":"v1","metadata":{"resourceVersion":"549"},"items":[]}
    headers:
      Cache-Control:
      - no-cache, private
      Content-Length:
      - "86"
      Content-Type:
      - application/json
      X-Kubernetes-Pf-Flowschema-Uid:
      - db37e6ac-e2ef-4a29-abca-d3daa388283c
      X-Kubernetes-Pf-Prioritylevel-Uid:
      - 9f0ec813-c1cb-46d0-b6b0-14da74a7fbcd
    status: 200 OK
    code: 200
    duration: ""
- request:
    body: ""
    form: {}
    headers:
      Accept:
      - application/json, */*
    url: https://45375e73-78a6-45a5-b370-25b69c6bf286.cpc2-us-central.linodelke.net:443/api/v1/nodes
    method: GET
  response:
    body: |
      {"kind":"NodeList","apiVersion":"v1","metadata":{"resourceVersion":"599"},"items":[{"metadata":{"name":"lke57130-89425-624efaeffc2e","uid":"fd0f367c-8cc1-49ba-8ada-c6efedf6a5d3","resourceVersion":"596","creationTimestamp":"2018-01-02T03:04:05Z","labels":{"beta.kubernetes.io/arch":"amd64","beta.kubernetes.io/os":"linux","kubernetes.io/arch":"amd64","kubernetes.io/hostname":"lke57130-89425-624efaeffc2e","kubernetes.io/os":"linux","lke.linode.com/pool-id":"89425"},"annotations":{"kubeadm.alpha.kubernetes.io/cri-socket":"/var/run/dockershim.sock","lke.linode.com/wgip":"172.31.0.1","lke.linode.com/wgpub":"eB+pFEV9qG/cBecEO4RISnSKFXH2JiW0Rg6fAZlj10s=","node.alpha.kubernetes.io/ttl":"0","volumes.kubernetes.io/controller-managed-attach-detach":"true"},"managedFields":[{"manager":"kube-controller-manager","operation":"Update","apiVersion":"v1","time":"2018-01-02T03:04:05Z","fieldsType":"FieldsV1","fieldsV1":{"f:metadata":{"f:annotations":{"f:node.alpha.kubernetes.io/ttl":{}}},"f:spec":{"f:podCIDR":{},"f:podCIDRs":{".":{},"v:\"10.2.0.0/24\"":{}}}}},{"manager":"kubeadm","operation":"Update","apiVersion":"v1","time":"2018-01-02T03:04:05Z","fieldsType":"FieldsV1","fieldsV1":{"f:metadata":{"f:annotations":{"f:kubeadm.alpha.kubernetes.io/cri-socket":{}}}}},{"manager":"kubelet","operation":"Update","apiVersion":"v1","time":"2018-01-02T03:04:05Z","fieldsType":"FieldsV1","fieldsV1":{"f:metadata":{"f:annotations":{".":{},"f:volumes.kubernetes.io/controller-managed-attach-detach":{}},"f:labels":{".":{},"f:beta.kubernetes.io/arch":{},"f:beta.kubernetes.io/os":{},"f:kubernetes.io/arch":{},"f:kubernetes.io/hostname":{},"f:kubernetes.io/os":{}}},"f:spec":{"f:taints":{}}}},{"manager":"kubectl-annotate","operation":"Update","apiVersion":"v1","time":"2018-01-02T03:04:05Z","fieldsType":"FieldsV1","fieldsV1":{"f:metadata":{"f:annotations":{"f:lke.linode.com/wgip":{},"f:lke.linode.com/wgpub":{}}}}},{"manager":"kubectl-label","operation":"Update","apiVersion":"v1","time":"2018-01-02T03:04:05Z","fieldsType":"FieldsV1","fieldsV1":{"f:metadata":{"f:labels":{"f:lke.linode.com/pool-id":{}}}}}]},"spec":{"podCIDR":"10.2.0.0/24","podCIDRs":["10.2.0.0/24"],"taints":[{"key":"node.cloudprovider.kubernetes.io/uninitialized","value":"true","effect":"NoSchedule"},{"key":"node.kubernetes.io/not-ready","effect":"NoSchedule"}]},"status":{"capacity":{"cpu":"2","ephemeral-storage":"82535088Ki","hugepages-1Gi":"0","hugepages-2Mi":"0","memory":"4028108Ki","pods":"110"},"allocatable":{"cpu":"2","ephemeral-storage":"76064336975","hugepages-1Gi":"0","hugepages-2Mi":"0","memory":"3925708Ki","pods":"110"},"conditions":[{"type":"MemoryPressure","status":"False","lastHeartbeatTime":"2018-01-02T03:04:05Z","lastTransitionTime":"2018-01-02T03:04:05Z","reason":"KubeletHasSufficientMemory","message":"kubelet has sufficient memory available"},{"type":"DiskPressure","status":"False","lastHeartbeatTime":"2018-01-02T03:04:05Z","lastTransitionTime":"2018-01-02T03:04:05Z","reason":"KubeletHasNoDiskPressure","message":"kubelet has no disk pressure"},{"type":"PIDPressure","status":"False","lastHeartbeatTime":"2018-01-02T03:04:05Z","lastTransitionTime":"2018-01-02T03:04:05Z","reason":"KubeletHasSufficientPID","message":"kubelet has sufficient PID available"},{"type":"Ready","status":"False","lastHeartbeatTime":"2018-01-02T03:04:05Z","lastTransitionTime":"2018-01-02T03:04:05Z","reason":"KubeletNotReady","message":"[container runtime network not ready: NetworkReady=false reason:NetworkPluginNotReady message:docker: network plugin is not ready: cni config uninitialized, Failed to initialize CSINode: error updating CSINode annotation: timed out waiting for the condition; caused by: nodes \"lke57130-89425-624efaeffc2e\" not found]"}],"addresses":[{"type":"InternalIP","address":"69.164.199.198"},{"type":"Hostname","address":"lke57130-89425-624efaeffc2e"}],"daemonEndpoints":{"kubeletEndpoint":{"Port":10250}},"nodeInfo":{"machineID":"2862d130d30b4daaa4b3d9c9a9df8c02","systemUUID":"2862d130d30b4daaa4b3d9c9a9df8c02","bootID":"06691916-c7f0-420a-95b0-3b0a5e42174c","kernelVersion":"5.10.0-11-cloud-amd64","osImage":"Debian GNU/Linux 11 (bullseye)","containerRuntimeVersion":"docker://20.10.12","kubeletVersion":"v1.21.9","kubeProxyVersion":"v1.21.9","operatingSystem":"linux","architecture":"amd64"}}}]}
    headers:
      Cache-Control:
      - no-cache, private
      Content-Type:
      - application/json
      X-Kubernetes-Pf-Flowschema-Uid:
      - db37e6ac-e2ef-4a29-abca-d3daa388283c
      X-Kubernetes-Pf-Prioritylevel-Uid:
      - 9f0ec813-c1cb-46d0-b6b0-14da74a7fbcd
    status: 200 OK
    code: 200
    duration: ""
- request:
    body: ""
    form: {}
    headers:
      Accept:
      - application/json, */*
    url: https://45375e73-78a6-45a5-b370-25b69c6bf286.cpc2-us-central.linodelke.net:443/api/v1/nodes
    method: GET
  response:
    body: |
      {"kind":"NodeList","apiVersion":"v1","metadata":{"resourceVersion":"645"},"items":[{"metadata":{"name":"lke57130-89425-624efaeffc2e","uid":"fd0f367c-8cc1-49ba-8ada-c6efedf6a5d3","resourceVersion":"609","creationTimestamp":"2018-01-02T03:04:05Z","labels":{"beta.kubernetes.io/arch":"amd64","beta.kubernetes.io/os":"linux","kubernetes.io/arch":"amd64","kubernetes.io/hostname":"lke57130-89425-624efaeffc2e","kubernetes.io/os":"linux","lke.linode.com/pool-id":"89425"},"annotations":{"kubeadm.alpha.kubernetes.io/cri-socket":"/var/run/dockershim.sock","lke.linode.com/wgip":"172.31.0.1","lke.linode.com/wgpub":"eB+pFEV9qG/cBecEO4RISnSKFXH2JiW0Rg6fAZlj10s=","node.alpha.kubernetes.io/ttl":"0","volumes.kubernetes.io/controller-managed-attach-detach":"true"},"managedFields":[{"manager":"kube-controller-manager","operation":"Update","apiVersion":"v1","time":"2018-01-02T03:04:05Z","fieldsType":"FieldsV1","fieldsV1":{"f:metadata":{"f:annotations":{"f:node.alpha.kubernetes.io/ttl":{}}},"f:spec":{"f:podCIDR":{},"f:podCIDRs":{".":{},"v:\"10.2.0.0/24\"":{}}}}},{"manager":"kubeadm","operation":"Update","apiVersion":"v1","time":"2018-01-02T03:04:05Z","fieldsType":"FieldsV1","fieldsV1":{"f:metadata":{"f:annotations":{"f:kubeadm.alpha.kubernetes.io/cri-socket":{}}}}},{"manager":"kubectl-annotate","operation":"Update","apiVersion":"v1","time":"2018-01-02T03:04:05Z","fieldsType":"FieldsV1","fieldsV1":{"f:metadata":{"f:annotations":{"f:lke.linode.com/wgip":{},"f:lke.linode.com/wgpub":{}}}}},{"manager":"kubectl-label","operation":"Update","apiVersion":"v1","time":"2018-01-02T03:04:05Z","fieldsType":"FieldsV1","fieldsV1":{"f:metadata":{"f:labels":{"f:lke.linode.com/pool-id":{}}}}},{"manager":"kubelet","operation":"Update","apiVersion":"v1","time":"2018-01-02T03:04:05Z","fieldsType":"FieldsV1","fieldsV1":{"f:metadata":{"f:annotations":{".":{},"f:volumes.kubernetes.io/controller-managed-attach-detach":{}},"f:labels":{".":{},"f:beta.kubernetes.io/arch":{},"f:beta.kubernetes.io/os":{},"f:kubernetes.io/arch":{},"f:kubernetes.io/hostname":{},"f:kubernetes.io/os":{}}},"f:spec":{"f:taints":{}},"f:status":{"f:allocatable":{"f:ephemeral-storage":{}},"f:conditions":{"k:{\"type\":\"DiskPressure\"}":{"f:lastHeartbeatTime":{}},"k:{\"type\":\"MemoryPressure\"}":{"f:lastHeartbeatTime":{}},"k:{\"type\":\"PIDPressure\"}":{"f:lastHeartbeatTime":{}},"k:{\"type\":\"Ready\"}":{"f:lastHeartbeatTime":{},"f:message":{}}}}}}]},"spec":{"podCIDR":"10.2.0.0/24","podCIDRs":["10.2.0.0/24"],"taints":[{"key":"node.cloudprovider.kubernetes.io/uninitialized","value":"true","effect":"NoSchedule"},{"key":"node.kubernetes.io/not-ready","effect":"NoSchedule"}]},"status":{"capacity":{"cpu":"2","ephemeral-storage":"82535088Ki","hugepages-1Gi":"0","hugepages-2Mi":"0","memory":"4028108Ki","pods":"110"},"allocatable":{"cpu":"2","ephemeral-storage":"76064336975","hugepages-1Gi":"0","hugepages-2Mi":"0","memory":"3925708Ki","pods":"110"},"conditions":[{"type":"MemoryPressure","status":"False","lastHeartbeatTime":"2018-01-02T03:04:05Z","lastTransitionTime":"2018-01-02T03:04:05Z","reason":"KubeletHasSufficientMemory","message":"kubelet has sufficient memory available"},{"type":"DiskPressure","status":"False","lastHeartbeatTime":"2018-01-02T03:04:05Z","lastTransitionTime":"2018-01-02T03:04:05Z","reason":"KubeletHasNoDiskPressure","message":"kubelet has no disk pressure"},{"type":"PIDPressure","status":"False","lastHeartbeatTime":"2018-01-02T03:04:05Z","lastTransitionTime":"2018-01-02T03:04:05Z","reason":"KubeletHasSufficientPID","message":"kubelet has sufficient PID available"},{"type":"Ready","status":"False","lastHeartbeatTime":"2018-01-02T03:04:05Z","lastTransitionTime":"2018-01-02T03:04:05Z","reason":"KubeletNotReady","message":"container runtime network not ready: NetworkReady=false reason:NetworkPluginNotReady message:docker: network plugin is not ready: cni config uninitialized"}],"addresses":[{"type":"InternalIP","address":"69.164.199.198"},{"type":"Hostname","address":"lke57130-89425-624efaeffc2e"}],"daemonEndpoints":{"kubeletEndpoint":{"Port":10250}},"nodeInfo":{"machineID":"2862d130d30b4daaa4b3d9c9a9df8c02","systemUUID":"2862d130d30b4daaa4b3d9c9a9df8c02","bootID":"06691916-c7f0-420a-95b0-3b0a5e42174c","kernelVersion":"5.10.0-11-cloud-amd64","osImage":"Debian GNU/Linux 11 (bullseye)","containerRuntimeVersion":"docker://20.10.12","kubeletVersion":"v1.21.9","kubeProxyVersion":"v1.21.9","operatingSystem":"linux","architecture":"amd64"}}}]}
    headers:
      Cache-Control:
      - no-cache, private
      Content-Type:
      - application/json
      X-Kubernetes-Pf-Flowschema-Uid:
      - db37e6ac-e2ef-4a29-abca-d3daa388283c
      X-Kubernetes-Pf-Prioritylevel-Uid:
      - 9f0ec813-c1cb-46d0-b6b0-14da74a7fbcd
    status: 200 OK
    code: 200
    duration: ""
- request:
    body: ""
    form: {}
    headers:
      Accept:
      - application/json, */*
    url: https://45375e73-78a6-45a5-b370-25b69c6bf286.cpc2-us-central.linodelke.net:443/api/v1/nodes
    method: GET
  response:
    body: |
      {"kind":"NodeList","apiVersion":"v1","metadata":{"resourceVersion":"708"},"items":[{"metadata":{"name":"lke57130-89425-624efaeffc2e","uid":"fd0f367c-8cc1-49ba-8ada-c6efedf6a5d3","resourceVersion":"684","creationTimestamp":"2018-01-02T03:04:05Z","labels":{"beta.kubernetes.io/arch":"amd64","beta.kubernetes.io/os":"linux","kubernetes.io/arch":"amd64","kubernetes.io/hostname":"lke57130-89425-624efaeffc2e","kubernetes.io/os":"linux","lke.linode.com/pool-id":"89425"},"annotations":{"kubeadm.alpha.kubernetes.io/cri-socket":"/var/run/dockershim.sock","lke.linode.com/wgip":"172.31.0.1","lke.linode.com/wgpub":"eB+pFEV9qG/cBecEO4RISnSKFXH2JiW0Rg6fAZlj10s=","node.alpha.kubernetes.io/ttl":"0","volumes.kubernetes.io/controller-managed-attach-detach":"true"},"managedFields":[{"manager":"kube-controller-manager","operation":"Update","apiVersion":"v1","time":"2018-01-02T03:04:05Z","fieldsType":"FieldsV1","fieldsV1":{"f:metadata":{"f:annotations":{"f:node.alpha.kubernetes.io/ttl":{}}},"f:spec":{"f:podCIDR":{},"f:podCIDRs":{".":{},"v:\"10.2.0.0/24\"":{}}}}},{"manager":"kubeadm","operation":"Update","apiVersion":"v1","time":"2018-01-02T03:04:05Z","fieldsType":"FieldsV1","fieldsV1":{"f:metadata":{"f:annotations":{"f:kubeadm.alpha.kubernetes.io/cri-socket":{}}}}},{"manager":"kubectl-annotate","operation":"Update","apiVersion":"v1","time":"2018-01-02T03:04:05Z","fieldsType":"FieldsV1","fieldsV1":{"f:metadata":{"f:annotations":{"f:lke.linode.com/wgip":{},"f:lke.linode.com/wgpub":{}}}}},{"manager":"kubectl-label","operation":"Update","apiVersion":"v1","time":"2018-01-02T03:04:05Z","fieldsType":"FieldsV1","fieldsV1":{"f:metadata":{"f:labels":{"f:lke.linode.com/pool-id":{}}}}},{"manager":"kubelet","operation":"Update","apiVersion":"v1","time":"2018-01-02T03:04:05Z","fieldsType":"FieldsV1","fieldsV1":{"f:metadata":{"f:annotations":{".":{},"f:volumes.kubernetes.io/controller-managed-attach-detach":{}},"f:labels":{".":{},"f:beta.kubernetes.io/arch":{},"f:beta.kubernetes.io/os":{},"f:kubernetes.io/arch":{},"f:kubernetes.io/hostname":{},"f:kubernetes.io/os":{}}},"f:spec":{"f:taints":{}},"f:status":{"f:allocatable":{"f:ephemeral-storage":{}},"f:conditions":{"k:{\"type\":\"DiskPressure\"}":{"f:lastHeartbeatTime":{}},"k:{\"type\":\"MemoryPressure\"}":{"f:lastHeartbeatTime":{}},"k:{\"type\":\"PIDPressure\"}":{"f:lastHeartbeatTime":{}},"k:{\"type\":\"Ready\"}":{"f:lastHeartbeatTime":{},"f:message":{}}}}}}]},"spec":{"podCIDR":"10.2.0.0/24","podCIDRs":["10.2.0.0/24"],"taints":[{"key":"node.cloudprovider.kubernetes.io/uninitialized","value":"true","effect":"NoSchedule"},{"key":"node.kubernetes.io/not-ready","effect":"NoSchedule"}]},"status":{"capacity":{"cpu":"2","ephemeral-storage":"82535088Ki","hugepages-1Gi":"0","hugepages-2Mi":"0","memory":"4028108Ki","pods":"110"},"allocatable":{"cpu":"2","ephemeral-storage":"76064336975","hugepages-1Gi":"0","hugepages-2Mi":"0","memory":"3925708Ki","pods":"110"},"conditions":[{"type":"MemoryPressure","status":"False","lastHeartbeatTime":"2018-01-02T03:04:05Z","lastTransitionTime":"2018-01-02T03:04:05Z","reason":"KubeletHasSufficientMemory","message":"kubelet has sufficient memory available"},{"type":"DiskPressure","status":"False","lastHeartbeatTime":"2018-01-02T03:04:05Z","lastTransitionTime":"2018-01-02T03:04:05Z","reason":"KubeletHasNoDiskPressure","message":"kubelet has no disk pressure"},{"type":"PIDPressure","status":"False","lastHeartbeatTime":"2018-01-02T03:04:05Z","lastTransitionTime":"2018-01-02T03:04:05Z","reason":"KubeletHasSufficientPID","message":"kubelet has sufficient PID available"},{"type":"Ready","status":"False","lastHeartbeatTime":"2018-01-02T03:04:05Z","lastTransitionTime":"2018-01-02T03:04:05Z","reason":"KubeletNotReady","message":"container runtime network not ready: NetworkReady=false reason:NetworkPluginNotReady message:docker: network plugin is not ready: cni config uninitialized"}],"addresses":[{"type":"InternalIP","address":"69.164.199.198"},{"type":"Hostname","address":"lke57130-89425-624efaeffc2e"}],"daemonEndpoints":{"kubeletEndpoint":{"Port":10250}},"nodeInfo":{"machineID":"2862d130d30b4daaa4b3d9c9a9df8c02","systemUUID":"2862d130d30b4daaa4b3d9c9a9df8c02","bootID":"06691916-c7f0-420a-95b0-3b0a5e42174c","kernelVersion":"5.10.0-11-cloud-amd64","osImage":"Debian GNU/Linux 11 (bullseye)","containerRuntimeVersion":"docker://20.10.12","kubeletVersion":"v1.21.9","kubeProxyVersion":"v1.21.9","operatingSystem":"linux","architecture":"amd64"}}}]}
    headers:
      Cache-Control:
      - no-cache, private
      Content-Type:
      - application/json
      X-Kubernetes-Pf-Flowschema-Uid:
      - db37e6ac-e2ef-4a29-abca-d3daa388283c
      X-Kubernetes-Pf-Prioritylevel-Uid:
      - 9f0ec813-c1cb-46d0-b6b0-14da74a7fbcd
    status: 200 OK
    code: 200
    duration: ""
- request:
    body: ""
    form: {}
    headers:
      Accept:
      - application/json, */*
    url: https://45375e73-78a6-45a5-b370-25b69c6bf286.cpc2-us-central.linodelke.net:443/api/v1/nodes
    method: GET
  response:
    body: |
      {"kind":"NodeList","apiVersion":"v1","metadata":{"resourceVersion":"818"},"items":[{"metadata":{"name":"lke57130-89425-624efaeffc2e","uid":"fd0f367c-8cc1-49ba-8ada-c6efedf6a5d3","resourceVersion":"817","creationTimestamp":"2018-01-02T03:04:05Z","labels":{"beta.kubernetes.io/arch":"amd64","beta.kubernetes.io/os":"linux","kubernetes.io/arch":"amd64","kubernetes.io/hostname":"lke57130-89425-624efaeffc2e","kubernetes.io/os":"linux","lke.linode.com/pool-id":"89425"},"annotations":{"kubeadm.alpha.kubernetes.io/cri-socket":"/var/run/dockershim.sock","lke.linode.com/wgip":"172.31.0.1","lke.linode.com/wgpub":"eB+pFEV9qG/cBecEO4RISnSKFXH2JiW0Rg6fAZlj10s=","node.alpha.kubernetes.io/ttl":"0","projectcalico.org/IPv4Address":"10.0.0.13/17","projectcalico.org/IPv4IPIPTunnelAddr":"10.2.0.1","volumes.kubernetes.io/controller-managed-attach-detach":"true"},"managedFields":[{"manager":"kubeadm","operation":"Update","apiVersion":"v1","time":"2018-01-02T03:04:05Z","fieldsType":"FieldsV1","fieldsV1":{"f:metadata":{"f:annotations":{"f:kubeadm.alpha.kubernetes.io/cri-socket":{}}}}},{"manager":"kubectl-annotate","operation":"Update","apiVersion":"v1","time":"2018-01-02T03:04:05Z","fieldsType":"FieldsV1","fieldsV1":{"f:metadata":{"f:annotations":{"f:lke.linode.com/wgip":{},"f:lke.linode.com/wgpub":{}}}}},{"manager":"kubectl-label","operation":"Update","apiVersion":"v1","time":"2018-01-02T03:04:05Z","fieldsType":"FieldsV1","fieldsV1":{"f:metadata":{"f:labels":{"f:lke.linode.com/pool-id":{}}}}},{"manager":"kube-controller-manager","operation":"Update","apiVersion":"v1","time":"2018-01-02T03:04:05Z","fieldsType":"FieldsV1","fieldsV1":{"f:metadata":{"f:annotations":{"f:node.alpha.kubernetes.io/ttl":{}}},"f:spec":{"f:podCIDR":{},"f:podCIDRs":{".":{},"v:\"10.2.0.0/24\"":{}},"f:taints":{}}}},{"manager":"kubelet","operation":"Update","apiVersion":"v1","time":"2018-01-02T03:04:05Z","fieldsType":"FieldsV1","fieldsV1":{"f:metadata":{"f:annotations":{".":{},"f:volumes.kubernetes.io/controller-managed-attach-detach":{}},"f:labels":{".":{},"f:beta.kubernetes.io/arch":{},"f:beta.kubernetes.io/os":{},"f:kubernetes.io/arch":{},"f:kubernetes.io/hostname":{},"f:kubernetes.io/os":{}}},"f:status":{"f:allocatable":{"f:ephemeral-storage":{}},"f:conditions":{"k:{\"type\":\"DiskPressure\"}":{"f:lastHeartbeatTime":{}},"k:{\"type\":\"MemoryPressure\"}":{"f:lastHeartbeatTime":{}},"k:{\"type\":\"PIDPressure\"}":{"f:lastHeartbeatTime":{}},"k:{\"type\":\"Ready\"}":{"f:lastHeartbeatTime":{},"f:lastTransitionTime":{},"f:message":{},"f:reason":{},"f:status":{}}},"f:images":{}}}},{"manager":"calico-node","operation":"Update","apiVersion":"v1","time":"2018-01-02T03:04:05Z","fieldsType":"FieldsV1","fieldsV1":{"f:metadata":{"f:annotations":{"f:projectcalico.org/IPv4Address":{},"f:projectcalico.org/IPv4IPIPTunnelAddr":{}}},"f:status":{"f:conditions":{"k:{\"type\":\"NetworkUnavailable\"}":{".":{},"f:lastHeartbeatTime":{},"f:lastTransitionTime":{},"f:message":{},"f:reason":{},"f:status":{},"f:type":{}}}}}}]},"spec":{"podCIDR":"10.2.0.0/24","podCIDRs":["10.2.0.0/24"],"taints":[{"key":"node.cloudprovider.kubernetes.io/uninitialized","value":"true","effect":"NoSchedule"}]},"status":{"capacity":{"cpu":"2","ephemeral-storage":"82535088Ki","hugepages-1Gi":"0","hugepages-2Mi":"0","memory":"4028108Ki","pods":"110"},"allocatable":{"cpu":"2","ephemeral-storage":"76064336975","hugepages-1Gi":"0","hugepages-2Mi":"0","memory":"3925708Ki","pods":"110"},"conditions":[{"type":"NetworkUnavailable","status":"False","lastHeartbeatTime":"2018-01-02T03:04:05Z","lastTransitionTime":"2018-01-02T03:04:05Z","reason":"CalicoIsUp","message":"Calico is running on this node"},{"type":"MemoryPressure","status":"False","lastHeartbeatTime":"2018-01-02T03:04:05Z","lastTransitionTime":"2018-01-02T03:04:05Z","reason":"KubeletHasSufficientMemory","message":"kubelet has sufficient memory available"},{"type":"DiskPressure","status":"False","lastHeartbeatTime":"2018-01-02T03:04:05Z","lastTransitionTime":"2018-01-02T03:04:05Z","reason":"KubeletHasNoDiskPressure","message":"kubelet has no disk pressure"},{"type":"PIDPressure","status":"False","lastHeartbeatTime":"2018-01-02T03:04:05Z","lastTransitionTime":"2018-01-02T03:04:05Z","reason":"KubeletHasSufficientPID","message":"kubelet has sufficient PID available"},{"type":"Ready","status":"True","lastHeartbeatTime":"2018-01-02T03:04:05Z","lastTransitionTime":"2018-01-02T03:04:05Z","reason":"KubeletReady","message":"kubelet is posting ready status. AppArmor enabled"}],"addresses":[{"type":"InternalIP","address":"69.164.199.198"},{"type":"Hostname","address":"lke57130-89425-624efaeffc2e"}],"daemonEndpoints":{"kubeletEndpoint":{"Port":10250}},"nodeInfo":{"machineID":"2862d130d30b4daaa4b3d9c9a9df8c02","systemUUID":"2862d130d30b4daaa4b3d9c9a9df8c02","bootID":"06691916-c7f0-420a-95b0-3b0a5e42174c","kernelVersion":"5.10.0-11-cloud-amd64","osImage":"Debian GNU/Linux 11 (bullseye)","containerRuntimeVersion":"docker://20.10.12","kubeletVersion":"v1.21.9","kubeProxyVersion":"v1.21.9","operatingSystem":"linux","architecture":"amd64"},"images":[{"names":["calico/cni@sha256:2219eae79544b098119a06a8bb5608867f9ac00471592a00e2347f3ae4bea687","calico/cni:v3.22.1"],"sizeBytes":235518704},{"names":["bitnami/kubectl@sha256:c4a8d9c0cd9c5f903830ea64816c83adf307ff1d775bc3e5b77f1d49d3960205","bitnami/kubectl:1.16.3-debian-10-r36"],"sizeBytes":182705735},{"names":["linode/kube-proxy@sha256:031a6664d0497fc365336afa5bdfc8510e904cb8a58aa753763c6b1549cebb94","linode/kube-proxy:v1.21.11"],"sizeBytes":103583877},{"names":["calico/pod2daemon-flexvol@sha256:35802ba083546a7c5e8b5bf0ee7ffad7f8a468e8c2b3631e7e9647512c94041d","calico/pod2daemon-flexvol:v3.22.1"],"sizeBytes":19709905},{"names":["linode/pause@sha256:4a1c4b21597c1b4415bdbecb28a3296c6b5e23ca4f9feeb599860a1dac6a0108","linode/pause:3.2"],"sizeBytes":682696}]}}]}
    headers:
      Cache-Control:
      - no-cache, private
      Content-Type:
      - application/json
      X-Kubernetes-Pf-Flowschema-Uid:
      - db37e6ac-e2ef-4a29-abca-d3daa388283c
      X-Kubernetes-Pf-Prioritylevel-Uid:
      - 9f0ec813-c1cb-46d0-b6b0-14da74a7fbcd
    status: 200 OK
    code: 200
    duration: ""
