---
version: 1
interactions:
- request:
    body: '{"region":"us-east","type":"g6-nanode-1","label":"test-instance-for-ip-reservation","root_pass":"y=6D\u003e36~AV)?z3Q83''VMmW1k+1f5KY=)697Gv5gO$!}haG6@TZonhl+s45JfUa.\u0026"}'
    form: {}
    headers:
      Accept:
      - application/json
      Content-Type:
      - application/json
      User-Agent:
      - linodego/dev https://github.com/linode/linodego
    url: https://api.linode.com/v4beta/linode/instances
    method: POST
  response:
    body: '{"id": 82372534, "label": "test-instance-for-ip-reservation", "group":
      "", "status": "provisioning", "created": "2018-01-02T03:04:05", "updated": "2018-01-02T03:04:05",
      "type": "g6-nanode-1", "ipv4": ["172.104.215.50"], "ipv6": "1234::5678/128",
      "image": null, "region": "us-east", "site_type": "core", "specs": {"disk": 25600,
      "memory": 1024, "vcpus": 1, "gpus": 0, "transfer": 1000, "accelerated_devices":
      0}, "alerts": {"cpu": 90, "network_in": 10, "network_out": 10, "transfer_quota":
      80, "io": 10000}, "backups": {"enabled": false, "available": false, "schedule":
      {"day": null, "window": null}, "last_successful": null}, "hypervisor": "kvm",
      "watchdog_enabled": true, "tags": [], "host_uuid": "3e0b72a174519259b7d08494416447addea79cba",
      "has_user_data": false, "placement_group": null, "disk_encryption": "enabled",
      "lke_cluster_id": null, "capabilities": [], "interface_generation": "legacy_config"}'
    headers:
      Access-Control-Allow-Credentials:
      - "true"
      Access-Control-Allow-Headers:
      - Authorization, Origin, X-Requested-With, Content-Type, Accept, X-Filter
      Access-Control-Allow-Methods:
      - HEAD, GET, OPTIONS, POST, PUT, DELETE
      Access-Control-Allow-Origin:
      - '*'
      Access-Control-Expose-Headers:
      - X-OAuth-Scopes, X-Accepted-OAuth-Scopes, X-Status
      Akamai-Internal-Account:
      - '*'
      Cache-Control:
      - max-age=0, no-cache, no-store
      Connection:
      - keep-alive
      Content-Security-Policy:
      - default-src 'none'
      Content-Type:
      - application/json
      Expires:
      - Fri, 22 Aug 2025 20:59:04 GMT
      Pragma:
      - no-cache
      Strict-Transport-Security:
      - max-age=31536000
      Vary:
      - Authorization, X-Filter
      - Accept-Encoding
      X-Accepted-Oauth-Scopes:
      - linodes:read_write
      X-Content-Type-Options:
      - nosniff
      X-Frame-Options:
      - DENY
      - DENY
      X-Oauth-Scopes:
      - '*'
      X-Ratelimit-Limit:
      - "20"
      X-Xss-Protection:
      - 1; mode=block
    status: 200 OK
    code: 200
    duration: ""
- request:
    body: '{"region":"us-east"}'
    form: {}
    headers:
      Accept:
      - application/json
      Content-Type:
      - application/json
      User-Agent:
      - linodego/dev https://github.com/linode/linodego
    url: https://api.linode.com/v4beta/networking/reserved/ips
    method: POST
  response:
    body: '{"address": "50.116.56.8", "gateway": "50.116.56.1", "subnet_mask": "255.255.255.0",
      "prefix": 24, "type": "ipv4", "public": true, "rdns": null, "linode_id": null,
      "interface_id": null, "region": "us-east", "vpc_nat_1_1": null, "reserved":
      true, "assigned_entity": null}'
    headers:
      Access-Control-Allow-Credentials:
      - "true"
      Access-Control-Allow-Headers:
      - Authorization, Origin, X-Requested-With, Content-Type, Accept, X-Filter
      Access-Control-Allow-Methods:
      - HEAD, GET, OPTIONS, POST, PUT, DELETE
      Access-Control-Allow-Origin:
      - '*'
      Access-Control-Expose-Headers:
      - X-OAuth-Scopes, X-Accepted-OAuth-Scopes, X-Status
      Akamai-Internal-Account:
      - '*'
      Cache-Control:
      - max-age=0, no-cache, no-store
      Connection:
      - keep-alive
      Content-Length:
      - "270"
      Content-Security-Policy:
      - default-src 'none'
      Content-Type:
      - application/json
      Expires:
      - Fri, 22 Aug 2025 20:59:05 GMT
      Pragma:
      - no-cache
      Strict-Transport-Security:
      - max-age=31536000
      Vary:
      - Authorization, X-Filter
      X-Accepted-Oauth-Scopes:
      - ips:read_write
      X-Content-Type-Options:
      - nosniff
      X-Frame-Options:
      - DENY
      - DENY
      X-Oauth-Scopes:
      - '*'
      X-Ratelimit-Limit:
      - "1840"
      X-Xss-Protection:
      - 1; mode=block
    status: 200 OK
    code: 200
    duration: ""
- request:
    body: '{"type":"ipv4","public":true,"address":"50.116.56.8"}'
    form: {}
    headers:
      Accept:
      - application/json
      Content-Type:
      - application/json
      User-Agent:
      - linodego/dev https://github.com/linode/linodego
    url: https://api.linode.com/v4beta/linode/instances/82372534/ips
    method: POST
  response:
    body: '{"address": "50.116.56.8", "gateway": "50.116.56.1", "subnet_mask": "255.255.255.0",
      "prefix": 24, "type": "ipv4", "public": true, "rdns": "50-116-56-8.ip.linodeusercontent.com",
      "linode_id": 82372534, "interface_id": null, "region": "us-east", "vpc_nat_1_1":
      null, "reserved": true, "assigned_entity": {"id": 82372534, "type": "linode",
      "label": "test-instance-for-ip-reservation", "url": "/v4/linode/instances/82372534"}}'
    headers:
      Access-Control-Allow-Credentials:
      - "true"
      Access-Control-Allow-Headers:
      - Authorization, Origin, X-Requested-With, Content-Type, Accept, X-Filter
      Access-Control-Allow-Methods:
      - HEAD, GET, OPTIONS, POST, PUT, DELETE
      Access-Control-Allow-Origin:
      - '*'
      Access-Control-Expose-Headers:
      - X-OAuth-Scopes, X-Accepted-OAuth-Scopes, X-Status
      Akamai-Internal-Account:
      - '*'
      Cache-Control:
      - max-age=0, no-cache, no-store
      Connection:
      - keep-alive
      Content-Length:
      - "423"
      Content-Security-Policy:
      - default-src 'none'
      Content-Type:
      - application/json
      Expires:
      - Fri, 22 Aug 2025 20:59:05 GMT
      Pragma:
      - no-cache
      Strict-Transport-Security:
      - max-age=31536000
      Vary:
      - Authorization, X-Filter
      X-Accepted-Oauth-Scopes:
      - linodes:read_write
      X-Content-Type-Options:
      - nosniff
      X-Frame-Options:
      - DENY
      - DENY
      X-Oauth-Scopes:
      - '*'
      X-Ratelimit-Limit:
      - "1840"
      X-Xss-Protection:
      - 1; mode=block
    status: 200 OK
    code: 200
    duration: ""
- request:
    body: ""
    form: {}
    headers:
      Accept:
      - application/json
      Content-Type:
      - application/json
      User-Agent:
      - linodego/dev https://github.com/linode/linodego
    url: https://api.linode.com/v4beta/linode/instances/82372534/ips
    method: GET
  response:
    body: '{"ipv4": {"public": [{"address": "50.116.56.8", "gateway": "50.116.56.1",
      "subnet_mask": "255.255.255.0", "prefix": 24, "type": "ipv4", "public": true,
      "rdns": "50-116-56-8.ip.linodeusercontent.com", "linode_id": 82372534, "interface_id":
      null, "region": "us-east", "vpc_nat_1_1": null, "reserved": true, "assigned_entity":
      {"id": 82372534, "type": "linode", "label": "test-instance-for-ip-reservation",
      "url": "/v4/linode/instances/82372534"}}, {"address": "172.104.215.50", "gateway":
      "172.104.215.1", "subnet_mask": "255.255.255.0", "prefix": 24, "type": "ipv4",
      "public": true, "rdns": "172-104-215-50.ip.linodeusercontent.com", "linode_id":
      82372534, "interface_id": null, "region": "us-east", "vpc_nat_1_1": null, "reserved":
      false, "assigned_entity": {"id": 82372534, "type": "linode", "label": "test-instance-for-ip-reservation",
      "url": "/v4/linode/instances/82372534"}}], "private": [], "shared": [], "reserved":
      [], "vpc": []}, "ipv6": {"slaac": {"address": "1234::5678",
      "gateway": "1234::5678", "subnet_mask": "1234::5678", "prefix": 64,
      "type": "ipv6", "rdns": null, "linode_id": 82372534, "region": "us-east", "public":
      true}, "link_local": {"address": "1234::5678", "gateway": "1234::5678",
      "subnet_mask": "1234::5678", "prefix": 64, "type": "ipv6", "rdns":
      null, "linode_id": 82372534, "region": "us-east", "public": false}, "global":
      [], "vpc": []}}'
    headers:
      Access-Control-Allow-Credentials:
      - "true"
      Access-Control-Allow-Headers:
      - Authorization, Origin, X-Requested-With, Content-Type, Accept, X-Filter
      Access-Control-Allow-Methods:
      - HEAD, GET, OPTIONS, POST, PUT, DELETE
      Access-Control-Allow-Origin:
      - '*'
      Access-Control-Expose-Headers:
      - X-OAuth-Scopes, X-Accepted-OAuth-Scopes, X-Status
      Akamai-Internal-Account:
      - '*'
      Cache-Control:
      - max-age=0, no-cache, no-store
      Connection:
      - keep-alive
      Content-Security-Policy:
      - default-src 'none'
      Content-Type:
      - application/json
      Expires:
      - Fri, 22 Aug 2025 20:59:05 GMT
      Pragma:
      - no-cache
      Strict-Transport-Security:
      - max-age=31536000
      Vary:
      - Authorization, X-Filter
      - Authorization, X-Filter
      - Accept-Encoding
      X-Accepted-Oauth-Scopes:
      - linodes:read_only
      X-Content-Type-Options:
      - nosniff
      X-Frame-Options:
      - DENY
      - DENY
      X-Oauth-Scopes:
      - '*'
      X-Ratelimit-Limit:
      - "1840"
      X-Xss-Protection:
      - 1; mode=block
    status: 200 OK
    code: 200
    duration: ""
- request:
    body: ""
    form: {}
    headers:
      Accept:
      - application/json
      Content-Type:
      - application/json
      User-Agent:
      - linodego/dev https://github.com/linode/linodego
    url: https://api.linode.com/v4beta/networking/reserved/ips/50.116.56.8
    method: DELETE
  response:
    body: '{}'
    headers:
      Access-Control-Allow-Credentials:
      - "true"
      Access-Control-Allow-Headers:
      - Authorization, Origin, X-Requested-With, Content-Type, Accept, X-Filter
      Access-Control-Allow-Methods:
      - HEAD, GET, OPTIONS, POST, PUT, DELETE
      Access-Control-Allow-Origin:
      - '*'
      Access-Control-Expose-Headers:
      - X-OAuth-Scopes, X-Accepted-OAuth-Scopes, X-Status
      Akamai-Internal-Account:
      - '*'
      Cache-Control:
      - max-age=0, no-cache, no-store
      Connection:
      - keep-alive
      Content-Length:
      - "2"
      Content-Security-Policy:
      - default-src 'none'
      Content-Type:
      - application/json
      Expires:
      - Fri, 22 Aug 2025 20:59:05 GMT
      Pragma:
      - no-cache
      Strict-Transport-Security:
      - max-age=31536000
      Vary:
      - Authorization, X-Filter
      X-Accepted-Oauth-Scopes:
      - ips:read_write
      X-Content-Type-Options:
      - nosniff
      X-Frame-Options:
      - DENY
      - DENY
      X-Oauth-Scopes:
      - '*'
      X-Ratelimit-Limit:
      - "10"
      X-Xss-Protection:
      - 1; mode=block
    status: 200 OK
    code: 200
    duration: ""
- request:
    body: ""
    form: {}
    headers:
      Accept:
      - application/json
      Content-Type:
      - application/json
      User-Agent:
      - linodego/dev https://github.com/linode/linodego
    url: https://api.linode.com/v4beta/linode/instances/82372534
    method: DELETE
  response:
    body: '{}'
    headers:
      Access-Control-Allow-Credentials:
      - "true"
      Access-Control-Allow-Headers:
      - Authorization, Origin, X-Requested-With, Content-Type, Accept, X-Filter
      Access-Control-Allow-Methods:
      - HEAD, GET, OPTIONS, POST, PUT, DELETE
      Access-Control-Allow-Origin:
      - '*'
      Access-Control-Expose-Headers:
      - X-OAuth-Scopes, X-Accepted-OAuth-Scopes, X-Status
      Akamai-Internal-Account:
      - '*'
      Cache-Control:
      - max-age=0, no-cache, no-store
      Connection:
      - keep-alive
      Content-Length:
      - "2"
      Content-Security-Policy:
      - default-src 'none'
      Content-Type:
      - application/json
      Expires:
      - Fri, 22 Aug 2025 20:59:07 GMT
      Pragma:
      - no-cache
      Strict-Transport-Security:
      - max-age=31536000
      Vary:
      - Authorization, X-Filter
      X-Accepted-Oauth-Scopes:
      - linodes:read_write
      X-Content-Type-Options:
      - nosniff
      X-Frame-Options:
      - DENY
      - DENY
      X-Oauth-Scopes:
      - '*'
      X-Ratelimit-Limit:
      - "1840"
      X-Xss-Protection:
      - 1; mode=block
    status: 200 OK
    code: 200
    duration: ""
