---
version: 1
interactions:
- request:
    body: '{"region":"us-southeast","type":"g6-nanode-1","label":"linodego-test-eventpoller-instancepower","root_pass":"c00lp@ss!","image":"linode/ubuntu22.04","booted":false}'
    form: {}
    headers:
      Accept:
      - application/json
      Content-Type:
      - application/json
      User-Agent:
      - linodego/dev https://github.com/linode/linodego
    url: https://api.linode.com/v4beta/linode/instances
    method: POST
  response:
    body: '{"id": 37916151, "label": "linodego-test-eventpoller-instancepower", "group":
      "", "status": "provisioning", "created": "2018-01-02T03:04:05", "updated": "2018-01-02T03:04:05",
      "type": "g6-nanode-1", "ipv4": ["173.230.136.30"], "ipv6": "1234::5678/128",
      "image": "linode/ubuntu22.04", "region": "us-southeast", "specs": {"disk": 25600,
      "memory": 1024, "vcpus": 1, "gpus": 0, "transfer": 1000}, "alerts": {"cpu":
      90, "network_in": 10, "network_out": 10, "transfer_quota": 80, "io": 10000},
      "backups": {"enabled": false, "schedule": {"day": null, "window": null}, "last_successful":
      null}, "hypervisor": "kvm", "watchdog_enabled": true, "tags": []}'
    headers:
      Access-Control-Allow-Credentials:
      - "true"
      Access-Control-Allow-Headers:
      - Authorization, Origin, X-Requested-With, Content-Type, Accept, X-Filter
      Access-Control-Allow-Methods:
      - HEAD, GET, OPTIONS, POST, PUT, DELETE
      Access-Control-Allow-Origin:
      - '*'
      Access-Control-Expose-Headers:
      - X-OAuth-Scopes, X-Accepted-OAuth-Scopes, X-Status
      Cache-Control:
      - private, max-age=60, s-maxage=60
      Content-Length:
      - "665"
      Content-Security-Policy:
      - default-src 'none'
      Content-Type:
      - application/json
      Server:
      - nginx
      Strict-Transport-Security:
      - max-age=31536000
      Vary:
      - Authorization, X-Filter
      X-Accepted-Oauth-Scopes:
      - linodes:read_write
      X-Content-Type-Options:
      - nosniff
      X-Frame-Options:
      - DENY
      - DENY
      X-Oauth-Scopes:
      - '*'
      X-Ratelimit-Limit:
      - "10"
      X-Xss-Protection:
      - 1; mode=block
    status: 200 OK
    code: 200
    duration: ""
- request:
    body: ""
    form: {}
    headers:
      Accept:
      - application/json
      Content-Type:
      - application/json
      User-Agent:
      - linodego/dev https://github.com/linode/linodego
      X-Filter:
      - '{"+order":"desc","+order_by":"created","action":"linode_create","entity.id":37916151,"entity.type":"linode"}'
    url: https://api.linode.com/v4beta/account/events?page=1
    method: GET
  response:
    body: '{"data": [{"id": 346123429, "created": "2018-01-02T03:04:05", "seen": false,
      "read": false, "percent_complete": 53, "time_remaining": null, "rate": null,
      "duration": 19.644612, "action": "linode_create", "username": "lgarber-dev",
      "entity": {"label": "linodego-test-eventpoller-instancepower", "id": 37916151,
      "type": "linode", "url": "/v4/linode/instances/37916151"}, "status": "started",
      "secondary_entity": {"id": "linode/ubuntu22.04", "type": "image", "label": "Ubuntu
      22.04 LTS", "url": "/v4/images/linode/ubuntu22.04"}, "message": ""}], "page":
      1, "pages": 1, "results": 1}'
    headers:
      Access-Control-Allow-Credentials:
      - "true"
      Access-Control-Allow-Headers:
      - Authorization, Origin, X-Requested-With, Content-Type, Accept, X-Filter
      Access-Control-Allow-Methods:
      - HEAD, GET, OPTIONS, POST, PUT, DELETE
      Access-Control-Allow-Origin:
      - '*'
      Access-Control-Expose-Headers:
      - X-OAuth-Scopes, X-Accepted-OAuth-Scopes, X-Status
      Cache-Control:
      - private, max-age=0, s-maxage=0, no-cache, no-store
      - private, max-age=60, s-maxage=60
      Content-Length:
      - "579"
      Content-Security-Policy:
      - default-src 'none'
      Content-Type:
      - application/json
      Server:
      - nginx
      Strict-Transport-Security:
      - max-age=31536000
      Vary:
      - Authorization, X-Filter
      - Authorization, X-Filter
      X-Accepted-Oauth-Scopes:
      - events:read_only
      X-Content-Type-Options:
      - nosniff
      X-Frame-Options:
      - DENY
      - DENY
      X-Oauth-Scopes:
      - '*'
      X-Ratelimit-Limit:
      - "800"
      X-Xss-Protection:
      - 1; mode=block
    status: 200 OK
    code: 200
    duration: ""
- request:
    body: ""
    form: {}
    headers:
      Accept:
      - application/json
      Content-Type:
      - application/json
      User-Agent:
      - linodego/dev https://github.com/linode/linodego
    url: https://api.linode.com/v4beta/account/events/346123429
    method: GET
  response:
    body: '{"id": 346123429, "created": "2018-01-02T03:04:05", "seen": false, "read":
      false, "percent_complete": 53, "time_remaining": null, "rate": null, "duration":
      19.724651, "action": "linode_create", "username": "lgarber-dev", "entity": {"label":
      "linodego-test-eventpoller-instancepower", "id": 37916151, "type": "linode",
      "url": "/v4/linode/instances/37916151"}, "status": "started", "secondary_entity":
      {"id": "linode/ubuntu22.04", "type": "image", "label": "Ubuntu 22.04 LTS", "url":
      "/v4/images/linode/ubuntu22.04"}, "message": ""}'
    headers:
      Access-Control-Allow-Credentials:
      - "true"
      Access-Control-Allow-Headers:
      - Authorization, Origin, X-Requested-With, Content-Type, Accept, X-Filter
      Access-Control-Allow-Methods:
      - HEAD, GET, OPTIONS, POST, PUT, DELETE
      Access-Control-Allow-Origin:
      - '*'
      Access-Control-Expose-Headers:
      - X-OAuth-Scopes, X-Accepted-OAuth-Scopes, X-Status
      Cache-Control:
      - private, max-age=0, s-maxage=0, no-cache, no-store
      - private, max-age=60, s-maxage=60
      Content-Length:
      - "530"
      Content-Security-Policy:
      - default-src 'none'
      Content-Type:
      - application/json
      Server:
      - nginx
      Strict-Transport-Security:
      - max-age=31536000
      Vary:
      - Authorization, X-Filter
      - Authorization, X-Filter
      X-Accepted-Oauth-Scopes:
      - events:read_only
      X-Content-Type-Options:
      - nosniff
      X-Frame-Options:
      - DENY
      - DENY
      X-Oauth-Scopes:
      - '*'
      X-Ratelimit-Limit:
      - "800"
      X-Xss-Protection:
      - 1; mode=block
    status: 200 OK
    code: 200
    duration: ""
- request:
    body: ""
    form: {}
    headers:
      Accept:
      - application/json
      Content-Type:
      - application/json
      User-Agent:
      - linodego/dev https://github.com/linode/linodego
    url: https://api.linode.com/v4beta/account/events/346123429
    method: GET
  response:
    body: '{"id": 346123429, "created": "2018-01-02T03:04:05", "seen": false, "read":
      false, "percent_complete": 59, "time_remaining": null, "rate": null, "duration":
      34.623233, "action": "linode_create", "username": "lgarber-dev", "entity": {"label":
      "linodego-test-eventpoller-instancepower", "id": 37916151, "type": "linode",
      "url": "/v4/linode/instances/37916151"}, "status": "started", "secondary_entity":
      {"id": "linode/ubuntu22.04", "type": "image", "label": "Ubuntu 22.04 LTS", "url":
      "/v4/images/linode/ubuntu22.04"}, "message": ""}'
    headers:
      Access-Control-Allow-Credentials:
      - "true"
      Access-Control-Allow-Headers:
      - Authorization, Origin, X-Requested-With, Content-Type, Accept, X-Filter
      Access-Control-Allow-Methods:
      - HEAD, GET, OPTIONS, POST, PUT, DELETE
      Access-Control-Allow-Origin:
      - '*'
      Access-Control-Expose-Headers:
      - X-OAuth-Scopes, X-Accepted-OAuth-Scopes, X-Status
      Cache-Control:
      - private, max-age=0, s-maxage=0, no-cache, no-store
      - private, max-age=60, s-maxage=60
      Content-Length:
      - "530"
      Content-Security-Policy:
      - default-src 'none'
      Content-Type:
      - application/json
      Server:
      - nginx
      Strict-Transport-Security:
      - max-age=31536000
      Vary:
      - Authorization, X-Filter
      - Authorization, X-Filter
      X-Accepted-Oauth-Scopes:
      - events:read_only
      X-Content-Type-Options:
      - nosniff
      X-Frame-Options:
      - DENY
      - DENY
      X-Oauth-Scopes:
      - '*'
      X-Ratelimit-Limit:
      - "800"
      X-Xss-Protection:
      - 1; mode=block
    status: 200 OK
    code: 200
    duration: ""
- request:
    body: ""
    form: {}
    headers:
      Accept:
      - application/json
      Content-Type:
      - application/json
      User-Agent:
      - linodego/dev https://github.com/linode/linodego
    url: https://api.linode.com/v4beta/account/events/346123429
    method: GET
  response:
    body: '{"id": 346123429, "created": "2018-01-02T03:04:05", "seen": false, "read":
      false, "percent_complete": 100, "time_remaining": 0, "rate": null, "duration":
      45.0, "action": "linode_create", "username": "lgarber-dev", "entity": {"label":
      "linodego-test-eventpoller-instancepower", "id": 37916151, "type": "linode",
      "url": "/v4/linode/instances/37916151"}, "status": "finished", "secondary_entity":
      {"id": "linode/ubuntu22.04", "type": "image", "label": "Ubuntu 22.04 LTS", "url":
      "/v4/images/linode/ubuntu22.04"}, "message": ""}'
    headers:
      Access-Control-Allow-Credentials:
      - "true"
      Access-Control-Allow-Headers:
      - Authorization, Origin, X-Requested-With, Content-Type, Accept, X-Filter
      Access-Control-Allow-Methods:
      - HEAD, GET, OPTIONS, POST, PUT, DELETE
      Access-Control-Allow-Origin:
      - '*'
      Access-Control-Expose-Headers:
      - X-OAuth-Scopes, X-Accepted-OAuth-Scopes, X-Status
      Cache-Control:
      - private, max-age=0, s-maxage=0, no-cache, no-store
      - private, max-age=60, s-maxage=60
      Content-Length:
      - "524"
      Content-Security-Policy:
      - default-src 'none'
      Content-Type:
      - application/json
      Server:
      - nginx
      Strict-Transport-Security:
      - max-age=31536000
      Vary:
      - Authorization, X-Filter
      - Authorization, X-Filter
      X-Accepted-Oauth-Scopes:
      - events:read_only
      X-Content-Type-Options:
      - nosniff
      X-Frame-Options:
      - DENY
      - DENY
      X-Oauth-Scopes:
      - '*'
      X-Ratelimit-Limit:
      - "800"
      X-Xss-Protection:
      - 1; mode=block
    status: 200 OK
    code: 200
    duration: ""
- request:
    body: ""
    form: {}
    headers:
      Accept:
      - application/json
      Content-Type:
      - application/json
      User-Agent:
      - linodego/dev https://github.com/linode/linodego
      X-Filter:
      - '{"+order":"desc","+order_by":"created","action":"linode_boot","entity.id":37916151,"entity.type":"linode"}'
    url: https://api.linode.com/v4beta/account/events?page=1
    method: GET
  response:
    body: '{"data": [], "page": 1, "pages": 1, "results": 0}'
    headers:
      Access-Control-Allow-Credentials:
      - "true"
      Access-Control-Allow-Headers:
      - Authorization, Origin, X-Requested-With, Content-Type, Accept, X-Filter
      Access-Control-Allow-Methods:
      - HEAD, GET, OPTIONS, POST, PUT, DELETE
      Access-Control-Allow-Origin:
      - '*'
      Access-Control-Expose-Headers:
      - X-OAuth-Scopes, X-Accepted-OAuth-Scopes, X-Status
      Cache-Control:
      - private, max-age=0, s-maxage=0, no-cache, no-store
      - private, max-age=60, s-maxage=60
      Content-Length:
      - "49"
      Content-Security-Policy:
      - default-src 'none'
      Content-Type:
      - application/json
      Server:
      - nginx
      Strict-Transport-Security:
      - max-age=31536000
      Vary:
      - Authorization, X-Filter
      - Authorization, X-Filter
      X-Accepted-Oauth-Scopes:
      - events:read_only
      X-Content-Type-Options:
      - nosniff
      X-Frame-Options:
      - DENY
      - DENY
      X-Oauth-Scopes:
      - '*'
      X-Ratelimit-Limit:
      - "800"
      X-Xss-Protection:
      - 1; mode=block
    status: 200 OK
    code: 200
    duration: ""
- request:
    body: ""
    form: {}
    headers:
      Accept:
      - application/json
      Content-Type:
      - application/json
      User-Agent:
      - linodego/dev https://github.com/linode/linodego
    url: https://api.linode.com/v4beta/linode/instances/37916151/boot
    method: POST
  response:
    body: '{}'
    headers:
      Access-Control-Allow-Credentials:
      - "true"
      Access-Control-Allow-Headers:
      - Authorization, Origin, X-Requested-With, Content-Type, Accept, X-Filter
      Access-Control-Allow-Methods:
      - HEAD, GET, OPTIONS, POST, PUT, DELETE
      Access-Control-Allow-Origin:
      - '*'
      Access-Control-Expose-Headers:
      - X-OAuth-Scopes, X-Accepted-OAuth-Scopes, X-Status
      Cache-Control:
      - private, max-age=60, s-maxage=60
      Content-Length:
      - "2"
      Content-Security-Policy:
      - default-src 'none'
      Content-Type:
      - application/json
      Server:
      - nginx
      Strict-Transport-Security:
      - max-age=31536000
      Vary:
      - Authorization, X-Filter
      X-Accepted-Oauth-Scopes:
      - linodes:read_write
      X-Content-Type-Options:
      - nosniff
      X-Frame-Options:
      - DENY
      - DENY
      X-Oauth-Scopes:
      - '*'
      X-Ratelimit-Limit:
      - "800"
      X-Xss-Protection:
      - 1; mode=block
    status: 200 OK
    code: 200
    duration: ""
- request:
    body: ""
    form: {}
    headers:
      Accept:
      - application/json
      Content-Type:
      - application/json
      User-Agent:
      - linodego/dev https://github.com/linode/linodego
      X-Filter:
      - '{"+order":"desc","+order_by":"created","action":"linode_boot","entity.id":37916151,"entity.type":"linode"}'
    url: https://api.linode.com/v4beta/account/events?page=1
    method: GET
  response:
    body: '{"data": [{"id": 346123705, "created": "2018-01-02T03:04:05", "seen": false,
      "read": false, "percent_complete": 49, "time_remaining": null, "rate": null,
      "duration": 15.061685, "action": "linode_boot", "username": "lgarber-dev", "entity":
      {"label": "linodego-test-eventpoller-instancepower", "id": 37916151, "type":
      "linode", "url": "/v4/linode/instances/37916151"}, "status": "started", "secondary_entity":
      {"id": 40387797, "type": "linode_config", "label": "My Ubuntu 22.04 LTS Disk
      Profile", "url": "/v4/linode/instances/37916151/configs/40387797"}, "message":
      ""}], "page": 1, "pages": 1, "results": 1}'
    headers:
      Access-Control-Allow-Credentials:
      - "true"
      Access-Control-Allow-Headers:
      - Authorization, Origin, X-Requested-With, Content-Type, Accept, X-Filter
      Access-Control-Allow-Methods:
      - HEAD, GET, OPTIONS, POST, PUT, DELETE
      Access-Control-Allow-Origin:
      - '*'
      Access-Control-Expose-Headers:
      - X-OAuth-Scopes, X-Accepted-OAuth-Scopes, X-Status
      Cache-Control:
      - private, max-age=0, s-maxage=0, no-cache, no-store
      - private, max-age=60, s-maxage=60
      Content-Length:
      - "606"
      Content-Security-Policy:
      - default-src 'none'
      Content-Type:
      - application/json
      Server:
      - nginx
      Strict-Transport-Security:
      - max-age=31536000
      Vary:
      - Authorization, X-Filter
      - Authorization, X-Filter
      X-Accepted-Oauth-Scopes:
      - events:read_only
      X-Content-Type-Options:
      - nosniff
      X-Frame-Options:
      - DENY
      - DENY
      X-Oauth-Scopes:
      - '*'
      X-Ratelimit-Limit:
      - "800"
      X-Xss-Protection:
      - 1; mode=block
    status: 200 OK
    code: 200
    duration: ""
- request:
    body: ""
    form: {}
    headers:
      Accept:
      - application/json
      Content-Type:
      - application/json
      User-Agent:
      - linodego/dev https://github.com/linode/linodego
    url: https://api.linode.com/v4beta/account/events/346123705
    method: GET
  response:
    body: '{"id": 346123705, "created": "2018-01-02T03:04:05", "seen": false, "read":
      false, "percent_complete": 49, "time_remaining": null, "rate": null, "duration":
      15.183067, "action": "linode_boot", "username": "lgarber-dev", "entity": {"label":
      "linodego-test-eventpoller-instancepower", "id": 37916151, "type": "linode",
      "url": "/v4/linode/instances/37916151"}, "status": "started", "secondary_entity":
      {"id": 40387797, "type": "linode_config", "label": "My Ubuntu 22.04 LTS Disk
      Profile", "url": "/v4/linode/instances/37916151/configs/40387797"}, "message":
      ""}'
    headers:
      Access-Control-Allow-Credentials:
      - "true"
      Access-Control-Allow-Headers:
      - Authorization, Origin, X-Requested-With, Content-Type, Accept, X-Filter
      Access-Control-Allow-Methods:
      - HEAD, GET, OPTIONS, POST, PUT, DELETE
      Access-Control-Allow-Origin:
      - '*'
      Access-Control-Expose-Headers:
      - X-OAuth-Scopes, X-Accepted-OAuth-Scopes, X-Status
      Cache-Control:
      - private, max-age=0, s-maxage=0, no-cache, no-store
      - private, max-age=60, s-maxage=60
      Content-Length:
      - "557"
      Content-Security-Policy:
      - default-src 'none'
      Content-Type:
      - application/json
      Server:
      - nginx
      Strict-Transport-Security:
      - max-age=31536000
      Vary:
      - Authorization, X-Filter
      - Authorization, X-Filter
      X-Accepted-Oauth-Scopes:
      - events:read_only
      X-Content-Type-Options:
      - nosniff
      X-Frame-Options:
      - DENY
      - DENY
      X-Oauth-Scopes:
      - '*'
      X-Ratelimit-Limit:
      - "800"
      X-Xss-Protection:
      - 1; mode=block
    status: 200 OK
    code: 200
    duration: ""
- request:
    body: ""
    form: {}
    headers:
      Accept:
      - application/json
      Content-Type:
      - application/json
      User-Agent:
      - linodego/dev https://github.com/linode/linodego
    url: https://api.linode.com/v4beta/account/events/346123705
    method: GET
  response:
    body: '{"id": 346123705, "created": "2018-01-02T03:04:05", "seen": false, "read":
      false, "percent_complete": 100, "time_remaining": 0, "rate": null, "duration":
      17.0, "action": "linode_boot", "username": "lgarber-dev", "entity": {"label":
      "linodego-test-eventpoller-instancepower", "id": 37916151, "type": "linode",
      "url": "/v4/linode/instances/37916151"}, "status": "finished", "secondary_entity":
      {"id": 40387797, "type": "linode_config", "label": "My Ubuntu 22.04 LTS Disk
      Profile", "url": "/v4/linode/instances/37916151/configs/40387797"}, "message":
      ""}'
    headers:
      Access-Control-Allow-Credentials:
      - "true"
      Access-Control-Allow-Headers:
      - Authorization, Origin, X-Requested-With, Content-Type, Accept, X-Filter
      Access-Control-Allow-Methods:
      - HEAD, GET, OPTIONS, POST, PUT, DELETE
      Access-Control-Allow-Origin:
      - '*'
      Access-Control-Expose-Headers:
      - X-OAuth-Scopes, X-Accepted-OAuth-Scopes, X-Status
      Cache-Control:
      - private, max-age=0, s-maxage=0, no-cache, no-store
      - private, max-age=60, s-maxage=60
      Content-Length:
      - "551"
      Content-Security-Policy:
      - default-src 'none'
      Content-Type:
      - application/json
      Server:
      - nginx
      Strict-Transport-Security:
      - max-age=31536000
      Vary:
      - Authorization, X-Filter
      - Authorization, X-Filter
      X-Accepted-Oauth-Scopes:
      - events:read_only
      X-Content-Type-Options:
      - nosniff
      X-Frame-Options:
      - DENY
      - DENY
      X-Oauth-Scopes:
      - '*'
      X-Ratelimit-Limit:
      - "800"
      X-Xss-Protection:
      - 1; mode=block
    status: 200 OK
    code: 200
    duration: ""
- request:
    body: ""
    form: {}
    headers:
      Accept:
      - application/json
      Content-Type:
      - application/json
      User-Agent:
      - linodego/dev https://github.com/linode/linodego
    url: https://api.linode.com/v4beta/linode/instances/37916151
    method: GET
  response:
    body: '{"id": 37916151, "label": "linodego-test-eventpoller-instancepower", "group":
      "", "status": "running", "created": "2018-01-02T03:04:05", "updated": "2018-01-02T03:04:05",
      "type": "g6-nanode-1", "ipv4": ["173.230.136.30"], "ipv6": "1234::5678/128",
      "image": "linode/ubuntu22.04", "region": "us-southeast", "specs": {"disk": 25600,
      "memory": 1024, "vcpus": 1, "gpus": 0, "transfer": 1000}, "alerts": {"cpu":
      90, "network_in": 10, "network_out": 10, "transfer_quota": 80, "io": 10000},
      "backups": {"enabled": false, "schedule": {"day": null, "window": null}, "last_successful":
      null}, "hypervisor": "kvm", "watchdog_enabled": true, "tags": []}'
    headers:
      Access-Control-Allow-Credentials:
      - "true"
      Access-Control-Allow-Headers:
      - Authorization, Origin, X-Requested-With, Content-Type, Accept, X-Filter
      Access-Control-Allow-Methods:
      - HEAD, GET, OPTIONS, POST, PUT, DELETE
      Access-Control-Allow-Origin:
      - '*'
      Access-Control-Expose-Headers:
      - X-OAuth-Scopes, X-Accepted-OAuth-Scopes, X-Status
      Cache-Control:
      - private, max-age=0, s-maxage=0, no-cache, no-store
      - private, max-age=60, s-maxage=60
      Content-Length:
      - "660"
      Content-Security-Policy:
      - default-src 'none'
      Content-Type:
      - application/json
      Server:
      - nginx
      Strict-Transport-Security:
      - max-age=31536000
      Vary:
      - Authorization, X-Filter
      - Authorization, X-Filter
      X-Accepted-Oauth-Scopes:
      - linodes:read_only
      X-Content-Type-Options:
      - nosniff
      X-Frame-Options:
      - DENY
      - DENY
      X-Oauth-Scopes:
      - '*'
      X-Ratelimit-Limit:
      - "800"
      X-Xss-Protection:
      - 1; mode=block
    status: 200 OK
    code: 200
    duration: ""
- request:
    body: ""
    form: {}
    headers:
      Accept:
      - application/json
      Content-Type:
      - application/json
      User-Agent:
      - linodego/dev https://github.com/linode/linodego
      X-Filter:
      - '{"+order":"desc","+order_by":"created","action":"linode_shutdown","entity.id":37916151,"entity.type":"linode"}'
    url: https://api.linode.com/v4beta/account/events?page=1
    method: GET
  response:
    body: '{"data": [], "page": 1, "pages": 1, "results": 0}'
    headers:
      Access-Control-Allow-Credentials:
      - "true"
      Access-Control-Allow-Headers:
      - Authorization, Origin, X-Requested-With, Content-Type, Accept, X-Filter
      Access-Control-Allow-Methods:
      - HEAD, GET, OPTIONS, POST, PUT, DELETE
      Access-Control-Allow-Origin:
      - '*'
      Access-Control-Expose-Headers:
      - X-OAuth-Scopes, X-Accepted-OAuth-Scopes, X-Status
      Cache-Control:
      - private, max-age=0, s-maxage=0, no-cache, no-store
      - private, max-age=60, s-maxage=60
      Content-Length:
      - "49"
      Content-Security-Policy:
      - default-src 'none'
      Content-Type:
      - application/json
      Server:
      - nginx
      Strict-Transport-Security:
      - max-age=31536000
      Vary:
      - Authorization, X-Filter
      - Authorization, X-Filter
      X-Accepted-Oauth-Scopes:
      - events:read_only
      X-Content-Type-Options:
      - nosniff
      X-Frame-Options:
      - DENY
      - DENY
      X-Oauth-Scopes:
      - '*'
      X-Ratelimit-Limit:
      - "800"
      X-Xss-Protection:
      - 1; mode=block
    status: 200 OK
    code: 200
    duration: ""
- request:
    body: ""
    form: {}
    headers:
      Accept:
      - application/json
      Content-Type:
      - application/json
      User-Agent:
      - linodego/dev https://github.com/linode/linodego
    url: https://api.linode.com/v4beta/linode/instances/37916151/shutdown
    method: POST
  response:
    body: '{}'
    headers:
      Access-Control-Allow-Credentials:
      - "true"
      Access-Control-Allow-Headers:
      - Authorization, Origin, X-Requested-With, Content-Type, Accept, X-Filter
      Access-Control-Allow-Methods:
      - HEAD, GET, OPTIONS, POST, PUT, DELETE
      Access-Control-Allow-Origin:
      - '*'
      Access-Control-Expose-Headers:
      - X-OAuth-Scopes, X-Accepted-OAuth-Scopes, X-Status
      Cache-Control:
      - private, max-age=60, s-maxage=60
      Content-Length:
      - "2"
      Content-Security-Policy:
      - default-src 'none'
      Content-Type:
      - application/json
      Server:
      - nginx
      Strict-Transport-Security:
      - max-age=31536000
      Vary:
      - Authorization, X-Filter
      X-Accepted-Oauth-Scopes:
      - linodes:read_write
      X-Content-Type-Options:
      - nosniff
      X-Frame-Options:
      - DENY
      - DENY
      X-Oauth-Scopes:
      - '*'
      X-Ratelimit-Limit:
      - "800"
      X-Xss-Protection:
      - 1; mode=block
    status: 200 OK
    code: 200
    duration: ""
- request:
    body: ""
    form: {}
    headers:
      Accept:
      - application/json
      Content-Type:
      - application/json
      User-Agent:
      - linodego/dev https://github.com/linode/linodego
      X-Filter:
      - '{"+order":"desc","+order_by":"created","action":"linode_shutdown","entity.id":37916151,"entity.type":"linode"}'
    url: https://api.linode.com/v4beta/account/events?page=1
    method: GET
  response:
    body: '{"data": [{"id": 346123825, "created": "2018-01-02T03:04:05", "seen": false,
      "read": false, "percent_complete": 26, "time_remaining": null, "rate": null,
      "duration": 15.487352, "action": "linode_shutdown", "username": "lgarber-dev",
      "entity": {"label": "linodego-test-eventpoller-instancepower", "id": 37916151,
      "type": "linode", "url": "/v4/linode/instances/37916151"}, "status": "started",
      "secondary_entity": null, "message": ""}], "page": 1, "pages": 1, "results":
      1}'
    headers:
      Access-Control-Allow-Credentials:
      - "true"
      Access-Control-Allow-Headers:
      - Authorization, Origin, X-Requested-With, Content-Type, Accept, X-Filter
      Access-Control-Allow-Methods:
      - HEAD, GET, OPTIONS, POST, PUT, DELETE
      Access-Control-Allow-Origin:
      - '*'
      Access-Control-Expose-Headers:
      - X-OAuth-Scopes, X-Accepted-OAuth-Scopes, X-Status
      Cache-Control:
      - private, max-age=0, s-maxage=0, no-cache, no-store
      - private, max-age=60, s-maxage=60
      Content-Length:
      - "471"
      Content-Security-Policy:
      - default-src 'none'
      Content-Type:
      - application/json
      Server:
      - nginx
      Strict-Transport-Security:
      - max-age=31536000
      Vary:
      - Authorization, X-Filter
      - Authorization, X-Filter
      X-Accepted-Oauth-Scopes:
      - events:read_only
      X-Content-Type-Options:
      - nosniff
      X-Frame-Options:
      - DENY
      - DENY
      X-Oauth-Scopes:
      - '*'
      X-Ratelimit-Limit:
      - "800"
      X-Xss-Protection:
      - 1; mode=block
    status: 200 OK
    code: 200
    duration: ""
- request:
    body: ""
    form: {}
    headers:
      Accept:
      - application/json
      Content-Type:
      - application/json
      User-Agent:
      - linodego/dev https://github.com/linode/linodego
    url: https://api.linode.com/v4beta/account/events/346123825
    method: GET
  response:
    body: '{"id": 346123825, "created": "2018-01-02T03:04:05", "seen": false, "read":
      false, "percent_complete": 26, "time_remaining": null, "rate": null, "duration":
      15.595717, "action": "linode_shutdown", "username": "lgarber-dev", "entity":
      {"label": "linodego-test-eventpoller-instancepower", "id": 37916151, "type":
      "linode", "url": "/v4/linode/instances/37916151"}, "status": "started", "secondary_entity":
      null, "message": ""}'
    headers:
      Access-Control-Allow-Credentials:
      - "true"
      Access-Control-Allow-Headers:
      - Authorization, Origin, X-Requested-With, Content-Type, Accept, X-Filter
      Access-Control-Allow-Methods:
      - HEAD, GET, OPTIONS, POST, PUT, DELETE
      Access-Control-Allow-Origin:
      - '*'
      Access-Control-Expose-Headers:
      - X-OAuth-Scopes, X-Accepted-OAuth-Scopes, X-Status
      Cache-Control:
      - private, max-age=0, s-maxage=0, no-cache, no-store
      - private, max-age=60, s-maxage=60
      Content-Length:
      - "422"
      Content-Security-Policy:
      - default-src 'none'
      Content-Type:
      - application/json
      Server:
      - nginx
      Strict-Transport-Security:
      - max-age=31536000
      Vary:
      - Authorization, X-Filter
      - Authorization, X-Filter
      X-Accepted-Oauth-Scopes:
      - events:read_only
      X-Content-Type-Options:
      - nosniff
      X-Frame-Options:
      - DENY
      - DENY
      X-Oauth-Scopes:
      - '*'
      X-Ratelimit-Limit:
      - "800"
      X-Xss-Protection:
      - 1; mode=block
    status: 200 OK
    code: 200
    duration: ""
- request:
    body: ""
    form: {}
    headers:
      Accept:
      - application/json
      Content-Type:
      - application/json
      User-Agent:
      - linodego/dev https://github.com/linode/linodego
    url: https://api.linode.com/v4beta/account/events/346123825
    method: GET
  response:
    body: '{"id": 346123825, "created": "2018-01-02T03:04:05", "seen": false, "read":
      false, "percent_complete": 100, "time_remaining": 0, "rate": null, "duration":
      20.0, "action": "linode_shutdown", "username": "lgarber-dev", "entity": {"label":
      "linodego-test-eventpoller-instancepower", "id": 37916151, "type": "linode",
      "url": "/v4/linode/instances/37916151"}, "status": "finished", "secondary_entity":
      null, "message": ""}'
    headers:
      Access-Control-Allow-Credentials:
      - "true"
      Access-Control-Allow-Headers:
      - Authorization, Origin, X-Requested-With, Content-Type, Accept, X-Filter
      Access-Control-Allow-Methods:
      - HEAD, GET, OPTIONS, POST, PUT, DELETE
      Access-Control-Allow-Origin:
      - '*'
      Access-Control-Expose-Headers:
      - X-OAuth-Scopes, X-Accepted-OAuth-Scopes, X-Status
      Cache-Control:
      - private, max-age=0, s-maxage=0, no-cache, no-store
      - private, max-age=60, s-maxage=60
      Content-Length:
      - "416"
      Content-Security-Policy:
      - default-src 'none'
      Content-Type:
      - application/json
      Server:
      - nginx
      Strict-Transport-Security:
      - max-age=31536000
      Vary:
      - Authorization, X-Filter
      - Authorization, X-Filter
      X-Accepted-Oauth-Scopes:
      - events:read_only
      X-Content-Type-Options:
      - nosniff
      X-Frame-Options:
      - DENY
      - DENY
      X-Oauth-Scopes:
      - '*'
      X-Ratelimit-Limit:
      - "800"
      X-Xss-Protection:
      - 1; mode=block
    status: 200 OK
    code: 200
    duration: ""
- request:
    body: ""
    form: {}
    headers:
      Accept:
      - application/json
      Content-Type:
      - application/json
      User-Agent:
      - linodego/dev https://github.com/linode/linodego
    url: https://api.linode.com/v4beta/linode/instances/37916151
    method: GET
  response:
    body: '{"id": 37916151, "label": "linodego-test-eventpoller-instancepower", "group":
      "", "status": "offline", "created": "2018-01-02T03:04:05", "updated": "2018-01-02T03:04:05",
      "type": "g6-nanode-1", "ipv4": ["173.230.136.30"], "ipv6": "1234::5678/128",
      "image": "linode/ubuntu22.04", "region": "us-southeast", "specs": {"disk": 25600,
      "memory": 1024, "vcpus": 1, "gpus": 0, "transfer": 1000}, "alerts": {"cpu":
      90, "network_in": 10, "network_out": 10, "transfer_quota": 80, "io": 10000},
      "backups": {"enabled": false, "schedule": {"day": null, "window": null}, "last_successful":
      null}, "hypervisor": "kvm", "watchdog_enabled": true, "tags": []}'
    headers:
      Access-Control-Allow-Credentials:
      - "true"
      Access-Control-Allow-Headers:
      - Authorization, Origin, X-Requested-With, Content-Type, Accept, X-Filter
      Access-Control-Allow-Methods:
      - HEAD, GET, OPTIONS, POST, PUT, DELETE
      Access-Control-Allow-Origin:
      - '*'
      Access-Control-Expose-Headers:
      - X-OAuth-Scopes, X-Accepted-OAuth-Scopes, X-Status
      Cache-Control:
      - private, max-age=0, s-maxage=0, no-cache, no-store
      - private, max-age=60, s-maxage=60
      Content-Length:
      - "660"
      Content-Security-Policy:
      - default-src 'none'
      Content-Type:
      - application/json
      Server:
      - nginx
      Strict-Transport-Security:
      - max-age=31536000
      Vary:
      - Authorization, X-Filter
      - Authorization, X-Filter
      X-Accepted-Oauth-Scopes:
      - linodes:read_only
      X-Content-Type-Options:
      - nosniff
      X-Frame-Options:
      - DENY
      - DENY
      X-Oauth-Scopes:
      - '*'
      X-Ratelimit-Limit:
      - "800"
      X-Xss-Protection:
      - 1; mode=block
    status: 200 OK
    code: 200
    duration: ""
- request:
    body: ""
    form: {}
    headers:
      Accept:
      - application/json
      Content-Type:
      - application/json
      User-Agent:
      - linodego/dev https://github.com/linode/linodego
    url: https://api.linode.com/v4beta/linode/instances/37916151
    method: DELETE
  response:
    body: '{}'
    headers:
      Access-Control-Allow-Credentials:
      - "true"
      Access-Control-Allow-Headers:
      - Authorization, Origin, X-Requested-With, Content-Type, Accept, X-Filter
      Access-Control-Allow-Methods:
      - HEAD, GET, OPTIONS, POST, PUT, DELETE
      Access-Control-Allow-Origin:
      - '*'
      Access-Control-Expose-Headers:
      - X-OAuth-Scopes, X-Accepted-OAuth-Scopes, X-Status
      Cache-Control:
      - private, max-age=60, s-maxage=60
      Content-Length:
      - "2"
      Content-Security-Policy:
      - default-src 'none'
      Content-Type:
      - application/json
      Server:
      - nginx
      Strict-Transport-Security:
      - max-age=31536000
      Vary:
      - Authorization, X-Filter
      X-Accepted-Oauth-Scopes:
      - linodes:read_write
      X-Content-Type-Options:
      - nosniff
      X-Frame-Options:
      - DENY
      - DENY
      X-Oauth-Scopes:
      - '*'
      X-Ratelimit-Limit:
      - "800"
      X-Xss-Protection:
      - 1; mode=block
    status: 200 OK
    code: 200
    duration: ""
